05-12 00:47:43.158  5702  5702 D AndroidRuntime: Calling main entry com.android.commands.pm.Pm
05-12 00:47:43.179  5702  5702 I app_process: System.exit called, status: 0
05-12 00:47:43.179  5702  5702 I AndroidRuntime: VM exiting with result code 0.
05-12 00:47:43.179  5702  5728 W MessageQueue: Handler (android.os.Handler) {2f965de} sending message to a Handler on a dead thread
05-12 00:47:43.179  5702  5728 W MessageQueue: java.lang.IllegalStateException: Handler (android.os.Handler) {2f965de} sending message to a Handler on a dead thread
05-12 00:47:43.179  5702  5728 W MessageQueue: 	at android.os.MessageQueue.enqueueMessage(MessageQueue.java:545)
05-12 00:47:43.179  5702  5728 W MessageQueue: 	at android.os.Handler.enqueueMessage(Handler.java:662)
05-12 00:47:43.179  5702  5728 W MessageQueue: 	at android.os.Handler.sendMessageAtTime(Handler.java:631)
05-12 00:47:43.179  5702  5728 W MessageQueue: 	at android.os.Handler.sendMessageDelayed(Handler.java:601)
05-12 00:47:43.179  5702  5728 W MessageQueue: 	at android.os.Handler.post(Handler.java:357)
05-12 00:47:43.179  5702  5728 W MessageQueue: 	at android.os.ResultReceiver$MyResultReceiver.send(ResultReceiver.java:57)
05-12 00:47:43.179  5702  5728 W MessageQueue: 	at com.android.internal.os.IResultReceiver$Stub.onTransact(IResultReceiver.java:58)
05-12 00:47:43.179  5702  5728 W MessageQueue: 	at android.os.Binder.execTransact(Binder.java:697)
05-12 00:47:43.279   815  1337 W ActivityManager:   Force finishing activity com.yanbing.hello_jni/.MainActivity
05-12 00:47:43.351   815  1337 I ActivityManager: Killing 5705:com.yanbing.hello_jni/u0a48 (adj 199): crash
05-12 00:47:43.351   815   837 I chatty  : uid=1000(system) ActivityManager expire 12 lines
05-12 00:47:43.357   815   836 I chatty  : uid=1000(system) android.ui expire 10 lines
05-12 00:47:43.469   560   770 D audio_hw_primary: disable_audio_route: usecase(1) reset and update mixer path: low-latency-playback
05-12 00:47:43.470   815   961 W AppOps  : Finishing op nesting under-run: uid 1000 pkg android code 24 time=0 duration=0 nesting=0
05-12 00:47:43.486   560   770 D audio_hw_primary: disable_snd_device: snd_device(95: vi-feedback)
05-12 00:47:43.486   560   770 D audio_hw_primary: disable_audio_route: usecase(24) reset and update mixer path: spkr-vi-record
05-12 00:47:43.569  5736  5736 D AndroidRuntime: >>>>>> START com.android.internal.os.RuntimeInit uid 0 <<<<<<
05-12 00:47:43.670  5736  5736 I app_process: The ClassLoaderContext is a special shared library.
05-12 00:47:43.701  5736  5736 D AndroidRuntime: Calling main entry com.android.commands.pm.Pm
05-12 00:47:43.711  5736  5736 I app_process: System.exit called, status: 0
05-12 00:47:43.711  5736  5736 I AndroidRuntime: VM exiting with result code 0.
05-12 00:47:43.711  5736  5747 W MessageQueue: Handler (android.os.Handler) {2f965de} sending message to a Handler on a dead thread
05-12 00:47:43.711  5736  5747 W MessageQueue: java.lang.IllegalStateException: Handler (android.os.Handler) {2f965de} sending message to a Handler on a dead thread
05-12 00:47:43.711  5736  5747 W MessageQueue: 	at android.os.MessageQueue.enqueueMessage(MessageQueue.java:545)
05-12 00:47:43.711  5736  5747 W MessageQueue: 	at android.os.Handler.enqueueMessage(Handler.java:662)
05-12 00:47:43.711  5736  5747 W MessageQueue: 	at android.os.Handler.sendMessageAtTime(Handler.java:631)
05-12 00:47:43.711  5736  5747 W MessageQueue: 	at android.os.Handler.sendMessageDelayed(Handler.java:601)
05-12 00:47:43.711  5736  5747 W MessageQueue: 	at android.os.Handler.post(Handler.java:357)
05-12 00:47:43.711  5736  5747 W MessageQueue: 	at android.os.ResultReceiver$MyResultReceiver.send(ResultReceiver.java:57)
05-12 00:47:43.711  5736  5747 W MessageQueue: 	at com.android.internal.os.IResultReceiver$Stub.onTransact(IResultReceiver.java:58)
05-12 00:47:43.711  5736  5747 W MessageQueue: 	at android.os.Binder.execTransact(Binder.java:697)
05-12 00:47:43.745  2017  2017 D yanbing_Launcher: intent=android.intent.action.MAIN getClass=class android.content.Intent
05-12 00:47:43.745  2017  2017 D yanbing_Activity: options!=null
05-12 00:47:43.747   815  1972 I ActivityManager: START u0 {act=android.intent.action.MAIN cat=[android.intent.category.LAUNCHER] flg=0x10200000 cmp=com.yanbing.hello_jni/.MainActivity bnds=[641,478][843,756]} from uid 10015
05-12 00:47:43.750   560  2791 D audio_route: Apply path: speaker-protected
05-12 00:47:43.753   560  2791 D audio_hw_primary: enable_snd_device: snd_device(95: vi-feedback)
05-12 00:47:43.753   560  2791 D audio_route: Apply path: vi-feedback
05-12 00:47:43.753   560  2791 D audio_hw_primary: enable_audio_route: usecase(24) apply and update mixer path: spkr-vi-record
05-12 00:47:43.753   560  2791 D audio_route: Apply path: spkr-vi-record
05-12 00:47:43.771   815   832 I ActivityManager: Start proc 5752:com.yanbing.hello_jni/u0a48 for activity com.yanbing.hello_jni/.MainActivity
05-12 00:47:43.779   560  2791 D audio_hw_primary: enable_audio_route: usecase(1) apply and update mixer path: low-latency-playback
05-12 00:47:43.779   560  2791 D audio_route: Apply path: low-latency-playback
05-12 00:47:43.789  5752  5759 I zygote64: Debugger is no longer active
05-12 00:47:43.817   560  2791 E msm8974_platform: ramp_speaker_gain: Could not get ctl for mixer cmd - Left Speaker Gain or Right Speaker Gain, not applying speaker gain ramp
05-12 00:47:43.817   560  2791 D audio_hw_primary: out_write: retry previous failed cal level set
05-12 00:47:43.827  5752  5752 D AndroidRuntime: Shutting down VM
05-12 00:47:43.827  5752  5752 E AndroidRuntime: FATAL EXCEPTION: main
05-12 00:47:43.827  5752  5752 E AndroidRuntime: Process: com.yanbing.hello_jni, PID: 5752
05-12 00:47:43.827  5752  5752 E AndroidRuntime: java.lang.UnsatisfiedLinkError: dalvik.system.PathClassLoader[DexPathList[[zip file "/system/app/Hello_JNI/Hello_JNI.apk"],nativeLibraryDirectories=[/system/app/Hello_JNI/lib/arm64, /system/lib64, /vendor/lib64, /system/lib64, /vendor/lib64]]] couldn't find "libhello-jni.so"
05-12 00:47:43.827  5752  5752 E AndroidRuntime: 	at java.lang.Runtime.loadLibrary0(Runtime.java:1011)
05-12 00:47:43.827  5752  5752 E AndroidRuntime: 	at java.lang.System.loadLibrary(System.java:1657)
05-12 00:47:43.827  5752  5752 E AndroidRuntime: 	at com.yanbing.hello_jni.MainActivity.<clinit>(MainActivity.java:12)
05-12 00:47:43.827  5752  5752 E AndroidRuntime: 	at java.lang.Class.newInstance(Native Method)
05-12 00:47:43.827  5752  5752 E AndroidRuntime: 	at android.app.Instrumentation.newActivity(Instrumentation.java:1177)
05-12 00:47:43.827  5752  5752 E AndroidRuntime: 	at android.app.ActivityThread.performLaunchActivity(ActivityThread.java:2669)
05-12 00:47:43.827  5752  5752 E AndroidRuntime: 	at android.app.ActivityThread.handleLaunchActivity(ActivityThread.java:2863)
05-12 00:47:43.827  5752  5752 E AndroidRuntime: 	at android.app.ActivityThread.-wrap11(Unknown Source:0)
05-12 00:47:43.827  5752  5752 E AndroidRuntime: 	at android.app.ActivityThread$H.handleMessage(ActivityThread.java:1589)
05-12 00:47:43.827  5752  5752 E AndroidRuntime: 	at android.os.Handler.dispatchMessage(Handler.java:106)
05-12 00:47:43.827  5752  5752 E AndroidRuntime: 	at android.os.Looper.loop(Looper.java:164)
05-12 00:47:43.827  5752  5752 E AndroidRuntime: 	at android.app.ActivityThread.main(ActivityThread.java:6502)
05-12 00:47:43.827  5752  5752 E AndroidRuntime: 	at java.lang.reflect.Method.invoke(Native Method)
05-12 00:47:43.827  5752  5752 E AndroidRuntime: 	at com.android.internal.os.RuntimeInit$MethodAndArgsCaller.run(RuntimeInit.java:438)
05-12 00:47:43.827  5752  5752 E AndroidRuntime: 	at com.android.internal.os.ZygoteInit.main(ZygoteInit.java:807)
05-12 00:47:43.829   815  1972 W ActivityManager:   Force finishing activity com.yanbing.hello_jni/.MainActivity
05-12 00:47:43.834   815   836 I ActivityManager: Showing crash dialog for package com.yanbing.hello_jni u0
05-12 00:47:44.006  5751  5751 D AndroidRuntime: >>>>>> START com.android.internal.os.RuntimeInit uid 0 <<<<<<
05-12 00:47:44.112  5751  5751 I app_process: The ClassLoaderContext is a special shared library.
05-12 00:47:44.143  5751  5751 D AndroidRuntime: Calling main entry com.android.commands.pm.Pm
05-12 00:47:44.153  5751  5751 I app_process: System.exit called, status: 0
05-12 00:47:44.153  5751  5751 I AndroidRuntime: VM exiting with result code 0.
05-12 00:47:44.153  5751  5774 W MessageQueue: Handler (android.os.Handler) {59c0047} sending message to a Handler on a dead thread
05-12 00:47:44.153  5751  5774 W MessageQueue: java.lang.IllegalStateException: Handler (android.os.Handler) {59c0047} sending message to a Handler on a dead thread
05-12 00:47:44.153  5751  5774 W MessageQueue: 	at android.os.MessageQueue.enqueueMessage(MessageQueue.java:545)
05-12 00:47:44.153  5751  5774 W MessageQueue: 	at android.os.Handler.enqueueMessage(Handler.java:662)
05-12 00:47:44.153  5751  5774 W MessageQueue: 	at android.os.Handler.sendMessageAtTime(Handler.java:631)
05-12 00:47:44.153  5751  5774 W MessageQueue: 	at android.os.Handler.sendMessageDelayed(Handler.java:601)
05-12 00:47:44.153  5751  5774 W MessageQueue: 	at android.os.Handler.post(Handler.java:357)
05-12 00:47:44.153  5751  5774 W MessageQueue: 	at android.os.ResultReceiver$MyResultReceiver.send(ResultReceiver.java:57)
05-12 00:47:44.153  5751  5774 W MessageQueue: 	at com.android.internal.os.IResultReceiver$Stub.onTransact(IResultReceiver.java:58)
05-12 00:47:44.153  5751  5774 W MessageQueue: 	at android.os.Binder.execTransact(Binder.java:697)
05-12 00:47:44.183   815  1972 W ActivityManager:   Force finishing activity com.yanbing.hello_jni/.MainActivity
05-12 00:47:44.187   815  1972 I chatty  : uid=1000(system) Binder:815_B expire 3 lines
05-12 00:47:44.238   815  1972 I ActivityManager: Killing 5752:com.yanbing.hello_jni/u0a48 (adj 199): crash
05-12 00:47:44.316   560   770 D audio_hw_primary: disable_audio_route: usecase(1) reset and update mixer path: low-latency-playback
05-12 00:47:44.330   560   770 D audio_hw_primary: disable_snd_device: snd_device(95: vi-feedback)
05-12 00:47:44.330   560   770 D audio_hw_primary: disable_audio_route: usecase(24) reset and update mixer path: spkr-vi-record
05-12 00:47:44.401   815   961 W AppOps  : Finishing op nesting under-run: uid 1000 pkg android code 24 time=0 duration=0 nesting=0
05-12 00:47:44.504  5784  5784 D AndroidRuntime: >>>>>> START com.android.internal.os.RuntimeInit uid 0 <<<<<<
05-12 00:47:44.615  5784  5784 I app_process: The ClassLoaderContext is a special shared library.
05-12 00:47:44.648  5784  5784 D AndroidRuntime: Calling main entry com.android.commands.pm.Pm
05-12 00:47:44.656  5784  5784 I app_process: System.exit called, status: 0
05-12 00:47:44.656  5784  5784 I AndroidRuntime: VM exiting with result code 0.
05-12 00:47:44.657  5784  5791 W MessageQueue: Handler (android.os.Handler) {96bf074} sending message to a Handler on a dead thread
05-12 00:47:44.657  5784  5791 W MessageQueue: java.lang.IllegalStateException: Handler (android.os.Handler) {96bf074} sending message to a Handler on a dead thread
05-12 00:47:44.657  5784  5791 W MessageQueue: 	at android.os.MessageQueue.enqueueMessage(MessageQueue.java:545)
05-12 00:47:44.657  5784  5791 W MessageQueue: 	at android.os.Handler.enqueueMessage(Handler.java:662)
05-12 00:47:44.657  5784  5791 W MessageQueue: 	at android.os.Handler.sendMessageAtTime(Handler.java:631)
05-12 00:47:44.657  5784  5791 W MessageQueue: 	at android.os.Handler.sendMessageDelayed(Handler.java:601)
05-12 00:47:44.657  5784  5791 W MessageQueue: 	at android.os.Handler.post(Handler.java:357)
05-12 00:47:44.657  5784  5791 W MessageQueue: 	at android.os.ResultReceiver$MyResultReceiver.send(ResultReceiver.java:57)
05-12 00:47:44.657  5784  5791 W MessageQueue: 	at com.android.internal.os.IResultReceiver$Stub.onTransact(IResultReceiver.java:58)
05-12 00:47:44.657  5784  5791 W MessageQueue: 	at android.os.Binder.execTransact(Binder.java:697)
05-12 00:47:44.996  5795  5795 D AndroidRuntime: >>>>>> START com.android.internal.os.RuntimeInit uid 0 <<<<<<
05-12 00:47:45.120  5795  5795 I app_process: The ClassLoaderContext is a special shared library.
05-12 00:47:45.154  5795  5795 D AndroidRuntime: Calling main entry com.android.commands.pm.Pm
05-12 00:47:45.160  5795  5802 W MessageQueue: Handler (android.os.Handler) {83e9ab0} sending message to a Handler on a dead thread
05-12 00:47:45.160  5795  5802 W MessageQueue: java.lang.IllegalStateException: Handler (android.os.Handler) {83e9ab0} sending message to a Handler on a dead thread
05-12 00:47:45.160  5795  5802 W MessageQueue: 	at android.os.MessageQueue.enqueueMessage(MessageQueue.java:545)
05-12 00:47:45.160  5795  5802 W MessageQueue: 	at android.os.Handler.enqueueMessage(Handler.java:662)
05-12 00:47:45.160  5795  5802 W MessageQueue: 	at android.os.Handler.sendMessageAtTime(Handler.java:631)
05-12 00:47:45.160  5795  5802 W MessageQueue: 	at android.os.Handler.sendMessageDelayed(Handler.java:601)
05-12 00:47:45.160  5795  5802 W MessageQueue: 	at android.os.Handler.post(Handler.java:357)
05-12 00:47:45.160  5795  5802 W MessageQueue: 	at android.os.ResultReceiver$MyResultReceiver.send(ResultReceiver.java:57)
05-12 00:47:45.160  5795  5802 W MessageQueue: 	at com.android.internal.os.IResultReceiver$Stub.onTransact(IResultReceiver.java:58)
05-12 00:47:45.160  5795  5802 W MessageQueue: 	at android.os.Binder.execTransact(Binder.java:697)
05-12 00:47:45.161  5795  5795 I app_process: System.exit called, status: 0
05-12 00:47:45.161  5795  5795 I AndroidRuntime: VM exiting with result code 0.
05-12 00:47:45.219   815  1026 E TaskPersister: File error accessing recents directory (directory doesn't exist?).
05-12 00:47:45.545   815   987 I PowerManagerService: Going to sleep due to power button (uid 1000)...
05-12 00:47:45.557  1059  1166 W AudioTrack: AUDIO_OUTPUT_FLAG_FAST denied, rates do not match 44100 Hz, require 48000 Hz
05-12 00:47:45.561   560  2791 D audio_route: Apply path: speaker-protected
05-12 00:47:45.564   560  2791 D audio_hw_primary: enable_snd_device: snd_device(95: vi-feedback)
05-12 00:47:45.564   560  2791 D audio_route: Apply path: vi-feedback
05-12 00:47:45.564   560  2791 D audio_hw_primary: enable_audio_route: usecase(24) apply and update mixer path: spkr-vi-record
05-12 00:47:45.564   560  2791 D audio_route: Apply path: spkr-vi-record
05-12 00:47:45.590   560  2791 D audio_hw_primary: enable_audio_route: usecase(1) apply and update mixer path: low-latency-playback
05-12 00:47:45.590   560  2791 D audio_route: Apply path: low-latency-playback
05-12 00:47:45.627   560  2791 E msm8974_platform: ramp_speaker_gain: Could not get ctl for mixer cmd - Left Speaker Gain or Right Speaker Gain, not applying speaker gain ramp
05-12 00:47:45.627   560  2791 D audio_hw_primary: out_write: retry previous failed cal level set
05-12 00:47:46.048   815   846 I DisplayPowerController: Blocking screen off
05-12 00:47:46.051   815   846 I DisplayPowerController: Unblocked screen off after 3 ms
05-12 00:47:46.082   815   844 I DisplayManagerService: Display device changed state: "Built-in Screen", OFF
05-12 00:47:46.088   815   961 W LocalDisplayAdapter: Unable to find color mode 0, ignoring request.
05-12 00:47:46.203   815   846 I DreamManagerService: Entering dreamland.
05-12 00:47:46.205   815   846 I PowerManagerService: Dozing...
05-12 00:47:46.207   815   842 I DreamController: Starting dream: name=ComponentInfo{com.android.systemui/com.android.systemui.doze.DozeService}, isTest=false, canDoze=true, userId=0
05-12 00:47:46.211   815   842 D AutofillManagerService: Close system dialogs
05-12 00:47:46.215   560   770 D audio_hw_primary: disable_audio_route: usecase(1) reset and update mixer path: low-latency-playback
05-12 00:47:46.229   560   770 D audio_hw_primary: disable_snd_device: snd_device(95: vi-feedback)
05-12 00:47:46.229   560   770 D audio_hw_primary: disable_audio_route: usecase(24) reset and update mixer path: spkr-vi-record
05-12 00:47:46.255  1059  1059 D StatusBar: disable<e i a s b h r c s q >
05-12 00:47:46.259  1059  1059 D StatusBar: disable<e i a s b h r c s q >
05-12 00:47:46.272   815   968 I chatty  : uid=1000(system) HubConnection expire 41 lines
05-12 00:47:46.297  1059  1059 D StatusBar: disable<e i a s b h r c s q >
05-12 00:47:46.323  1059  1059 D StatusBar: disable<e i a s b h r c s q >
05-12 00:47:46.340  1059  1059 D StatusBar: disable<e i a s b H!R!c s q >
05-12 00:47:46.341  1059  1059 D StatusBar: disable<e i a s b H R c s q >
05-12 00:47:46.346  1059  1059 D StatusBar: disable<e i a s b H R c s q >
05-12 00:47:46.380  1938  2149 E NxpTml  : _i2c_write() errno : 5
05-12 00:47:46.380  1938  2149 E NxpTml  : PN54X - Error in I2C Write.....
05-12 00:47:46.380  1938  2155 E NxpHal  : write error status = 0x1ff
05-12 00:47:46.380  1938  2130 E NxpHal  : write_unlocked failed - PN54X Maybe in Standby Mode - Retry
05-12 00:48:36.159   815   834 I UsageStatsService: User[0] Flushing usage stats to disk
05-12 00:51:44.307   815   987 I PowerManagerService: Waking up from dozing (uid=1000 reason=android.policy:POWER)...
05-12 00:51:44.314   815   846 I DisplayPowerController: Blocking screen on until initial contents have been drawn.
05-12 00:51:44.322   815   844 I DisplayManagerService: Display device changed state: "Built-in Screen", ON
05-12 00:51:44.323   416   416 D qdhwcomposer: hwc_setPowerMode: Setting mode 2 on display: 0
05-12 00:51:44.324   815   961 W LocalDisplayAdapter: Unable to find color mode 0, ignoring request.
05-12 00:51:44.333  1059  1059 D StatusBar: disable<e i a s b H R c s q >
05-12 00:51:44.333  1059  1059 D StatusBar: disable<e i a s b H R c s q >
05-12 00:51:44.374  1938  2149 E NxpTml  : _i2c_write() errno : 5
05-12 00:51:44.374  1938  2149 E NxpTml  : PN54X - Error in I2C Write.....
05-12 00:51:44.374  1938  2155 E NxpHal  : write error status = 0x1ff
05-12 00:51:44.374  1938  2130 E NxpHal  : write_unlocked failed - PN54X Maybe in Standby Mode - Retry
05-12 00:51:44.540   416   479 I qdhwcomposer: handle_blank_event: dpy:0 panel power state: 1
05-12 00:51:44.540   416   416 D qdhwcomposer: hwc_setPowerMode: Done setting mode 2 on display 0
05-12 00:51:44.555   815   846 I DisplayPowerController: Unblocked screen on after 240 ms
05-12 00:51:44.556   815   846 W PowerManagerService: Screen on took 254 ms
05-12 00:51:44.556   815   846 I DreamManagerService: Gently waking up from dream.
05-12 00:51:44.557   815   842 I DreamManagerService: Performing gentle wake from dream.
05-12 00:51:44.567   815  1105 I DreamManagerService: Leaving dreamland.
05-12 00:51:44.567   815   842 I DreamManagerService: Performing gentle wake from dream.
05-12 00:51:44.568   815   842 I DreamController: Stopping dream: name=ComponentInfo{com.android.systemui/com.android.systemui.doze.DozeService}, isTest=false, canDoze=true, userId=0
05-12 00:51:45.346  1059  1059 D StatusBar: disable<e i a s b H R c s q >
05-12 00:51:45.424  1059  1059 D StatusBar: disable<e i a s b H R c s q >
05-12 00:51:45.424  1059  1166 W AudioTrack: AUDIO_OUTPUT_FLAG_FAST denied, rates do not match 44100 Hz, require 48000 Hz
05-12 00:51:45.428   560  2791 D audio_route: Apply path: speaker-protected
05-12 00:51:45.433   560  2791 D audio_hw_primary: enable_snd_device: snd_device(95: vi-feedback)
05-12 00:51:45.433   560  2791 D audio_route: Apply path: vi-feedback
05-12 00:51:45.433   560  2791 D audio_hw_primary: enable_audio_route: usecase(24) apply and update mixer path: spkr-vi-record
05-12 00:51:45.433   560  2791 D audio_route: Apply path: spkr-vi-record
05-12 00:51:45.442  1938  2149 E NxpTml  : _i2c_write() errno : 5
05-12 00:51:45.442  1938  2149 E NxpTml  : PN54X - Error in I2C Write.....
05-12 00:51:45.443  1938  2155 E NxpHal  : write error status = 0x1ff
05-12 00:51:45.443  1938  2130 E NxpHal  : write_unlocked failed - PN54X Maybe in Standby Mode - Retry
05-12 00:51:45.456  1059  1059 D StatusBar: disable<e i a s b h!r!c s q >
05-12 00:51:45.459   560  2791 D audio_hw_primary: enable_audio_route: usecase(1) apply and update mixer path: low-latency-playback
05-12 00:51:45.459   560  2791 D audio_route: Apply path: low-latency-playback
05-12 00:51:45.465  1938  5828 D NfcService: Discovery configuration equal, not updating.
05-12 00:51:45.497   560  2791 E msm8974_platform: ramp_speaker_gain: Could not get ctl for mixer cmd - Left Speaker Gain or Right Speaker Gain, not applying speaker gain ramp
05-12 00:51:45.497   560  2791 D audio_hw_primary: out_write: retry previous failed cal level set
05-12 00:51:45.927  2017  2190 W OpenGLRenderer: Incorrectly called buildLayer on View: ShortcutAndWidgetContainer, destroying layer...
05-12 00:51:46.042   560   770 D audio_hw_primary: disable_audio_route: usecase(1) reset and update mixer path: low-latency-playback
05-12 00:51:46.056   560   770 D audio_hw_primary: disable_snd_device: snd_device(95: vi-feedback)
05-12 00:51:46.056   560   770 D audio_hw_primary: disable_audio_route: usecase(24) reset and update mixer path: spkr-vi-record
05-12 00:51:47.089  2017  2017 D yanbing_Launcher: intent=android.intent.action.MAIN getClass=class android.content.Intent
05-12 00:51:47.090  2017  2017 D yanbing_Activity: options!=null
05-12 00:51:47.093   815  1337 I ActivityManager: START u0 {act=android.intent.action.MAIN cat=[android.intent.category.LAUNCHER] flg=0x10200000 cmp=com.yanbing.hello_jni/.MainActivity bnds=[641,478][843,756]} from uid 10015
05-12 00:51:47.099   560  2791 D audio_route: Apply path: speaker-protected
05-12 00:51:47.113   560  2791 D audio_hw_primary: enable_snd_device: snd_device(95: vi-feedback)
05-12 00:51:47.113   560  2791 D audio_route: Apply path: vi-feedback
05-12 00:51:47.113   560  2791 D audio_hw_primary: enable_audio_route: usecase(24) apply and update mixer path: spkr-vi-record
05-12 00:51:47.113   560  2791 D audio_route: Apply path: spkr-vi-record
05-12 00:51:47.130   815  1191 I ActivityManager: Start proc 5841:com.yanbing.hello_jni/u0a48 for activity com.yanbing.hello_jni/.MainActivity
05-12 00:51:47.139   560  2791 D audio_hw_primary: enable_audio_route: usecase(1) apply and update mixer path: low-latency-playback
05-12 00:51:47.139   560  2791 D audio_route: Apply path: low-latency-playback
05-12 00:51:47.177   560  2791 E msm8974_platform: ramp_speaker_gain: Could not get ctl for mixer cmd - Left Speaker Gain or Right Speaker Gain, not applying speaker gain ramp
05-12 00:51:47.177   560  2791 D audio_hw_primary: out_write: retry previous failed cal level set
05-12 00:51:47.192  5841  5841 D AndroidRuntime: Shutting down VM
05-12 00:51:47.192  5841  5841 E AndroidRuntime: FATAL EXCEPTION: main
05-12 00:51:47.192  5841  5841 E AndroidRuntime: Process: com.yanbing.hello_jni, PID: 5841
05-12 00:51:47.192  5841  5841 E AndroidRuntime: java.lang.UnsatisfiedLinkError: dalvik.system.PathClassLoader[DexPathList[[zip file "/system/app/Hello_JNI/Hello_JNI.apk"],nativeLibraryDirectories=[/system/app/Hello_JNI/lib/arm64, /system/lib64, /vendor/lib64, /system/lib64, /vendor/lib64]]] couldn't find "libhello-jni.so"
05-12 00:51:47.192  5841  5841 E AndroidRuntime: 	at java.lang.Runtime.loadLibrary0(Runtime.java:1011)
05-12 00:51:47.192  5841  5841 E AndroidRuntime: 	at java.lang.System.loadLibrary(System.java:1657)
05-12 00:51:47.192  5841  5841 E AndroidRuntime: 	at com.yanbing.hello_jni.MainActivity.<clinit>(MainActivity.java:12)
05-12 00:51:47.192  5841  5841 E AndroidRuntime: 	at java.lang.Class.newInstance(Native Method)
05-12 00:51:47.192  5841  5841 E AndroidRuntime: 	at android.app.Instrumentation.newActivity(Instrumentation.java:1177)
05-12 00:51:47.192  5841  5841 E AndroidRuntime: 	at android.app.ActivityThread.performLaunchActivity(ActivityThread.java:2669)
05-12 00:51:47.192  5841  5841 E AndroidRuntime: 	at android.app.ActivityThread.handleLaunchActivity(ActivityThread.java:2863)
05-12 00:51:47.192  5841  5841 E AndroidRuntime: 	at android.app.ActivityThread.-wrap11(Unknown Source:0)
05-12 00:51:47.192  5841  5841 E AndroidRuntime: 	at android.app.ActivityThread$H.handleMessage(ActivityThread.java:1589)
05-12 00:51:47.192  5841  5841 E AndroidRuntime: 	at android.os.Handler.dispatchMessage(Handler.java:106)
05-12 00:51:47.192  5841  5841 E AndroidRuntime: 	at android.os.Looper.loop(Looper.java:164)
05-12 00:51:47.192  5841  5841 E AndroidRuntime: 	at android.app.ActivityThread.main(ActivityThread.java:6502)
05-12 00:51:47.192  5841  5841 E AndroidRuntime: 	at java.lang.reflect.Method.invoke(Native Method)
05-12 00:51:47.192  5841  5841 E AndroidRuntime: 	at com.android.internal.os.RuntimeInit$MethodAndArgsCaller.run(RuntimeInit.java:438)
05-12 00:51:47.192  5841  5841 E AndroidRuntime: 	at com.android.internal.os.ZygoteInit.main(ZygoteInit.java:807)
05-12 00:51:47.195   815  1337 W ActivityManager:   Force finishing activity com.yanbing.hello_jni/.MainActivity
05-12 00:51:47.199   815   836 I ActivityManager: Showing crash dialog for package com.yanbing.hello_jni u0
05-12 00:51:47.464  5861  5861 D AndroidRuntime: >>>>>> START com.android.internal.os.RuntimeInit uid 0 <<<<<<
05-12 00:51:47.575  5861  5861 I app_process: The ClassLoaderContext is a special shared library.
05-12 00:51:47.608  5861  5861 D AndroidRuntime: Calling main entry com.android.commands.pm.Pm
05-12 00:51:47.616  5861  5861 I app_process: System.exit called, status: 0
05-12 00:51:47.616  5861  5861 I AndroidRuntime: VM exiting with result code 0.
05-12 00:51:47.678   560   770 D audio_hw_primary: disable_audio_route: usecase(1) reset and update mixer path: low-latency-playback
05-12 00:51:47.691   560   770 D audio_hw_primary: disable_snd_device: snd_device(95: vi-feedback)
05-12 00:51:47.691   560   770 D audio_hw_primary: disable_audio_route: usecase(24) reset and update mixer path: spkr-vi-record
05-12 00:51:47.697   815   835 W ActivityManager: Activity pause timeout for ActivityRecord{14cac71 u0 com.yanbing.hello_jni/.MainActivity t16 f}
05-12 00:51:47.744  2017  2027 I zygote64: Do partial code cache collection, code=29KB, data=21KB
05-12 00:51:47.745  2017  2027 I zygote64: After code cache collection, code=29KB, data=21KB
05-12 00:51:47.745  2017  2027 I zygote64: Increasing code cache capacity to 128KB
05-12 00:51:47.917   815  1337 W ActivityManager:   Force finishing activity com.yanbing.hello_jni/.MainActivity
05-12 00:51:47.918   815  1337 I ActivityManager: Killing 5841:com.yanbing.hello_jni/u0a48 (adj 900): crash
05-12 00:51:47.947  5873  5873 D AndroidRuntime: >>>>>> START com.android.internal.os.RuntimeInit uid 0 <<<<<<
05-12 00:51:48.056  5873  5873 I app_process: The ClassLoaderContext is a special shared library.
05-12 00:51:48.088  5873  5873 D AndroidRuntime: Calling main entry com.android.commands.pm.Pm
05-12 00:51:48.099  5873  5873 I app_process: System.exit called, status: 0
05-12 00:51:48.099  5873  5873 I AndroidRuntime: VM exiting with result code 0.
05-12 00:51:48.140   815   961 W AppOps  : Finishing op nesting under-run: uid 1000 pkg android code 24 time=0 duration=0 nesting=0
05-12 00:51:48.500  2017  2017 D yanbing_Launcher: intent=android.intent.action.MAIN getClass=class android.content.Intent
05-12 00:51:48.500  2017  2017 D yanbing_Activity: options!=null
05-12 00:51:48.501   815  1191 I ActivityManager: START u0 {act=android.intent.action.MAIN cat=[android.intent.category.LAUNCHER] flg=0x10200000 cmp=com.yanbing.hello_jni/.MainActivity bnds=[641,478][843,756]} from uid 10015
05-12 00:51:48.504   560  2791 D audio_route: Apply path: speaker-protected
05-12 00:51:48.506   560  2791 D audio_hw_primary: enable_snd_device: snd_device(95: vi-feedback)
05-12 00:51:48.506   560  2791 D audio_route: Apply path: vi-feedback
05-12 00:51:48.506   560  2791 D audio_hw_primary: enable_audio_route: usecase(24) apply and update mixer path: spkr-vi-record
05-12 00:51:48.506   560  2791 D audio_route: Apply path: spkr-vi-record
05-12 00:51:48.525   815  1972 I ActivityManager: Start proc 5889:com.yanbing.hello_jni/u0a48 for activity com.yanbing.hello_jni/.MainActivity
05-12 00:51:48.533   560  2791 D audio_hw_primary: enable_audio_route: usecase(1) apply and update mixer path: low-latency-playback
05-12 00:51:48.533   560  2791 D audio_route: Apply path: low-latency-playback
05-12 00:51:48.572   560  2791 E msm8974_platform: ramp_speaker_gain: Could not get ctl for mixer cmd - Left Speaker Gain or Right Speaker Gain, not applying speaker gain ramp
05-12 00:51:48.573   560  2791 D audio_hw_primary: out_write: retry previous failed cal level set
05-12 00:51:48.592  5889  5889 D AndroidRuntime: Shutting down VM
05-12 00:51:48.593  5889  5889 E AndroidRuntime: FATAL EXCEPTION: main
05-12 00:51:48.593  5889  5889 E AndroidRuntime: Process: com.yanbing.hello_jni, PID: 5889
05-12 00:51:48.593  5889  5889 E AndroidRuntime: java.lang.UnsatisfiedLinkError: dalvik.system.PathClassLoader[DexPathList[[zip file "/system/app/Hello_JNI/Hello_JNI.apk"],nativeLibraryDirectories=[/system/app/Hello_JNI/lib/arm64, /system/lib64, /vendor/lib64, /system/lib64, /vendor/lib64]]] couldn't find "libhello-jni.so"
05-12 00:51:48.593  5889  5889 E AndroidRuntime: 	at java.lang.Runtime.loadLibrary0(Runtime.java:1011)
05-12 00:51:48.593  5889  5889 E AndroidRuntime: 	at java.lang.System.loadLibrary(System.java:1657)
05-12 00:51:48.593  5889  5889 E AndroidRuntime: 	at com.yanbing.hello_jni.MainActivity.<clinit>(MainActivity.java:12)
05-12 00:51:48.593  5889  5889 E AndroidRuntime: 	at java.lang.Class.newInstance(Native Method)
05-12 00:51:48.593  5889  5889 E AndroidRuntime: 	at android.app.Instrumentation.newActivity(Instrumentation.java:1177)
05-12 00:51:48.593  5889  5889 E AndroidRuntime: 	at android.app.ActivityThread.performLaunchActivity(ActivityThread.java:2669)
05-12 00:51:48.593  5889  5889 E AndroidRuntime: 	at android.app.ActivityThread.handleLaunchActivity(ActivityThread.java:2863)
05-12 00:51:48.593  5889  5889 E AndroidRuntime: 	at android.app.ActivityThread.-wrap11(Unknown Source:0)
05-12 00:51:48.593  5889  5889 E AndroidRuntime: 	at android.app.ActivityThread$H.handleMessage(ActivityThread.java:1589)
05-12 00:51:48.593  5889  5889 E AndroidRuntime: 	at android.os.Handler.dispatchMessage(Handler.java:106)
05-12 00:51:48.593  5889  5889 E AndroidRuntime: 	at android.os.Looper.loop(Looper.java:164)
05-12 00:51:48.593  5889  5889 E AndroidRuntime: 	at android.app.ActivityThread.main(ActivityThread.java:6502)
05-12 00:51:48.593  5889  5889 E AndroidRuntime: 	at java.lang.reflect.Method.invoke(Native Method)
05-12 00:51:48.593  5889  5889 E AndroidRuntime: 	at com.android.internal.os.RuntimeInit$MethodAndArgsCaller.run(RuntimeInit.java:438)
05-12 00:51:48.593  5889  5889 E AndroidRuntime: 	at com.android.internal.os.ZygoteInit.main(ZygoteInit.java:807)
05-12 00:51:48.595   815  1191 W ActivityManager:   Force finishing activity com.yanbing.hello_jni/.MainActivity
05-12 00:51:48.601   815   836 I ActivityManager: Showing crash dialog for package com.yanbing.hello_jni u0
05-12 00:51:48.875  5908  5908 D AndroidRuntime: >>>>>> START com.android.internal.os.RuntimeInit uid 0 <<<<<<
05-12 00:51:48.993  5908  5908 I app_process: The ClassLoaderContext is a special shared library.
05-12 00:51:49.031  5908  5908 D AndroidRuntime: Calling main entry com.android.commands.pm.Pm
05-12 00:51:49.052  5908  5908 I app_process: System.exit called, status: 0
05-12 00:51:49.052  5908  5908 I AndroidRuntime: VM exiting with result code 0.
05-12 00:51:49.056  5908  5917 W MessageQueue: Handler (android.os.Handler) {8972c5b} sending message to a Handler on a dead thread
05-12 00:51:49.056  5908  5917 W MessageQueue: java.lang.IllegalStateException: Handler (android.os.Handler) {8972c5b} sending message to a Handler on a dead thread
05-12 00:51:49.056  5908  5917 W MessageQueue: 	at android.os.MessageQueue.enqueueMessage(MessageQueue.java:545)
05-12 00:51:49.056  5908  5917 W MessageQueue: 	at android.os.Handler.enqueueMessage(Handler.java:662)
05-12 00:51:49.056  5908  5917 W MessageQueue: 	at android.os.Handler.sendMessageAtTime(Handler.java:631)
05-12 00:51:49.056  5908  5917 W MessageQueue: 	at android.os.Handler.sendMessageDelayed(Handler.java:601)
05-12 00:51:49.056  5908  5917 W MessageQueue: 	at android.os.Handler.post(Handler.java:357)
05-12 00:51:49.056  5908  5917 W MessageQueue: 	at android.os.ResultReceiver$MyResultReceiver.send(ResultReceiver.java:57)
05-12 00:51:49.056  5908  5917 W MessageQueue: 	at com.android.internal.os.IResultReceiver$Stub.onTransact(IResultReceiver.java:58)
05-12 00:51:49.056  5908  5917 W MessageQueue: 	at android.os.Binder.execTransact(Binder.java:697)
05-12 00:51:49.085   560   770 D audio_hw_primary: disable_audio_route: usecase(1) reset and update mixer path: low-latency-playback
05-12 00:51:49.098   815   835 W ActivityManager: Activity pause timeout for ActivityRecord{96bb6 u0 com.yanbing.hello_jni/.MainActivity t17 f}
05-12 00:51:49.099   560   770 D audio_hw_primary: disable_snd_device: snd_device(95: vi-feedback)
05-12 00:51:49.099   560   770 D audio_hw_primary: disable_audio_route: usecase(24) reset and update mixer path: spkr-vi-record
05-12 00:51:49.136   815  1191 W ActivityManager:   Force finishing activity com.yanbing.hello_jni/.MainActivity
05-12 00:51:49.177   815  1191 I ActivityManager: Killing 5889:com.yanbing.hello_jni/u0a48 (adj 900): crash
05-12 00:51:49.335   815   961 W AppOps  : Finishing op nesting under-run: uid 1000 pkg android code 24 time=0 duration=0 nesting=0
05-12 00:51:49.369  5921  5921 D AndroidRuntime: >>>>>> START com.android.internal.os.RuntimeInit uid 0 <<<<<<
05-12 00:51:49.474  5921  5921 I app_process: The ClassLoaderContext is a special shared library.
05-12 00:51:49.505  5921  5921 D AndroidRuntime: Calling main entry com.android.commands.pm.Pm
05-12 00:51:49.519  5921  5921 I app_process: System.exit called, status: 0
05-12 00:51:49.519  5921  5921 I AndroidRuntime: VM exiting with result code 0.
05-12 00:51:49.520  5921  5931 W MessageQueue: Handler (android.os.Handler) {b39c6c4} sending message to a Handler on a dead thread
05-12 00:51:49.520  5921  5931 W MessageQueue: java.lang.IllegalStateException: Handler (android.os.Handler) {b39c6c4} sending message to a Handler on a dead thread
05-12 00:51:49.520  5921  5931 W MessageQueue: 	at android.os.MessageQueue.enqueueMessage(MessageQueue.java:545)
05-12 00:51:49.520  5921  5931 W MessageQueue: 	at android.os.Handler.enqueueMessage(Handler.java:662)
05-12 00:51:49.520  5921  5931 W MessageQueue: 	at android.os.Handler.sendMessageAtTime(Handler.java:631)
05-12 00:51:49.520  5921  5931 W MessageQueue: 	at android.os.Handler.sendMessageDelayed(Handler.java:601)
05-12 00:51:49.520  5921  5931 W MessageQueue: 	at android.os.Handler.post(Handler.java:357)
05-12 00:51:49.520  5921  5931 W MessageQueue: 	at android.os.ResultReceiver$MyResultReceiver.send(ResultReceiver.java:57)
05-12 00:51:49.520  5921  5931 W MessageQueue: 	at com.android.internal.os.IResultReceiver$Stub.onTransact(IResultReceiver.java:58)
05-12 00:51:49.520  5921  5931 W MessageQueue: 	at android.os.Binder.execTransact(Binder.java:697)
05-12 00:51:49.612  2017  2017 D yanbing_Launcher: intent=android.intent.action.MAIN getClass=class android.content.Intent
05-12 00:51:49.612  2017  2017 D yanbing_Activity: options!=null
05-12 00:51:49.613   815  1337 I ActivityManager: START u0 {act=android.intent.action.MAIN cat=[android.intent.category.LAUNCHER] flg=0x10200000 cmp=com.yanbing.hello_jni/.MainActivity bnds=[641,478][843,756]} from uid 10015
05-12 00:51:49.615   560  2791 D audio_route: Apply path: speaker-protected
05-12 00:51:49.620   560  2791 D audio_hw_primary: enable_snd_device: snd_device(95: vi-feedback)
05-12 00:51:49.620   560  2791 D audio_route: Apply path: vi-feedback
05-12 00:51:49.620   560  2791 D audio_hw_primary: enable_audio_route: usecase(24) apply and update mixer path: spkr-vi-record
05-12 00:51:49.620   560  2791 D audio_route: Apply path: spkr-vi-record
05-12 00:51:49.637   815  1105 I ActivityManager: Start proc 5937:com.yanbing.hello_jni/u0a48 for activity com.yanbing.hello_jni/.MainActivity
05-12 00:51:49.645   560  2791 D audio_hw_primary: enable_audio_route: usecase(1) apply and update mixer path: low-latency-playback
05-12 00:51:49.645   560  2791 D audio_route: Apply path: low-latency-playback
05-12 00:51:49.653  5937  5944 E zygote64: Failed writing handshake bytes (-1 of 14): Broken pipe
05-12 00:51:49.653  5937  5944 I zygote64: Debugger is no longer active
05-12 00:51:49.682   560  2791 E msm8974_platform: ramp_speaker_gain: Could not get ctl for mixer cmd - Left Speaker Gain or Right Speaker Gain, not applying speaker gain ramp
05-12 00:51:49.682   560  2791 D audio_hw_primary: out_write: retry previous failed cal level set
05-12 00:51:49.704  5937  5937 D AndroidRuntime: Shutting down VM
05-12 00:51:49.705  5937  5937 E AndroidRuntime: FATAL EXCEPTION: main
05-12 00:51:49.705  5937  5937 E AndroidRuntime: Process: com.yanbing.hello_jni, PID: 5937
05-12 00:51:49.705  5937  5937 E AndroidRuntime: java.lang.UnsatisfiedLinkError: dalvik.system.PathClassLoader[DexPathList[[zip file "/system/app/Hello_JNI/Hello_JNI.apk"],nativeLibraryDirectories=[/system/app/Hello_JNI/lib/arm64, /system/lib64, /vendor/lib64, /system/lib64, /vendor/lib64]]] couldn't find "libhello-jni.so"
05-12 00:51:49.705  5937  5937 E AndroidRuntime: 	at java.lang.Runtime.loadLibrary0(Runtime.java:1011)
05-12 00:51:49.705  5937  5937 E AndroidRuntime: 	at java.lang.System.loadLibrary(System.java:1657)
05-12 00:51:49.705  5937  5937 E AndroidRuntime: 	at com.yanbing.hello_jni.MainActivity.<clinit>(MainActivity.java:12)
05-12 00:51:49.705  5937  5937 E AndroidRuntime: 	at java.lang.Class.newInstance(Native Method)
05-12 00:51:49.705  5937  5937 E AndroidRuntime: 	at android.app.Instrumentation.newActivity(Instrumentation.java:1177)
05-12 00:51:49.705  5937  5937 E AndroidRuntime: 	at android.app.ActivityThread.performLaunchActivity(ActivityThread.java:2669)
05-12 00:51:49.705  5937  5937 E AndroidRuntime: 	at android.app.ActivityThread.handleLaunchActivity(ActivityThread.java:2863)
05-12 00:51:49.705  5937  5937 E AndroidRuntime: 	at android.app.ActivityThread.-wrap11(Unknown Source:0)
05-12 00:51:49.705  5937  5937 E AndroidRuntime: 	at android.app.ActivityThread$H.handleMessage(ActivityThread.java:1589)
05-12 00:51:49.705  5937  5937 E AndroidRuntime: 	at android.os.Handler.dispatchMessage(Handler.java:106)
05-12 00:51:49.705  5937  5937 E AndroidRuntime: 	at android.os.Looper.loop(Looper.java:164)
05-12 00:51:49.705  5937  5937 E AndroidRuntime: 	at android.app.ActivityThread.main(ActivityThread.java:6502)
05-12 00:51:49.705  5937  5937 E AndroidRuntime: 	at java.lang.reflect.Method.invoke(Native Method)
05-12 00:51:49.705  5937  5937 E AndroidRuntime: 	at com.android.internal.os.RuntimeInit$MethodAndArgsCaller.run(RuntimeInit.java:438)
05-12 00:51:49.705  5937  5937 E AndroidRuntime: 	at com.android.internal.os.ZygoteInit.main(ZygoteInit.java:807)
05-12 00:51:49.708   815  1337 W ActivityManager:   Force finishing activity com.yanbing.hello_jni/.MainActivity
05-12 00:51:49.713   815   836 I ActivityManager: Showing crash dialog for package com.yanbing.hello_jni u0
05-12 00:51:49.977  5956  5956 D AndroidRuntime: >>>>>> START com.android.internal.os.RuntimeInit uid 0 <<<<<<
05-12 00:51:50.057   815  1337 W ActivityManager:   Force finishing activity com.yanbing.hello_jni/.MainActivity
05-12 00:51:50.092  5956  5956 I app_process: The ClassLoaderContext is a special shared library.
05-12 00:51:50.110   815  1337 I ActivityManager: Killing 5937:com.yanbing.hello_jni/u0a48 (adj 199): crash
05-12 00:51:50.111   815   837 I chatty  : uid=1000(system) ActivityManager expire 17 lines
05-12 00:51:50.131  5956  5956 D AndroidRuntime: Calling main entry com.android.commands.pm.Pm
05-12 00:51:50.145  5956  5956 I app_process: System.exit called, status: 0
05-12 00:51:50.145  5956  5956 I AndroidRuntime: VM exiting with result code 0.
05-12 00:51:50.147  5956  5969 W MessageQueue: Handler (android.os.Handler) {b39c6c4} sending message to a Handler on a dead thread
05-12 00:51:50.147  5956  5969 W MessageQueue: java.lang.IllegalStateException: Handler (android.os.Handler) {b39c6c4} sending message to a Handler on a dead thread
05-12 00:51:50.147  5956  5969 W MessageQueue: 	at android.os.MessageQueue.enqueueMessage(MessageQueue.java:545)
05-12 00:51:50.147  5956  5969 W MessageQueue: 	at android.os.Handler.enqueueMessage(Handler.java:662)
05-12 00:51:50.147  5956  5969 W MessageQueue: 	at android.os.Handler.sendMessageAtTime(Handler.java:631)
05-12 00:51:50.147  5956  5969 W MessageQueue: 	at android.os.Handler.sendMessageDelayed(Handler.java:601)
05-12 00:51:50.147  5956  5969 W MessageQueue: 	at android.os.Handler.post(Handler.java:357)
05-12 00:51:50.147  5956  5969 W MessageQueue: 	at android.os.ResultReceiver$MyResultReceiver.send(ResultReceiver.java:57)
05-12 00:51:50.147  5956  5969 W MessageQueue: 	at com.android.internal.os.IResultReceiver$Stub.onTransact(IResultReceiver.java:58)
05-12 00:51:50.147  5956  5969 W MessageQueue: 	at android.os.Binder.execTransact(Binder.java:697)
05-12 00:51:50.190   560   770 D audio_hw_primary: disable_audio_route: usecase(1) reset and update mixer path: low-latency-playback
05-12 00:51:50.205   560   770 D audio_hw_primary: disable_snd_device: snd_device(95: vi-feedback)
05-12 00:51:50.205   560   770 D audio_hw_primary: disable_audio_route: usecase(24) reset and update mixer path: spkr-vi-record
05-12 00:51:50.269   815   961 W AppOps  : Finishing op nesting under-run: uid 1000 pkg android code 24 time=0 duration=0 nesting=0
05-12 00:51:50.446  5973  5973 D AndroidRuntime: >>>>>> START com.android.internal.os.RuntimeInit uid 0 <<<<<<
05-12 00:51:50.548  5973  5973 I app_process: The ClassLoaderContext is a special shared library.
05-12 00:51:50.579  5973  5973 D AndroidRuntime: Calling main entry com.android.commands.pm.Pm
05-12 00:51:50.587  5973  5973 I app_process: System.exit called, status: 0
05-12 00:51:50.588  5973  5973 I AndroidRuntime: VM exiting with result code 0.
05-12 00:51:51.761   815  1026 E TaskPersister: File error accessing recents directory (directory doesn't exist?).
05-12 00:51:58.495  2017  2017 D yanbing_Launcher: intent=android.intent.action.MAIN getClass=class android.content.Intent
05-12 00:51:58.495  2017  2017 D yanbing_Activity: options!=null
05-12 00:51:58.497   815   832 I ActivityManager: START u0 {act=android.intent.action.MAIN cat=[android.intent.category.LAUNCHER] flg=0x10200000 cmp=com.yanbing.hello_jni/.MainActivity bnds=[641,478][843,756]} from uid 10015
05-12 00:51:58.500   560  2791 D audio_route: Apply path: speaker-protected
05-12 00:51:58.510   560  2791 D audio_hw_primary: enable_snd_device: snd_device(95: vi-feedback)
05-12 00:51:58.510   560  2791 D audio_route: Apply path: vi-feedback
05-12 00:51:58.510   560  2791 D audio_hw_primary: enable_audio_route: usecase(24) apply and update mixer path: spkr-vi-record
05-12 00:51:58.510   560  2791 D audio_route: Apply path: spkr-vi-record
05-12 00:51:58.530   815  1074 I ActivityManager: Start proc 5991:com.yanbing.hello_jni/u0a48 for activity com.yanbing.hello_jni/.MainActivity
05-12 00:51:58.535   560  2791 D audio_hw_primary: enable_audio_route: usecase(1) apply and update mixer path: low-latency-playback
05-12 00:51:58.535   560  2791 D audio_route: Apply path: low-latency-playback
05-12 00:51:58.575   560  2791 E msm8974_platform: ramp_speaker_gain: Could not get ctl for mixer cmd - Left Speaker Gain or Right Speaker Gain, not applying speaker gain ramp
05-12 00:51:58.575   560  2791 D audio_hw_primary: out_write: retry previous failed cal level set
05-12 00:51:58.590  5991  5991 D AndroidRuntime: Shutting down VM
05-12 00:51:58.590  5991  5991 E AndroidRuntime: FATAL EXCEPTION: main
05-12 00:51:58.590  5991  5991 E AndroidRuntime: Process: com.yanbing.hello_jni, PID: 5991
05-12 00:51:58.590  5991  5991 E AndroidRuntime: java.lang.UnsatisfiedLinkError: dalvik.system.PathClassLoader[DexPathList[[zip file "/system/app/Hello_JNI/Hello_JNI.apk"],nativeLibraryDirectories=[/system/app/Hello_JNI/lib/arm64, /system/lib64, /vendor/lib64, /system/lib64, /vendor/lib64]]] couldn't find "libhello-jni.so"
05-12 00:51:58.590  5991  5991 E AndroidRuntime: 	at java.lang.Runtime.loadLibrary0(Runtime.java:1011)
05-12 00:51:58.590  5991  5991 E AndroidRuntime: 	at java.lang.System.loadLibrary(System.java:1657)
05-12 00:51:58.590  5991  5991 E AndroidRuntime: 	at com.yanbing.hello_jni.MainActivity.<clinit>(MainActivity.java:12)
05-12 00:51:58.590  5991  5991 E AndroidRuntime: 	at java.lang.Class.newInstance(Native Method)
05-12 00:51:58.590  5991  5991 E AndroidRuntime: 	at android.app.Instrumentation.newActivity(Instrumentation.java:1177)
05-12 00:51:58.590  5991  5991 E AndroidRuntime: 	at android.app.ActivityThread.performLaunchActivity(ActivityThread.java:2669)
05-12 00:51:58.590  5991  5991 E AndroidRuntime: 	at android.app.ActivityThread.handleLaunchActivity(ActivityThread.java:2863)
05-12 00:51:58.590  5991  5991 E AndroidRuntime: 	at android.app.ActivityThread.-wrap11(Unknown Source:0)
05-12 00:51:58.590  5991  5991 E AndroidRuntime: 	at android.app.ActivityThread$H.handleMessage(ActivityThread.java:1589)
05-12 00:51:58.590  5991  5991 E AndroidRuntime: 	at android.os.Handler.dispatchMessage(Handler.java:106)
05-12 00:51:58.590  5991  5991 E AndroidRuntime: 	at android.os.Looper.loop(Looper.java:164)
05-12 00:51:58.590  5991  5991 E AndroidRuntime: 	at android.app.ActivityThread.main(ActivityThread.java:6502)
05-12 00:51:58.590  5991  5991 E AndroidRuntime: 	at java.lang.reflect.Method.invoke(Native Method)
05-12 00:51:58.590  5991  5991 E AndroidRuntime: 	at com.android.internal.os.RuntimeInit$MethodAndArgsCaller.run(RuntimeInit.java:438)
05-12 00:51:58.590  5991  5991 E AndroidRuntime: 	at com.android.internal.os.ZygoteInit.main(ZygoteInit.java:807)
05-12 00:51:58.593   815  1200 W ActivityManager:   Force finishing activity com.yanbing.hello_jni/.MainActivity
05-12 00:51:58.599   815   836 I ActivityManager: Showing crash dialog for package com.yanbing.hello_jni u0
05-12 00:51:58.633   815  1269 I chatty  : uid=1000(system) RenderThread expire 11 lines
05-12 00:51:58.873  6009  6009 D AndroidRuntime: >>>>>> START com.android.internal.os.RuntimeInit uid 0 <<<<<<
05-12 00:51:58.942  5481  5481 I chatty  : uid=1000(system) /system/bin/ATFWD-daemon expire 18 lines
05-12 00:51:58.998  6009  6009 I app_process: The ClassLoaderContext is a special shared library.
05-12 00:51:59.033  6009  6009 D AndroidRuntime: Calling main entry com.android.commands.pm.Pm
05-12 00:51:59.047  6009  6009 I app_process: System.exit called, status: 0
05-12 00:51:59.047  6009  6009 I AndroidRuntime: VM exiting with result code 0.
05-12 00:51:59.047  6009  6019 W MessageQueue: Handler (android.os.Handler) {2f13475} sending message to a Handler on a dead thread
05-12 00:51:59.047  6009  6019 W MessageQueue: java.lang.IllegalStateException: Handler (android.os.Handler) {2f13475} sending message to a Handler on a dead thread
05-12 00:51:59.047  6009  6019 W MessageQueue: 	at android.os.MessageQueue.enqueueMessage(MessageQueue.java:545)
05-12 00:51:59.047  6009  6019 W MessageQueue: 	at android.os.Handler.enqueueMessage(Handler.java:662)
05-12 00:51:59.047  6009  6019 W MessageQueue: 	at android.os.Handler.sendMessageAtTime(Handler.java:631)
05-12 00:51:59.047  6009  6019 W MessageQueue: 	at android.os.Handler.sendMessageDelayed(Handler.java:601)
05-12 00:51:59.047  6009  6019 W MessageQueue: 	at android.os.Handler.post(Handler.java:357)
05-12 00:51:59.047  6009  6019 W MessageQueue: 	at android.os.ResultReceiver$MyResultReceiver.send(ResultReceiver.java:57)
05-12 00:51:59.047  6009  6019 W MessageQueue: 	at com.android.internal.os.IResultReceiver$Stub.onTransact(IResultReceiver.java:58)
05-12 00:51:59.047  6009  6019 W MessageQueue: 	at android.os.Binder.execTransact(Binder.java:697)
05-12 00:51:59.082   560   770 D audio_hw_primary: disable_audio_route: usecase(1) reset and update mixer path: low-latency-playback
05-12 00:51:59.095   815   835 W ActivityManager: Activity pause timeout for ActivityRecord{f854620 u0 com.yanbing.hello_jni/.MainActivity t19 f}
05-12 00:51:59.100   560   770 D audio_hw_primary: disable_snd_device: snd_device(95: vi-feedback)
05-12 00:51:59.100   560   770 D audio_hw_primary: disable_audio_route: usecase(24) reset and update mixer path: spkr-vi-record
05-12 00:51:59.237   815  1200 W ActivityManager:   Force finishing activity com.yanbing.hello_jni/.MainActivity
05-12 00:51:59.238   815  1200 I ActivityManager: Killing 5991:com.yanbing.hello_jni/u0a48 (adj 900): crash
05-12 00:51:59.331  6023  6023 D AndroidRuntime: >>>>>> START com.android.internal.os.RuntimeInit uid 0 <<<<<<
05-12 00:51:59.444  6023  6023 I app_process: The ClassLoaderContext is a special shared library.
05-12 00:51:59.461   815   961 W AppOps  : Finishing op nesting under-run: uid 1000 pkg android code 24 time=0 duration=0 nesting=0
05-12 00:51:59.476  6023  6023 D AndroidRuntime: Calling main entry com.android.commands.pm.Pm
05-12 00:51:59.482  6023  6033 W MessageQueue: Handler (android.os.Handler) {593cede} sending message to a Handler on a dead thread
05-12 00:51:59.482  6023  6033 W MessageQueue: java.lang.IllegalStateException: Handler (android.os.Handler) {593cede} sending message to a Handler on a dead thread
05-12 00:51:59.482  6023  6033 W MessageQueue: 	at android.os.MessageQueue.enqueueMessage(MessageQueue.java:545)
05-12 00:51:59.482  6023  6033 W MessageQueue: 	at android.os.Handler.enqueueMessage(Handler.java:662)
05-12 00:51:59.482  6023  6033 W MessageQueue: 	at android.os.Handler.sendMessageAtTime(Handler.java:631)
05-12 00:51:59.482  6023  6033 W MessageQueue: 	at android.os.Handler.sendMessageDelayed(Handler.java:601)
