05-12 00:40:00.252  5399  5406 W MessageQueue: 	at android.os.MessageQueue.enqueueMessage(MessageQueue.java:545)
05-12 00:40:00.252  5399  5406 W MessageQueue: 	at android.os.Handler.enqueueMessage(Handler.java:662)
05-12 00:40:00.252  5399  5406 W MessageQueue: 	at android.os.Handler.sendMessageAtTime(Handler.java:631)
05-12 00:40:00.252  5399  5406 W MessageQueue: 	at android.os.Handler.sendMessageDelayed(Handler.java:601)
05-12 00:40:00.252  5399  5406 W MessageQueue: 	at android.os.Handler.post(Handler.java:357)
05-12 00:40:00.252  5399  5406 W MessageQueue: 	at android.os.ResultReceiver$MyResultReceiver.send(ResultReceiver.java:57)
05-12 00:40:00.252  5399  5406 W MessageQueue: 	at com.android.internal.os.IResultReceiver$Stub.onTransact(IResultReceiver.java:58)
05-12 00:40:00.252  5399  5406 W MessageQueue: 	at android.os.Binder.execTransact(Binder.java:697)
05-12 00:40:00.708  5414  5414 D AndroidRuntime: >>>>>> START com.android.internal.os.RuntimeInit uid 0 <<<<<<
05-12 00:40:00.837  5414  5414 I app_process: The ClassLoaderContext is a special shared library.
05-12 00:40:00.882  5414  5414 D AndroidRuntime: Calling main entry com.android.commands.pm.Pm
05-12 00:40:00.917  5414  5414 I app_process: System.exit called, status: 0
05-12 00:40:00.917  5414  5414 I AndroidRuntime: VM exiting with result code 0.
05-12 00:40:00.922  5414  5422 W MessageQueue: Handler (android.os.Handler) {ee421f7} sending message to a Handler on a dead thread
05-12 00:40:00.922  5414  5422 W MessageQueue: java.lang.IllegalStateException: Handler (android.os.Handler) {ee421f7} sending message to a Handler on a dead thread
05-12 00:40:00.922  5414  5422 W MessageQueue: 	at android.os.MessageQueue.enqueueMessage(MessageQueue.java:545)
05-12 00:40:00.922  5414  5422 W MessageQueue: 	at android.os.Handler.enqueueMessage(Handler.java:662)
05-12 00:40:00.922  5414  5422 W MessageQueue: 	at android.os.Handler.sendMessageAtTime(Handler.java:631)
05-12 00:40:00.922  5414  5422 W MessageQueue: 	at android.os.Handler.sendMessageDelayed(Handler.java:601)
05-12 00:40:00.922  5414  5422 W MessageQueue: 	at android.os.Handler.post(Handler.java:357)
05-12 00:40:00.922  5414  5422 W MessageQueue: 	at android.os.ResultReceiver$MyResultReceiver.send(ResultReceiver.java:57)
05-12 00:40:00.922  5414  5422 W MessageQueue: 	at com.android.internal.os.IResultReceiver$Stub.onTransact(IResultReceiver.java:58)
05-12 00:40:00.922  5414  5422 W MessageQueue: 	at android.os.Binder.execTransact(Binder.java:697)
05-12 00:40:01.375  5429  5429 D AndroidRuntime: >>>>>> START com.android.internal.os.RuntimeInit uid 0 <<<<<<
05-12 00:40:01.498  5429  5429 I app_process: The ClassLoaderContext is a special shared library.
05-12 00:40:01.536  5429  5429 D AndroidRuntime: Calling main entry com.android.commands.pm.Pm
05-12 00:40:01.551  5429  5429 I app_process: System.exit called, status: 0
05-12 00:40:01.551  5429  5429 I AndroidRuntime: VM exiting with result code 0.
05-12 00:40:01.557  5429  5437 W MessageQueue: Handler (android.os.Handler) {186bc60} sending message to a Handler on a dead thread
05-12 00:40:01.557  5429  5437 W MessageQueue: java.lang.IllegalStateException: Handler (android.os.Handler) {186bc60} sending message to a Handler on a dead thread
05-12 00:40:01.557  5429  5437 W MessageQueue: 	at android.os.MessageQueue.enqueueMessage(MessageQueue.java:545)
05-12 00:40:01.557  5429  5437 W MessageQueue: 	at android.os.Handler.enqueueMessage(Handler.java:662)
05-12 00:40:01.557  5429  5437 W MessageQueue: 	at android.os.Handler.sendMessageAtTime(Handler.java:631)
05-12 00:40:01.557  5429  5437 W MessageQueue: 	at android.os.Handler.sendMessageDelayed(Handler.java:601)
05-12 00:40:01.557  5429  5437 W MessageQueue: 	at android.os.Handler.post(Handler.java:357)
05-12 00:40:01.557  5429  5437 W MessageQueue: 	at android.os.ResultReceiver$MyResultReceiver.send(ResultReceiver.java:57)
05-12 00:40:01.557  5429  5437 W MessageQueue: 	at com.android.internal.os.IResultReceiver$Stub.onTransact(IResultReceiver.java:58)
05-12 00:40:01.557  5429  5437 W MessageQueue: 	at android.os.Binder.execTransact(Binder.java:697)
05-12 00:40:01.994  5444  5444 D AndroidRuntime: >>>>>> START com.android.internal.os.RuntimeInit uid 0 <<<<<<
05-12 00:40:02.115  5444  5444 I app_process: The ClassLoaderContext is a special shared library.
05-12 00:40:02.156  5444  5444 D AndroidRuntime: Calling main entry com.android.commands.pm.Pm
05-12 00:40:02.179  5444  5444 I app_process: System.exit called, status: 0
05-12 00:40:02.179  5444  5444 I AndroidRuntime: VM exiting with result code 0.
05-12 00:40:02.184  5444  5452 W MessageQueue: Handler (android.os.Handler) {186bc60} sending message to a Handler on a dead thread
05-12 00:40:02.184  5444  5452 W MessageQueue: java.lang.IllegalStateException: Handler (android.os.Handler) {186bc60} sending message to a Handler on a dead thread
05-12 00:40:02.184  5444  5452 W MessageQueue: 	at android.os.MessageQueue.enqueueMessage(MessageQueue.java:545)
05-12 00:40:02.184  5444  5452 W MessageQueue: 	at android.os.Handler.enqueueMessage(Handler.java:662)
05-12 00:40:02.184  5444  5452 W MessageQueue: 	at android.os.Handler.sendMessageAtTime(Handler.java:631)
05-12 00:40:02.184  5444  5452 W MessageQueue: 	at android.os.Handler.sendMessageDelayed(Handler.java:601)
05-12 00:40:02.184  5444  5452 W MessageQueue: 	at android.os.Handler.post(Handler.java:357)
05-12 00:40:02.184  5444  5452 W MessageQueue: 	at android.os.ResultReceiver$MyResultReceiver.send(ResultReceiver.java:57)
05-12 00:40:02.184  5444  5452 W MessageQueue: 	at com.android.internal.os.IResultReceiver$Stub.onTransact(IResultReceiver.java:58)
05-12 00:40:02.184  5444  5452 W MessageQueue: 	at android.os.Binder.execTransact(Binder.java:697)
05-12 00:40:02.616  5459  5459 D AndroidRuntime: >>>>>> START com.android.internal.os.RuntimeInit uid 0 <<<<<<
05-12 00:40:02.743  5459  5459 I app_process: The ClassLoaderContext is a special shared library.
05-12 00:40:02.780  5459  5459 D AndroidRuntime: Calling main entry com.android.commands.pm.Pm
05-12 00:40:02.812  5459  5459 I app_process: System.exit called, status: 0
05-12 00:40:02.812  5459  5459 I AndroidRuntime: VM exiting with result code 0.
05-12 00:40:02.823  5459  5466 W MessageQueue: Handler (android.os.Handler) {42956c9} sending message to a Handler on a dead thread
05-12 00:40:02.823  5459  5466 W MessageQueue: java.lang.IllegalStateException: Handler (android.os.Handler) {42956c9} sending message to a Handler on a dead thread
05-12 00:40:02.823  5459  5466 W MessageQueue: 	at android.os.MessageQueue.enqueueMessage(MessageQueue.java:545)
05-12 00:40:02.823  5459  5466 W MessageQueue: 	at android.os.Handler.enqueueMessage(Handler.java:662)
05-12 00:40:02.823  5459  5466 W MessageQueue: 	at android.os.Handler.sendMessageAtTime(Handler.java:631)
05-12 00:40:02.823  5459  5466 W MessageQueue: 	at android.os.Handler.sendMessageDelayed(Handler.java:601)
05-12 00:40:02.823  5459  5466 W MessageQueue: 	at android.os.Handler.post(Handler.java:357)
05-12 00:40:02.823  5459  5466 W MessageQueue: 	at android.os.ResultReceiver$MyResultReceiver.send(ResultReceiver.java:57)
05-12 00:40:02.823  5459  5466 W MessageQueue: 	at com.android.internal.os.IResultReceiver$Stub.onTransact(IResultReceiver.java:58)
05-12 00:40:02.823  5459  5466 W MessageQueue: 	at android.os.Binder.execTransact(Binder.java:697)
05-12 00:40:10.491  4648  4648 I chatty  : uid=1000(system) /system/bin/ATFWD-daemon expire 10 lines
05-12 00:40:15.505   815   846 I PowerManagerService: Going to sleep due to screen timeout (uid 1000)...
05-12 00:40:16.016   815   846 I DisplayPowerController: Blocking screen off
05-12 00:40:16.016   815   846 I DisplayPowerController: Unblocked screen off after 1 ms
05-12 00:40:16.046   815   844 I DisplayManagerService: Display device changed state: "Built-in Screen", OFF
05-12 00:40:16.051   815   961 W LocalDisplayAdapter: Unable to find color mode 0, ignoring request.
05-12 00:40:16.200   815   846 I DreamManagerService: Entering dreamland.
05-12 00:40:16.201   815   846 I PowerManagerService: Dozing...
05-12 00:40:16.204   815   842 I DreamController: Starting dream: name=ComponentInfo{com.android.systemui/com.android.systemui.doze.DozeService}, isTest=false, canDoze=true, userId=0
05-12 00:40:16.214   815   842 D AutofillManagerService: Close system dialogs
05-12 00:40:16.273  1059  1059 D StatusBar: disable<e i a s b h r c s q >
05-12 00:40:16.279  1059  1059 D StatusBar: disable<e i a s b h r c s q >
05-12 00:40:16.320  1059  1059 D StatusBar: disable<e i a s b h r c s q >
05-12 00:40:16.346  1059  1059 D StatusBar: disable<e i a s b h r c s q >
05-12 00:40:16.381  1938  2149 E NxpTml  : _i2c_write() errno : 5
05-12 00:40:16.382  1938  2149 E NxpTml  : PN54X - Error in I2C Write.....
05-12 00:40:16.382  1938  2155 E NxpHal  : write error status = 0x1ff
05-12 00:40:16.382  1938  2130 E NxpHal  : write_unlocked failed - PN54X Maybe in Standby Mode - Retry
05-12 00:40:20.549  1059  1059 D StatusBar: disable<e i a s b h r c s q >
05-12 00:40:20.564  1059  1059 D StatusBar: disable<e i a s b h r c s q >
05-12 00:40:20.596  1059  1059 D StatusBar: disable<e i a s b H!R!c s q >
05-12 00:41:17.130   815   968 I chatty  : uid=1000(system) HubConnection expire 34 lines
05-12 00:41:17.524  4648  4648 I chatty  : uid=1000(system) /system/bin/ATFWD-daemon expire 43 lines
05-12 00:45:01.636  4648  4648 I ServiceManager: Waiting for service AtCmdFwd...
05-12 00:45:02.639  4648  4648 W Atfwd_Sendcmd: AtCmdFwd service not published, waiting... retryCnt : 1
05-12 00:45:07.641  4648  4648 I ServiceManager: Waiting for service AtCmdFwd...
05-12 00:45:10.648  4648  4648 I ServiceManager: Waiting for service AtCmdFwd...
05-12 00:45:11.650  4648  4648 W Atfwd_Sendcmd: AtCmdFwd service not published, waiting... retryCnt : 2
05-12 00:45:21.652  4648  4648 I ServiceManager: Waiting for service AtCmdFwd...
05-12 00:45:24.659  4648  4648 I ServiceManager: Waiting for service AtCmdFwd...
05-12 00:45:25.661  4648  4648 W Atfwd_Sendcmd: AtCmdFwd service not published, waiting... retryCnt : 3
05-12 00:45:40.663  4648  4648 I ServiceManager: Waiting for service AtCmdFwd...
05-12 00:45:42.668  4648  4648 I chatty  : uid=1000(system) /system/bin/ATFWD-daemon identical 4 lines
05-12 00:45:43.670  4648  4648 I ServiceManager: Waiting for service AtCmdFwd...
05-12 00:45:44.672  4648  4648 W Atfwd_Sendcmd: AtCmdFwd service not published, waiting... retryCnt : 4
05-12 00:46:04.674  4648  4648 I ServiceManager: Waiting for service AtCmdFwd...
05-12 00:46:07.682  4648  4648 I ServiceManager: Waiting for service AtCmdFwd...
05-12 00:46:08.684  4648  4648 W Atfwd_Sendcmd: AtCmdFwd service not published, waiting... retryCnt : 5
05-12 00:46:33.685  4648  4648 I Atfwd_Sendcmd: AtCmdFwd service not ready - Exhausted retry attempts - :6
05-12 00:46:33.686  4648  4648 I Atfwd_Daemon: result : -1 	 ,Init step :2 	 ,qmiErrorCode: 0
05-12 00:46:58.697  4648  4651 E QC-QMI  : qmi_client [4648] 9: failed to locate client data
05-12 00:46:58.700   552   552 E QC-QMI  : qmuxd: RX on fd=15 returned error=0 errno[2:No such file or directory]
05-12 00:46:58.700   552   552 E QC-QMI  : QMUX qmux_client_id=9 not found in qmux client list, unable to remove
05-12 00:46:58.702  4648  4648 I Atfwd_Daemon: Stop the daemon....
05-12 00:46:58.783  5481  5481 I Atfwd_Daemon: result : 255 	 ,Init step :0 	 ,qmiErrorCode: 0
05-12 00:46:58.784  5481  5481 I Atfwd_Daemon: result : 0 	 ,Init step :1 	 ,qmiErrorCode: 0
05-12 00:46:58.785  5481  5481 I ServiceManager: Waiting for service AtCmdFwd...
05-12 00:46:59.787  5481  5481 I ServiceManager: Waiting for service AtCmdFwd...
05-12 00:47:00.789  5481  5481 I chatty  : uid=1000(system) /system/bin/ATFWD-daemon identical 13 lines
05-12 00:47:34.643   815   846 I DisplayPowerController: Blocking screen on until initial contents have been drawn.
05-12 00:47:34.645   815   844 I DisplayManagerService: Display device changed state: "Built-in Screen", ON
05-12 00:47:34.653   815   961 W LocalDisplayAdapter: Unable to find color mode 0, ignoring request.
05-12 00:47:34.665   815   968 I chatty  : uid=1000(system) HubConnection expire 12 lines
05-12 00:47:34.711   815   846 I DisplayPowerController: Unblocked screen on after 68 ms
05-12 00:47:36.363   815   987 I PowerManagerService: Waking up from dozing (uid=1000 reason=android.policy:POWER)...
05-12 00:47:36.380   815   846 I DreamManagerService: Gently waking up from dream.
05-12 00:47:36.380   815   842 I DreamManagerService: Performing gentle wake from dream.
05-12 00:47:36.400  1059  1059 D StatusBar: disable<e i a s b H R c s q >
05-12 00:47:36.400  1059  1059 D StatusBar: disable<e i a s b H R c s q >
05-12 00:47:36.408   815  1968 I DreamManagerService: Leaving dreamland.
05-12 00:47:36.409   815   842 I DreamManagerService: Performing gentle wake from dream.
05-12 00:47:36.409   815   842 I DreamController: Stopping dream: name=ComponentInfo{com.android.systemui/com.android.systemui.doze.DozeService}, isTest=false, canDoze=true, userId=0
05-12 00:47:36.426  1938  2149 E NxpTml  : _i2c_write() errno : 5
05-12 00:47:36.426  1938  2149 E NxpTml  : PN54X - Error in I2C Write.....
05-12 00:47:36.426  1938  2155 E NxpHal  : write error status = 0x1ff
05-12 00:47:36.426  1938  2130 E NxpHal  : write_unlocked failed - PN54X Maybe in Standby Mode - Retry
05-12 00:47:37.385  1059  1059 D StatusBar: disable<e i a s b H R c s q >
05-12 00:47:37.449  1059  1059 I chatty  : uid=10026(com.android.systemui) identical 11 lines
05-12 00:47:37.450  1059  1059 D StatusBar: disable<e i a s b H R c s q >
05-12 00:47:37.451   560  2791 D audio_route: Apply path: speaker-protected
05-12 00:47:37.456   560  2791 D audio_hw_primary: enable_snd_device: snd_device(95: vi-feedback)
05-12 00:47:37.456   560  2791 D audio_route: Apply path: vi-feedback
05-12 00:47:37.456   560  2791 D audio_hw_primary: enable_audio_route: usecase(24) apply and update mixer path: spkr-vi-record
05-12 00:47:37.456   560  2791 D audio_route: Apply path: spkr-vi-record
05-12 00:47:37.467  1938  2149 E NxpTml  : _i2c_write() errno : 5
05-12 00:47:37.468  1938  2149 E NxpTml  : PN54X - Error in I2C Write.....
05-12 00:47:37.468  1938  2155 E NxpHal  : write error status = 0x1ff
05-12 00:47:37.468  1938  2130 E NxpHal  : write_unlocked failed - PN54X Maybe in Standby Mode - Retry
05-12 00:47:37.481   560  2791 D audio_hw_primary: enable_audio_route: usecase(1) apply and update mixer path: low-latency-playback
05-12 00:47:37.481   560  2791 D audio_route: Apply path: low-latency-playback
05-12 00:47:37.485  1059  1059 D StatusBar: disable<e i a s b h!r!c s q >
05-12 00:47:37.499  1938  5503 D NfcService: Discovery configuration equal, not updating.
05-12 00:47:37.519   560  2791 E msm8974_platform: ramp_speaker_gain: Could not get ctl for mixer cmd - Left Speaker Gain or Right Speaker Gain, not applying speaker gain ramp
05-12 00:47:37.519   560  2791 D audio_hw_primary: out_write: retry previous failed cal level set
05-12 00:47:37.952  2017  2190 W OpenGLRenderer: Incorrectly called buildLayer on View: ShortcutAndWidgetContainer, destroying layer...
05-12 00:47:38.070   560   770 D audio_hw_primary: disable_audio_route: usecase(1) reset and update mixer path: low-latency-playback
05-12 00:47:38.083   560   770 D audio_hw_primary: disable_snd_device: snd_device(95: vi-feedback)
05-12 00:47:38.083   560   770 D audio_hw_primary: disable_audio_route: usecase(24) reset and update mixer path: spkr-vi-record
05-12 00:47:38.950  2017  2017 D yanbing_Launcher: intent=android.intent.action.MAIN getClass=class android.content.Intent
05-12 00:47:38.950  2017  2017 D yanbing_Activity: options!=null
05-12 00:47:38.953   815  1074 I ActivityManager: START u0 {act=android.intent.action.MAIN cat=[android.intent.category.LAUNCHER] flg=0x10200000 cmp=com.yanbing.hello_jni/.MainActivity bnds=[641,478][843,756]} from uid 10015
05-12 00:47:38.955   560  2791 D audio_route: Apply path: speaker-protected
05-12 00:47:38.957   560  2791 D audio_hw_primary: enable_snd_device: snd_device(95: vi-feedback)
05-12 00:47:38.958   560  2791 D audio_route: Apply path: vi-feedback
05-12 00:47:38.958   560  2791 D audio_hw_primary: enable_audio_route: usecase(24) apply and update mixer path: spkr-vi-record
05-12 00:47:38.958   560  2791 D audio_route: Apply path: spkr-vi-record
05-12 00:47:38.983   815  1968 I ActivityManager: Start proc 5519:com.yanbing.hello_jni/u0a48 for activity com.yanbing.hello_jni/.MainActivity
05-12 00:47:38.994   560  2791 D audio_hw_primary: enable_audio_route: usecase(1) apply and update mixer path: low-latency-playback
05-12 00:47:38.994   560  2791 D audio_route: Apply path: low-latency-playback
05-12 00:47:39.031   560  2791 E msm8974_platform: ramp_speaker_gain: Could not get ctl for mixer cmd - Left Speaker Gain or Right Speaker Gain, not applying speaker gain ramp
05-12 00:47:39.031   560  2791 D audio_hw_primary: out_write: retry previous failed cal level set
05-12 00:47:39.042  5519  5519 D AndroidRuntime: Shutting down VM
05-12 00:47:39.043  5519  5519 E AndroidRuntime: FATAL EXCEPTION: main
05-12 00:47:39.043  5519  5519 E AndroidRuntime: Process: com.yanbing.hello_jni, PID: 5519
05-12 00:47:39.043  5519  5519 E AndroidRuntime: java.lang.UnsatisfiedLinkError: dalvik.system.PathClassLoader[DexPathList[[zip file "/system/app/Hello_JNI/Hello_JNI.apk"],nativeLibraryDirectories=[/system/app/Hello_JNI/lib/arm64, /system/lib64, /vendor/lib64, /system/lib64, /vendor/lib64]]] couldn't find "libhello-jni.so"
05-12 00:47:39.043  5519  5519 E AndroidRuntime: 	at java.lang.Runtime.loadLibrary0(Runtime.java:1011)
05-12 00:47:39.043  5519  5519 E AndroidRuntime: 	at java.lang.System.loadLibrary(System.java:1657)
05-12 00:47:39.043  5519  5519 E AndroidRuntime: 	at com.yanbing.hello_jni.MainActivity.<clinit>(MainActivity.java:12)
05-12 00:47:39.043  5519  5519 E AndroidRuntime: 	at java.lang.Class.newInstance(Native Method)
05-12 00:47:39.043  5519  5519 E AndroidRuntime: 	at android.app.Instrumentation.newActivity(Instrumentation.java:1177)
05-12 00:47:39.043  5519  5519 E AndroidRuntime: 	at android.app.ActivityThread.performLaunchActivity(ActivityThread.java:2669)
05-12 00:47:39.043  5519  5519 E AndroidRuntime: 	at android.app.ActivityThread.handleLaunchActivity(ActivityThread.java:2863)
05-12 00:47:39.043  5519  5519 E AndroidRuntime: 	at android.app.ActivityThread.-wrap11(Unknown Source:0)
05-12 00:47:39.043  5519  5519 E AndroidRuntime: 	at android.app.ActivityThread$H.handleMessage(ActivityThread.java:1589)
05-12 00:47:39.043  5519  5519 E AndroidRuntime: 	at android.os.Handler.dispatchMessage(Handler.java:106)
05-12 00:47:39.043  5519  5519 E AndroidRuntime: 	at android.os.Looper.loop(Looper.java:164)
05-12 00:47:39.043  5519  5519 E AndroidRuntime: 	at android.app.ActivityThread.main(ActivityThread.java:6502)
05-12 00:47:39.043  5519  5519 E AndroidRuntime: 	at java.lang.reflect.Method.invoke(Native Method)
05-12 00:47:39.043  5519  5519 E AndroidRuntime: 	at com.android.internal.os.RuntimeInit$MethodAndArgsCaller.run(RuntimeInit.java:438)
05-12 00:47:39.043  5519  5519 E AndroidRuntime: 	at com.android.internal.os.ZygoteInit.main(ZygoteInit.java:807)
05-12 00:47:39.045   815  1074 W ActivityManager:   Force finishing activity com.yanbing.hello_jni/.MainActivity
05-12 00:47:39.049   815   836 I ActivityManager: Showing crash dialog for package com.yanbing.hello_jni u0
05-12 00:47:39.325  5539  5539 D AndroidRuntime: >>>>>> START com.android.internal.os.RuntimeInit uid 0 <<<<<<
05-12 00:47:39.447  5539  5539 I app_process: The ClassLoaderContext is a special shared library.
05-12 00:47:39.482  5539  5539 D AndroidRuntime: Calling main entry com.android.commands.pm.Pm
05-12 00:47:39.492  5539  5547 W MessageQueue: Handler (android.os.Handler) {86efc3a} sending message to a Handler on a dead thread
05-12 00:47:39.492  5539  5547 W MessageQueue: java.lang.IllegalStateException: Handler (android.os.Handler) {86efc3a} sending message to a Handler on a dead thread
05-12 00:47:39.492  5539  5547 W MessageQueue: 	at android.os.MessageQueue.enqueueMessage(MessageQueue.java:545)
05-12 00:47:39.492  5539  5547 W MessageQueue: 	at android.os.Handler.enqueueMessage(Handler.java:662)
05-12 00:47:39.492  5539  5547 W MessageQueue: 	at android.os.Handler.sendMessageAtTime(Handler.java:631)
05-12 00:47:39.492  5539  5547 W MessageQueue: 	at android.os.Handler.sendMessageDelayed(Handler.java:601)
05-12 00:47:39.492  5539  5547 W MessageQueue: 	at android.os.Handler.post(Handler.java:357)
05-12 00:47:39.492  5539  5547 W MessageQueue: 	at android.os.ResultReceiver$MyResultReceiver.send(ResultReceiver.java:57)
05-12 00:47:39.492  5539  5547 W MessageQueue: 	at com.android.internal.os.IResultReceiver$Stub.onTransact(IResultReceiver.java:58)
05-12 00:47:39.492  5539  5547 W MessageQueue: 	at android.os.Binder.execTransact(Binder.java:697)
05-12 00:47:39.492  5539  5539 I app_process: System.exit called, status: 0
05-12 00:47:39.492  5539  5539 I AndroidRuntime: VM exiting with result code 0.
05-12 00:47:39.532   560   770 D audio_hw_primary: disable_audio_route: usecase(1) reset and update mixer path: low-latency-playback
05-12 00:47:39.546   560   770 D audio_hw_primary: disable_snd_device: snd_device(95: vi-feedback)
05-12 00:47:39.546   560   770 D audio_hw_primary: disable_audio_route: usecase(24) reset and update mixer path: spkr-vi-record
05-12 00:47:39.547   815   835 W ActivityManager: Activity pause timeout for ActivityRecord{98c4790 u0 com.yanbing.hello_jni/.MainActivity t10 f}
05-12 00:47:39.694   815  1074 W ActivityManager:   Force finishing activity com.yanbing.hello_jni/.MainActivity
05-12 00:47:39.716   815  1074 I ActivityManager: Killing 5519:com.yanbing.hello_jni/u0a48 (adj 900): crash
05-12 00:47:39.801  5551  5551 D AndroidRuntime: >>>>>> START com.android.internal.os.RuntimeInit uid 0 <<<<<<
05-12 00:47:39.909  5551  5551 I app_process: The ClassLoaderContext is a special shared library.
05-12 00:47:39.917   815   961 W AppOps  : Finishing op nesting under-run: uid 1000 pkg android code 24 time=0 duration=0 nesting=0
05-12 00:47:39.942  5551  5551 D AndroidRuntime: Calling main entry com.android.commands.pm.Pm
05-12 00:47:39.947  5551  5561 W MessageQueue: Handler (android.os.Handler) {86efc3a} sending message to a Handler on a dead thread
05-12 00:47:39.947  5551  5561 W MessageQueue: java.lang.IllegalStateException: Handler (android.os.Handler) {86efc3a} sending message to a Handler on a dead thread
05-12 00:47:39.947  5551  5561 W MessageQueue: 	at android.os.MessageQueue.enqueueMessage(MessageQueue.java:545)
05-12 00:47:39.947  5551  5561 W MessageQueue: 	at android.os.Handler.enqueueMessage(Handler.java:662)
05-12 00:47:39.947  5551  5561 W MessageQueue: 	at android.os.Handler.sendMessageAtTime(Handler.java:631)
05-12 00:47:39.947  5551  5561 W MessageQueue: 	at android.os.Handler.sendMessageDelayed(Handler.java:601)
05-12 00:47:39.947  5551  5561 W MessageQueue: 	at android.os.Handler.post(Handler.java:357)
05-12 00:47:39.947  5551  5561 W MessageQueue: 	at android.os.ResultReceiver$MyResultReceiver.send(ResultReceiver.java:57)
05-12 00:47:39.947  5551  5561 W MessageQueue: 	at com.android.internal.os.IResultReceiver$Stub.onTransact(IResultReceiver.java:58)
05-12 00:47:39.947  5551  5561 W MessageQueue: 	at android.os.Binder.execTransact(Binder.java:697)
05-12 00:47:39.947  5551  5551 I app_process: System.exit called, status: 0
05-12 00:47:39.948  5551  5551 I AndroidRuntime: VM exiting with result code 0.
05-12 00:47:40.127  2017  2017 D yanbing_Launcher: intent=android.intent.action.MAIN getClass=class android.content.Intent
05-12 00:47:40.127  2017  2017 D yanbing_Activity: options!=null
05-12 00:47:40.129   815  1337 I ActivityManager: START u0 {act=android.intent.action.MAIN cat=[android.intent.category.LAUNCHER] flg=0x10200000 cmp=com.yanbing.hello_jni/.MainActivity bnds=[641,478][843,756]} from uid 10015
05-12 00:47:40.131   560  2791 D audio_route: Apply path: speaker-protected
05-12 00:47:40.133   560  2791 D audio_hw_primary: enable_snd_device: snd_device(95: vi-feedback)
05-12 00:47:40.133   560  2791 D audio_route: Apply path: vi-feedback
05-12 00:47:40.133   560  2791 D audio_hw_primary: enable_audio_route: usecase(24) apply and update mixer path: spkr-vi-record
05-12 00:47:40.133   560  2791 D audio_route: Apply path: spkr-vi-record
05-12 00:47:40.154   815  1968 I ActivityManager: Start proc 5567:com.yanbing.hello_jni/u0a48 for activity com.yanbing.hello_jni/.MainActivity
05-12 00:47:40.161   560  2791 D audio_hw_primary: enable_audio_route: usecase(1) apply and update mixer path: low-latency-playback
05-12 00:47:40.161   560  2791 D audio_route: Apply path: low-latency-playback
05-12 00:47:40.201   560  2791 E msm8974_platform: ramp_speaker_gain: Could not get ctl for mixer cmd - Left Speaker Gain or Right Speaker Gain, not applying speaker gain ramp
05-12 00:47:40.201   560  2791 D audio_hw_primary: out_write: retry previous failed cal level set
05-12 00:47:40.229  5567  5567 D AndroidRuntime: Shutting down VM
05-12 00:47:40.230  5567  5567 E AndroidRuntime: FATAL EXCEPTION: main
05-12 00:47:40.230  5567  5567 E AndroidRuntime: Process: com.yanbing.hello_jni, PID: 5567
05-12 00:47:40.230  5567  5567 E AndroidRuntime: java.lang.UnsatisfiedLinkError: dalvik.system.PathClassLoader[DexPathList[[zip file "/system/app/Hello_JNI/Hello_JNI.apk"],nativeLibraryDirectories=[/system/app/Hello_JNI/lib/arm64, /system/lib64, /vendor/lib64, /system/lib64, /vendor/lib64]]] couldn't find "libhello-jni.so"
05-12 00:47:40.230  5567  5567 E AndroidRuntime: 	at java.lang.Runtime.loadLibrary0(Runtime.java:1011)
05-12 00:47:40.230  5567  5567 E AndroidRuntime: 	at java.lang.System.loadLibrary(System.java:1657)
05-12 00:47:40.230  5567  5567 E AndroidRuntime: 	at com.yanbing.hello_jni.MainActivity.<clinit>(MainActivity.java:12)
05-12 00:47:40.230  5567  5567 E AndroidRuntime: 	at java.lang.Class.newInstance(Native Method)
05-12 00:47:40.230  5567  5567 E AndroidRuntime: 	at android.app.Instrumentation.newActivity(Instrumentation.java:1177)
05-12 00:47:40.230  5567  5567 E AndroidRuntime: 	at android.app.ActivityThread.performLaunchActivity(ActivityThread.java:2669)
05-12 00:47:40.230  5567  5567 E AndroidRuntime: 	at android.app.ActivityThread.handleLaunchActivity(ActivityThread.java:2863)
05-12 00:47:40.230  5567  5567 E AndroidRuntime: 	at android.app.ActivityThread.-wrap11(Unknown Source:0)
05-12 00:47:40.230  5567  5567 E AndroidRuntime: 	at android.app.ActivityThread$H.handleMessage(ActivityThread.java:1589)
05-12 00:47:40.230  5567  5567 E AndroidRuntime: 	at android.os.Handler.dispatchMessage(Handler.java:106)
05-12 00:47:40.230  5567  5567 E AndroidRuntime: 	at android.os.Looper.loop(Looper.java:164)
05-12 00:47:40.230  5567  5567 E AndroidRuntime: 	at android.app.ActivityThread.main(ActivityThread.java:6502)
05-12 00:47:40.230  5567  5567 E AndroidRuntime: 	at java.lang.reflect.Method.invoke(Native Method)
05-12 00:47:40.230  5567  5567 E AndroidRuntime: 	at com.android.internal.os.RuntimeInit$MethodAndArgsCaller.run(RuntimeInit.java:438)
05-12 00:47:40.230  5567  5567 E AndroidRuntime: 	at com.android.internal.os.ZygoteInit.main(ZygoteInit.java:807)
05-12 00:47:40.232   815  1337 W ActivityManager:   Force finishing activity com.yanbing.hello_jni/.MainActivity
05-12 00:47:40.237   815   836 I ActivityManager: Showing crash dialog for package com.yanbing.hello_jni u0
05-12 00:47:40.511  5589  5589 D AndroidRuntime: >>>>>> START com.android.internal.os.RuntimeInit uid 0 <<<<<<
05-12 00:47:40.629  5589  5589 I app_process: The ClassLoaderContext is a special shared library.
05-12 00:47:40.667  5589  5589 D AndroidRuntime: Calling main entry com.android.commands.pm.Pm
05-12 00:47:40.692  5589  5599 W MessageQueue: Handler (android.os.Handler) {b1196a3} sending message to a Handler on a dead thread
05-12 00:47:40.692  5589  5599 W MessageQueue: java.lang.IllegalStateException: Handler (android.os.Handler) {b1196a3} sending message to a Handler on a dead thread
05-12 00:47:40.692  5589  5599 W MessageQueue: 	at android.os.MessageQueue.enqueueMessage(MessageQueue.java:545)
05-12 00:47:40.692  5589  5599 W MessageQueue: 	at android.os.Handler.enqueueMessage(Handler.java:662)
05-12 00:47:40.692  5589  5599 W MessageQueue: 	at android.os.Handler.sendMessageAtTime(Handler.java:631)
05-12 00:47:40.692  5589  5599 W MessageQueue: 	at android.os.Handler.sendMessageDelayed(Handler.java:601)
05-12 00:47:40.692  5589  5599 W MessageQueue: 	at android.os.Handler.post(Handler.java:357)
05-12 00:47:40.692  5589  5599 W MessageQueue: 	at android.os.ResultReceiver$MyResultReceiver.send(ResultReceiver.java:57)
05-12 00:47:40.692  5589  5599 W MessageQueue: 	at com.android.internal.os.IResultReceiver$Stub.onTransact(IResultReceiver.java:58)
05-12 00:47:40.692  5589  5599 W MessageQueue: 	at android.os.Binder.execTransact(Binder.java:697)
05-12 00:47:40.693  5589  5589 I app_process: System.exit called, status: 0
05-12 00:47:40.693  5589  5589 I AndroidRuntime: VM exiting with result code 0.
05-12 00:47:40.698   815  1337 W ActivityManager:   Force finishing activity com.yanbing.hello_jni/.MainActivity
05-12 00:47:40.703   560   770 D audio_hw_primary: disable_audio_route: usecase(1) reset and update mixer path: low-latency-playback
05-12 00:47:40.721   560   770 D audio_hw_primary: disable_snd_device: snd_device(95: vi-feedback)
05-12 00:47:40.721   560   770 D audio_hw_primary: disable_audio_route: usecase(24) reset and update mixer path: spkr-vi-record
05-12 00:47:40.773   815  1337 I ActivityManager: Killing 5567:com.yanbing.hello_jni/u0a48 (adj 199): crash
05-12 00:47:40.781   815   836 W ViewRootImpl[hello_jni]: Dropping event due to root view being removed: MotionEvent { action=ACTION_MOVE, actionButton=0, id[0]=0, x[0]=668.0, y[0]=772.0, toolType[0]=TOOL_TYPE_FINGER, buttonState=0, metaState=0, flags=0x0, edgeFlags=0x0, pointerCount=1, historySize=4, eventTime=1156188, downTime=1156137, deviceId=8, source=0x1002 }
05-12 00:47:40.818  5481  5481 I chatty  : uid=1000(system) /system/bin/ATFWD-daemon expire 68 lines
05-12 00:47:40.899   815   961 W AppOps  : Finishing op nesting under-run: uid 1000 pkg android code 24 time=0 duration=0 nesting=0
05-12 00:47:41.015  5606  5606 D AndroidRuntime: >>>>>> START com.android.internal.os.RuntimeInit uid 0 <<<<<<
05-12 00:47:41.121  5606  5606 I app_process: The ClassLoaderContext is a special shared library.
05-12 00:47:41.151  5606  5606 D AndroidRuntime: Calling main entry com.android.commands.pm.Pm
05-12 00:47:41.165  5606  5606 I app_process: System.exit called, status: 0
05-12 00:47:41.165  5606  5606 I AndroidRuntime: VM exiting with result code 0.
05-12 00:47:41.167  5606  5615 W MessageQueue: Handler (android.os.Handler) {db4310c} sending message to a Handler on a dead thread
05-12 00:47:41.167  5606  5615 W MessageQueue: java.lang.IllegalStateException: Handler (android.os.Handler) {db4310c} sending message to a Handler on a dead thread
05-12 00:47:41.167  5606  5615 W MessageQueue: 	at android.os.MessageQueue.enqueueMessage(MessageQueue.java:545)
05-12 00:47:41.167  5606  5615 W MessageQueue: 	at android.os.Handler.enqueueMessage(Handler.java:662)
05-12 00:47:41.167  5606  5615 W MessageQueue: 	at android.os.Handler.sendMessageAtTime(Handler.java:631)
05-12 00:47:41.167  5606  5615 W MessageQueue: 	at android.os.Handler.sendMessageDelayed(Handler.java:601)
05-12 00:47:41.167  5606  5615 W MessageQueue: 	at android.os.Handler.post(Handler.java:357)
05-12 00:47:41.167  5606  5615 W MessageQueue: 	at android.os.ResultReceiver$MyResultReceiver.send(ResultReceiver.java:57)
05-12 00:47:41.167  5606  5615 W MessageQueue: 	at com.android.internal.os.IResultReceiver$Stub.onTransact(IResultReceiver.java:58)
05-12 00:47:41.167  5606  5615 W MessageQueue: 	at android.os.Binder.execTransact(Binder.java:697)
05-12 00:47:41.190  2017  2017 D yanbing_Launcher: intent=android.intent.action.MAIN getClass=class android.content.Intent
05-12 00:47:41.190  2017  2017 D yanbing_Activity: options!=null
05-12 00:47:41.191   815  1074 I ActivityManager: START u0 {act=android.intent.action.MAIN cat=[android.intent.category.LAUNCHER] flg=0x10200000 cmp=com.yanbing.hello_jni/.MainActivity bnds=[641,478][843,756]} from uid 10015
05-12 00:47:41.193   560  2791 D audio_route: Apply path: speaker-protected
05-12 00:47:41.196   560  2791 D audio_hw_primary: enable_snd_device: snd_device(95: vi-feedback)
05-12 00:47:41.196   560  2791 D audio_route: Apply path: vi-feedback
05-12 00:47:41.196   560  2791 D audio_hw_primary: enable_audio_route: usecase(24) apply and update mixer path: spkr-vi-record
05-12 00:47:41.196   560  2791 D audio_route: Apply path: spkr-vi-record
05-12 00:47:41.215   815  1337 I ActivityManager: Start proc 5619:com.yanbing.hello_jni/u0a48 for activity com.yanbing.hello_jni/.MainActivity
05-12 00:47:41.223   560  2791 D audio_hw_primary: enable_audio_route: usecase(1) apply and update mixer path: low-latency-playback
05-12 00:47:41.223   560  2791 D audio_route: Apply path: low-latency-playback
05-12 00:47:41.260   560  2791 E msm8974_platform: ramp_speaker_gain: Could not get ctl for mixer cmd - Left Speaker Gain or Right Speaker Gain, not applying speaker gain ramp
05-12 00:47:41.260   560  2791 D audio_hw_primary: out_write: retry previous failed cal level set
05-12 00:47:41.275  5619  5619 D AndroidRuntime: Shutting down VM
05-12 00:47:41.276  5619  5619 E AndroidRuntime: FATAL EXCEPTION: main
05-12 00:47:41.276  5619  5619 E AndroidRuntime: Process: com.yanbing.hello_jni, PID: 5619
05-12 00:47:41.276  5619  5619 E AndroidRuntime: java.lang.UnsatisfiedLinkError: dalvik.system.PathClassLoader[DexPathList[[zip file "/system/app/Hello_JNI/Hello_JNI.apk"],nativeLibraryDirectories=[/system/app/Hello_JNI/lib/arm64, /system/lib64, /vendor/lib64, /system/lib64, /vendor/lib64]]] couldn't find "libhello-jni.so"
05-12 00:47:41.276  5619  5619 E AndroidRuntime: 	at java.lang.Runtime.loadLibrary0(Runtime.java:1011)
05-12 00:47:41.276  5619  5619 E AndroidRuntime: 	at java.lang.System.loadLibrary(System.java:1657)
05-12 00:47:41.276  5619  5619 E AndroidRuntime: 	at com.yanbing.hello_jni.MainActivity.<clinit>(MainActivity.java:12)
05-12 00:47:41.276  5619  5619 E AndroidRuntime: 	at java.lang.Class.newInstance(Native Method)
05-12 00:47:41.276  5619  5619 E AndroidRuntime: 	at android.app.Instrumentation.newActivity(Instrumentation.java:1177)
05-12 00:47:41.276  5619  5619 E AndroidRuntime: 	at android.app.ActivityThread.performLaunchActivity(ActivityThread.java:2669)
05-12 00:47:41.276  5619  5619 E AndroidRuntime: 	at android.app.ActivityThread.handleLaunchActivity(ActivityThread.java:2863)
05-12 00:47:41.276  5619  5619 E AndroidRuntime: 	at android.app.ActivityThread.-wrap11(Unknown Source:0)
05-12 00:47:41.276  5619  5619 E AndroidRuntime: 	at android.app.ActivityThread$H.handleMessage(ActivityThread.java:1589)
05-12 00:47:41.276  5619  5619 E AndroidRuntime: 	at android.os.Handler.dispatchMessage(Handler.java:106)
05-12 00:47:41.276  5619  5619 E AndroidRuntime: 	at android.os.Looper.loop(Looper.java:164)
05-12 00:47:41.276  5619  5619 E AndroidRuntime: 	at android.app.ActivityThread.main(ActivityThread.java:6502)
05-12 00:47:41.276  5619  5619 E AndroidRuntime: 	at java.lang.reflect.Method.invoke(Native Method)
05-12 00:47:41.276  5619  5619 E AndroidRuntime: 	at com.android.internal.os.RuntimeInit$MethodAndArgsCaller.run(RuntimeInit.java:438)
05-12 00:47:41.276  5619  5619 E AndroidRuntime: 	at com.android.internal.os.ZygoteInit.main(ZygoteInit.java:807)
05-12 00:47:41.279   815  1074 W ActivityManager:   Force finishing activity com.yanbing.hello_jni/.MainActivity
05-12 00:47:41.285   815   836 I ActivityManager: Showing crash dialog for package com.yanbing.hello_jni u0
05-12 00:47:41.556  5639  5639 D AndroidRuntime: >>>>>> START com.android.internal.os.RuntimeInit uid 0 <<<<<<
05-12 00:47:41.578   815  1074 W ActivityManager:   Force finishing activity com.yanbing.hello_jni/.MainActivity
05-12 00:47:41.634   815  1074 I ActivityManager: Killing 5619:com.yanbing.hello_jni/u0a48 (adj 199): crash
05-12 00:47:41.677  5639  5639 I app_process: The ClassLoaderContext is a special shared library.
05-12 00:47:41.711  5639  5639 D AndroidRuntime: Calling main entry com.android.commands.pm.Pm
05-12 00:47:41.722  5639  5639 I app_process: System.exit called, status: 0
05-12 00:47:41.722  5639  5639 I AndroidRuntime: VM exiting with result code 0.
05-12 00:47:41.764   560   770 D audio_hw_primary: disable_audio_route: usecase(1) reset and update mixer path: low-latency-playback
05-12 00:47:41.780   815   961 W AppOps  : Finishing op nesting under-run: uid 1000 pkg android code 24 time=0 duration=0 nesting=0
05-12 00:47:41.782   560   770 D audio_hw_primary: disable_snd_device: snd_device(95: vi-feedback)
05-12 00:47:41.782   560   770 D audio_hw_primary: disable_audio_route: usecase(24) reset and update mixer path: spkr-vi-record
05-12 00:47:42.022  5655  5655 D AndroidRuntime: >>>>>> START com.android.internal.os.RuntimeInit uid 0 <<<<<<
05-12 00:47:42.069  2017  2017 D yanbing_Launcher: intent=android.intent.action.MAIN getClass=class android.content.Intent
05-12 00:47:42.070  2017  2017 D yanbing_Activity: options!=null
05-12 00:47:42.070   815  1968 I ActivityManager: START u0 {act=android.intent.action.MAIN cat=[android.intent.category.LAUNCHER] flg=0x10200000 cmp=com.yanbing.hello_jni/.MainActivity bnds=[641,478][843,756]} from uid 10015
05-12 00:47:42.073   560  2791 D audio_route: Apply path: speaker-protected
05-12 00:47:42.076   560  2791 D audio_hw_primary: enable_snd_device: snd_device(95: vi-feedback)
05-12 00:47:42.076   560  2791 D audio_route: Apply path: vi-feedback
05-12 00:47:42.076   560  2791 D audio_hw_primary: enable_audio_route: usecase(24) apply and update mixer path: spkr-vi-record
05-12 00:47:42.076   560  2791 D audio_route: Apply path: spkr-vi-record
05-12 00:47:42.092   815  1969 I ActivityManager: Start proc 5658:com.yanbing.hello_jni/u0a48 for activity com.yanbing.hello_jni/.MainActivity
05-12 00:47:42.102   560  2791 D audio_hw_primary: enable_audio_route: usecase(1) apply and update mixer path: low-latency-playback
05-12 00:47:42.102   560  2791 D audio_route: Apply path: low-latency-playback
05-12 00:47:42.111  5658  5665 E zygote64: Failed sending reply to debugger: Broken pipe
05-12 00:47:42.112  5658  5665 I zygote64: Debugger is no longer active
05-12 00:47:42.130  5655  5655 I app_process: The ClassLoaderContext is a special shared library.
05-12 00:47:42.141   560  2791 E msm8974_platform: ramp_speaker_gain: Could not get ctl for mixer cmd - Left Speaker Gain or Right Speaker Gain, not applying speaker gain ramp
05-12 00:47:42.141   560  2791 D audio_hw_primary: out_write: retry previous failed cal level set
05-12 00:47:42.150  5658  5658 D AndroidRuntime: Shutting down VM
05-12 00:47:42.151  5658  5658 E AndroidRuntime: FATAL EXCEPTION: main
05-12 00:47:42.151  5658  5658 E AndroidRuntime: Process: com.yanbing.hello_jni, PID: 5658
05-12 00:47:42.151  5658  5658 E AndroidRuntime: java.lang.UnsatisfiedLinkError: dalvik.system.PathClassLoader[DexPathList[[zip file "/system/app/Hello_JNI/Hello_JNI.apk"],nativeLibraryDirectories=[/system/app/Hello_JNI/lib/arm64, /system/lib64, /vendor/lib64, /system/lib64, /vendor/lib64]]] couldn't find "libhello-jni.so"
05-12 00:47:42.151  5658  5658 E AndroidRuntime: 	at java.lang.Runtime.loadLibrary0(Runtime.java:1011)
05-12 00:47:42.151  5658  5658 E AndroidRuntime: 	at java.lang.System.loadLibrary(System.java:1657)
05-12 00:47:42.151  5658  5658 E AndroidRuntime: 	at com.yanbing.hello_jni.MainActivity.<clinit>(MainActivity.java:12)
05-12 00:47:42.151  5658  5658 E AndroidRuntime: 	at java.lang.Class.newInstance(Native Method)
05-12 00:47:42.151  5658  5658 E AndroidRuntime: 	at android.app.Instrumentation.newActivity(Instrumentation.java:1177)
05-12 00:47:42.151  5658  5658 E AndroidRuntime: 	at android.app.ActivityThread.performLaunchActivity(ActivityThread.java:2669)
05-12 00:47:42.151  5658  5658 E AndroidRuntime: 	at android.app.ActivityThread.handleLaunchActivity(ActivityThread.java:2863)
05-12 00:47:42.151  5658  5658 E AndroidRuntime: 	at android.app.ActivityThread.-wrap11(Unknown Source:0)
05-12 00:47:42.151  5658  5658 E AndroidRuntime: 	at android.app.ActivityThread$H.handleMessage(ActivityThread.java:1589)
05-12 00:47:42.151  5658  5658 E AndroidRuntime: 	at android.os.Handler.dispatchMessage(Handler.java:106)
05-12 00:47:42.151  5658  5658 E AndroidRuntime: 	at android.os.Looper.loop(Looper.java:164)
05-12 00:47:42.151  5658  5658 E AndroidRuntime: 	at android.app.ActivityThread.main(ActivityThread.java:6502)
05-12 00:47:42.151  5658  5658 E AndroidRuntime: 	at java.lang.reflect.Method.invoke(Native Method)
05-12 00:47:42.151  5658  5658 E AndroidRuntime: 	at com.android.internal.os.RuntimeInit$MethodAndArgsCaller.run(RuntimeInit.java:438)
05-12 00:47:42.151  5658  5658 E AndroidRuntime: 	at com.android.internal.os.ZygoteInit.main(ZygoteInit.java:807)
05-12 00:47:42.153   815  1968 W ActivityManager:   Force finishing activity com.yanbing.hello_jni/.MainActivity
05-12 00:47:42.160   815   836 I ActivityManager: Showing crash dialog for package com.yanbing.hello_jni u0
05-12 00:47:42.161  5655  5655 D AndroidRuntime: Calling main entry com.android.commands.pm.Pm
05-12 00:47:42.176  5655  5681 W MessageQueue: Handler (android.os.Handler) {56cb75} sending message to a Handler on a dead thread
05-12 00:47:42.176  5655  5681 W MessageQueue: java.lang.IllegalStateException: Handler (android.os.Handler) {56cb75} sending message to a Handler on a dead thread
05-12 00:47:42.176  5655  5681 W MessageQueue: 	at android.os.MessageQueue.enqueueMessage(MessageQueue.java:545)
05-12 00:47:42.176  5655  5681 W MessageQueue: 	at android.os.Handler.enqueueMessage(Handler.java:662)
05-12 00:47:42.176  5655  5681 W MessageQueue: 	at android.os.Handler.sendMessageAtTime(Handler.java:631)
05-12 00:47:42.176  5655  5681 W MessageQueue: 	at android.os.Handler.sendMessageDelayed(Handler.java:601)
05-12 00:47:42.176  5655  5681 W MessageQueue: 	at android.os.Handler.post(Handler.java:357)
05-12 00:47:42.176  5655  5681 W MessageQueue: 	at android.os.ResultReceiver$MyResultReceiver.send(ResultReceiver.java:57)
05-12 00:47:42.176  5655  5681 W MessageQueue: 	at com.android.internal.os.IResultReceiver$Stub.onTransact(IResultReceiver.java:58)
05-12 00:47:42.176  5655  5681 W MessageQueue: 	at android.os.Binder.execTransact(Binder.java:697)
05-12 00:47:42.177  5655  5655 I app_process: System.exit called, status: 0
05-12 00:47:42.177  5655  5655 I AndroidRuntime: VM exiting with result code 0.
05-12 00:47:42.457   815  1968 W ActivityManager:   Force finishing activity com.yanbing.hello_jni/.MainActivity
05-12 00:47:42.473   815  1968 I chatty  : uid=1000(system) Binder:815_9 expire 2 lines
05-12 00:47:42.521   815  1968 I ActivityManager: Killing 5658:com.yanbing.hello_jni/u0a48 (adj 199): crash
05-12 00:47:42.527  5689  5689 D AndroidRuntime: >>>>>> START com.android.internal.os.RuntimeInit uid 0 <<<<<<
05-12 00:47:42.559   815   836 W ViewRootImpl[hello_jni]: Dropping event due to root view being removed: MotionEvent { action=ACTION_UP, actionButton=0, id[0]=0, x[0]=611.0, y[0]=803.0, toolType[0]=TOOL_TYPE_FINGER, buttonState=0, metaState=0, flags=0x0, edgeFlags=0x0, pointerCount=1, historySize=0, eventTime=1157953, downTime=1157897, deviceId=8, source=0x1002 }
05-12 00:47:42.647  5689  5689 I app_process: The ClassLoaderContext is a special shared library.
05-12 00:47:42.650   560   770 D audio_hw_primary: disable_audio_route: usecase(1) reset and update mixer path: low-latency-playback
05-12 00:47:42.665   560   770 D audio_hw_primary: disable_snd_device: snd_device(95: vi-feedback)
05-12 00:47:42.665   560   770 D audio_hw_primary: disable_audio_route: usecase(24) reset and update mixer path: spkr-vi-record
05-12 00:47:42.673   815   961 W AppOps  : Finishing op nesting under-run: uid 1000 pkg android code 24 time=0 duration=0 nesting=0
05-12 00:47:42.683  5689  5689 D AndroidRuntime: Calling main entry com.android.commands.pm.Pm
05-12 00:47:42.699  5689  5698 W MessageQueue: Handler (android.os.Handler) {56cb75} sending message to a Handler on a dead thread
05-12 00:47:42.699  5689  5698 W MessageQueue: java.lang.IllegalStateException: Handler (android.os.Handler) {56cb75} sending message to a Handler on a dead thread
05-12 00:47:42.699  5689  5698 W MessageQueue: 	at android.os.MessageQueue.enqueueMessage(MessageQueue.java:545)
05-12 00:47:42.699  5689  5698 W MessageQueue: 	at android.os.Handler.enqueueMessage(Handler.java:662)
05-12 00:47:42.699  5689  5698 W MessageQueue: 	at android.os.Handler.sendMessageAtTime(Handler.java:631)
05-12 00:47:42.699  5689  5698 W MessageQueue: 	at android.os.Handler.sendMessageDelayed(Handler.java:601)
05-12 00:47:42.699  5689  5698 W MessageQueue: 	at android.os.Handler.post(Handler.java:357)
05-12 00:47:42.699  5689  5698 W MessageQueue: 	at android.os.ResultReceiver$MyResultReceiver.send(ResultReceiver.java:57)
05-12 00:47:42.699  5689  5698 W MessageQueue: 	at com.android.internal.os.IResultReceiver$Stub.onTransact(IResultReceiver.java:58)
05-12 00:47:42.699  5689  5698 W MessageQueue: 	at android.os.Binder.execTransact(Binder.java:697)
05-12 00:47:42.700  5689  5689 I app_process: System.exit called, status: 0
05-12 00:47:42.700  5689  5689 I AndroidRuntime: VM exiting with result code 0.
05-12 00:47:42.899  2017  2017 D yanbing_Launcher: intent=android.intent.action.MAIN getClass=class android.content.Intent
05-12 00:47:42.899  2017  2017 D yanbing_Activity: options!=null
05-12 00:47:42.900   815   831 I ActivityManager: START u0 {act=android.intent.action.MAIN cat=[android.intent.category.LAUNCHER] flg=0x10200000 cmp=com.yanbing.hello_jni/.MainActivity bnds=[641,478][843,756]} from uid 10015
05-12 00:47:42.904   560  2791 D audio_route: Apply path: speaker-protected
05-12 00:47:42.906   560  2791 D audio_hw_primary: enable_snd_device: snd_device(95: vi-feedback)
05-12 00:47:42.906   560  2791 D audio_route: Apply path: vi-feedback
05-12 00:47:42.906   560  2791 D audio_hw_primary: enable_audio_route: usecase(24) apply and update mixer path: spkr-vi-record
05-12 00:47:42.906   560  2791 D audio_route: Apply path: spkr-vi-record
05-12 00:47:42.911   815   961 I chatty  : uid=1000(system) android.anim expire 10 lines
05-12 00:47:42.927   815  1966 I ActivityManager: Start proc 5705:com.yanbing.hello_jni/u0a48 for activity com.yanbing.hello_jni/.MainActivity
05-12 00:47:42.930   560  2791 D audio_hw_primary: enable_audio_route: usecase(1) apply and update mixer path: low-latency-playback
05-12 00:47:42.931   560  2791 D audio_route: Apply path: low-latency-playback
05-12 00:47:42.967   560  2791 E msm8974_platform: ramp_speaker_gain: Could not get ctl for mixer cmd - Left Speaker Gain or Right Speaker Gain, not applying speaker gain ramp
05-12 00:47:42.967   560  2791 D audio_hw_primary: out_write: retry previous failed cal level set
05-12 00:47:42.988  5705  5705 D AndroidRuntime: Shutting down VM
05-12 00:47:42.988  5705  5705 E AndroidRuntime: FATAL EXCEPTION: main
05-12 00:47:42.988  5705  5705 E AndroidRuntime: Process: com.yanbing.hello_jni, PID: 5705
05-12 00:47:42.988  5705  5705 E AndroidRuntime: java.lang.UnsatisfiedLinkError: dalvik.system.PathClassLoader[DexPathList[[zip file "/system/app/Hello_JNI/Hello_JNI.apk"],nativeLibraryDirectories=[/system/app/Hello_JNI/lib/arm64, /system/lib64, /vendor/lib64, /system/lib64, /vendor/lib64]]] couldn't find "libhello-jni.so"
05-12 00:47:42.988  5705  5705 E AndroidRuntime: 	at java.lang.Runtime.loadLibrary0(Runtime.java:1011)
05-12 00:47:42.988  5705  5705 E AndroidRuntime: 	at java.lang.System.loadLibrary(System.java:1657)
05-12 00:47:42.988  5705  5705 E AndroidRuntime: 	at com.yanbing.hello_jni.MainActivity.<clinit>(MainActivity.java:12)
05-12 00:47:42.988  5705  5705 E AndroidRuntime: 	at java.lang.Class.newInstance(Native Method)
05-12 00:47:42.988  5705  5705 E AndroidRuntime: 	at android.app.Instrumentation.newActivity(Instrumentation.java:1177)
05-12 00:47:42.988  5705  5705 E AndroidRuntime: 	at android.app.ActivityThread.performLaunchActivity(ActivityThread.java:2669)
05-12 00:47:42.988  5705  5705 E AndroidRuntime: 	at android.app.ActivityThread.handleLaunchActivity(ActivityThread.java:2863)
05-12 00:47:42.988  5705  5705 E AndroidRuntime: 	at android.app.ActivityThread.-wrap11(Unknown Source:0)
05-12 00:47:42.988  5705  5705 E AndroidRuntime: 	at android.app.ActivityThread$H.handleMessage(ActivityThread.java:1589)
05-12 00:47:42.988  5705  5705 E AndroidRuntime: 	at android.os.Handler.dispatchMessage(Handler.java:106)
05-12 00:47:42.988  5705  5705 E AndroidRuntime: 	at android.os.Looper.loop(Looper.java:164)
05-12 00:47:42.988  5705  5705 E AndroidRuntime: 	at android.app.ActivityThread.main(ActivityThread.java:6502)
05-12 00:47:42.988  5705  5705 E AndroidRuntime: 	at java.lang.reflect.Method.invoke(Native Method)
05-12 00:47:42.988  5705  5705 E AndroidRuntime: 	at com.android.internal.os.RuntimeInit$MethodAndArgsCaller.run(RuntimeInit.java:438)
05-12 00:47:42.988  5705  5705 E AndroidRuntime: 	at com.android.internal.os.ZygoteInit.main(ZygoteInit.java:807)
05-12 00:47:42.991   815  1337 W ActivityManager:   Force finishing activity com.yanbing.hello_jni/.MainActivity
05-12 00:47:42.999   815   836 I ActivityManager: Showing crash dialog for package com.yanbing.hello_jni u0
05-12 00:47:42.999  5702  5702 D AndroidRuntime: >>>>>> START com.android.internal.os.RuntimeInit uid 0 <<<<<<
05-12 00:47:43.023   815  1269 I chatty  : uid=1000(system) RenderThread expire 11 lines
05-12 00:47:43.116  5702  5702 I app_process: The ClassLoaderContext is a special shared library.
