--------- beginning of system
05-12 00:28:28.789   372   372 I vold    : Vold 3.0 (the awakening) firing up
05-12 00:28:28.789   372   372 V vold    : Detected support for: ext4 vfat
05-12 00:28:28.846   372   372 I vold    : [libfs_mgr]fs_mgr_read_fstab_dt(): failed to read fstab from dt
05-12 00:28:28.849   372   382 D vold    : e4crypt_init_user0
05-12 00:28:28.851   372   382 D vold    : e4crypt_prepare_user_storage for volume null, user 0, serial 0, flags 1
05-12 00:28:28.851   372   382 D vold    : Preparing: /data/system/users/0
05-12 00:28:28.851   372   382 D vold    : Preparing: /data/misc/profiles/cur/0
05-12 00:28:28.851   372   382 D vold    : Preparing: /data/system_de/0
05-12 00:28:28.851   372   382 D vold    : Preparing: /data/misc_de/0
05-12 00:28:28.851   372   382 D vold    : Preparing: /data/user_de/0
05-12 00:28:28.852   372   382 D vold    : e4crypt_unlock_user_key 0 serial=0 token_present=0
05-12 00:28:28.852   372   382 E vold    : Failed to chmod /data/system_ce/0: No such file or directory
05-12 00:28:28.852   372   382 E vold    : Failed to chmod /data/misc_ce/0: No such file or directory
05-12 00:28:28.852   372   382 E vold    : Failed to chmod /data/media/0: No such file or directory
05-12 00:28:29.317   410   410 I android.hardware.wifi@1.0-service: Wifi Hal is booting up...
05-12 00:28:29.584   372   382 D VoldCryptCmdListener: cryptfs mountdefaultencrypted
05-12 00:28:29.593   372   473 I Cryptfs : cryptfs_check_passwd
05-12 00:28:29.593   372   473 D Cryptfs : crypt_ftr->fs_size = 22994908
05-12 00:28:29.593   372   473 I Cryptfs : Using scrypt with keymaster for cryptfs KDF
05-12 00:28:30.245   372   473 I Cryptfs : Signing safely-padded object
05-12 00:28:30.269   372   473 V vold    : Successfully registerReference for android.hardware.keymaster@3.0::IKeymasterDevice/default
05-12 00:28:31.042   372   473 I Cryptfs : Enabling support for allow_discards in dmcrypt.
05-12 00:28:31.045   372   380 D vold    : Disk at 253:0 changed
05-12 00:28:31.702   372   473 I Cryptfs : Password matches
05-12 00:28:31.703   372   473 D Cryptfs : test_mount_encrypted_fs(): Master key saved
05-12 00:28:31.712   372   473 V vold    : Successfully registerReference for android.hardware.keymaster@3.0::IKeymasterDevice/default
05-12 00:28:31.712   372   473 D Cryptfs : Password is default - restarting filesystem
05-12 00:28:31.713   372   473 D Cryptfs : unmounting /data succeeded
05-12 00:28:31.714   372   473 I vold    : [libfs_mgr]superblock s_max_mnt_count:65535,/dev/block/dm-0
05-12 00:28:31.718   372   473 I vold    : [libfs_mgr]check_fs(): mount(/dev/block/dm-0,/data,ext4)=0: Success
05-12 00:28:31.719   372   473 I vold    : [libfs_mgr]check_fs(): unmount(/data) succeeded
05-12 00:28:31.719   372   473 I vold    : [libfs_mgr]Running /system/bin/e2fsck on /dev/block/dm-0
05-12 00:28:31.748   372   473 I vold    : [libfs_mgr]__mount(source=/dev/block/dm-0,target=/data,type=ext4)=0: Success
05-12 00:28:31.750   372   473 D Cryptfs : Just triggered post_fs_data
05-12 00:28:31.796   372   382 D vold    : e4crypt_init_user0
05-12 00:28:31.796   372   382 D vold    : e4crypt_prepare_user_storage for volume null, user 0, serial 0, flags 1
05-12 00:28:31.796   372   382 D vold    : Preparing: /data/system/users/0
05-12 00:28:31.813   372   382 D vold    : Preparing: /data/misc/profiles/cur/0
05-12 00:28:31.813   372   382 D vold    : Preparing: /data/system_de/0
05-12 00:28:31.814   372   382 D vold    : Preparing: /data/misc_de/0
05-12 00:28:31.814   372   382 D vold    : Preparing: /data/user_de/0
05-12 00:28:31.815   372   382 D vold    : e4crypt_unlock_user_key 0 serial=0 token_present=0
05-12 00:28:31.845   372   473 D Cryptfs : post_fs_data done
05-12 00:28:31.847   372   473 D Cryptfs : Just triggered restart_framework
05-12 00:28:31.915   551   551 I irsc_util: Starting irsc tool
05-12 00:28:31.922   551   551 I irsc_util: Num of entries:27
05-12 00:28:31.922   551   551 I irsc_util: Ending irsc tool
05-12 00:28:32.006   563   563 I installd: installd firing up
--------- beginning of crash
05-12 00:28:32.072   603   603 F libc    : CANNOT LINK EXECUTABLE "/vendor/bin/slim_daemon": library "libloc_api_v02.so" not found
05-12 00:28:32.072   603   603 F libc    : Fatal signal 6 (SIGABRT), code -6 in tid 603 (slim_daemon), pid 603 (slim_daemon)
05-12 00:28:32.074   572   572 I wificond: wificond is starting up...
05-12 00:28:32.226   664   664 F DEBUG   : *** *** *** *** *** *** *** *** *** *** *** *** *** *** *** ***
05-12 00:28:32.227   664   664 F DEBUG   : Build fingerprint: 'Android/aosp_bullhead/bullhead:8.1.0/OPM7.181205.001/yanbin03090725:userdebug/test-keys'
05-12 00:28:32.227   664   664 F DEBUG   : Revision: 'rev_1.0'
05-12 00:28:32.227   664   664 F DEBUG   : ABI: 'arm64'
05-12 00:28:32.227   664   664 F DEBUG   : pid: 603, tid: 603, name: slim_daemon  >>> /vendor/bin/slim_daemon <<<
05-12 00:28:32.227   664   664 F DEBUG   : signal 6 (SIGABRT), code -6 (SI_TKILL), fault addr --------
05-12 00:28:32.235   664   664 F DEBUG   : Abort message: 'CANNOT LINK EXECUTABLE "/vendor/bin/slim_daemon": library "libloc_api_v02.so" not found'
05-12 00:28:32.235   664   664 F DEBUG   :     x0   0000000000000000  x1   000000000000025b  x2   0000000000000006  x3   0000000000000008
05-12 00:28:32.236   664   664 F DEBUG   :     x4   0000000000000080  x5   0000000000000080  x6   0000000000000080  x7   0000000000000040
05-12 00:28:32.237   664   664 F DEBUG   :     x8   0000000000000083  x9   0000000010000000  x10  0000007ff469df60  x11  0000000000000001
05-12 00:28:32.237   664   664 F DEBUG   :     x12  0000000000000038  x13  0000000000000000  x14  0000000000000000  x15  000451c74049f073
05-12 00:28:32.237   664   664 F DEBUG   :     x16  0000000000000000  x17  00de9849ca907bbb  x18  da3a92f685231c3b  x19  000000000000025b
05-12 00:28:32.237   664   664 F DEBUG   :     x20  000000000000025b  x21  0000000000000083  x22  0000007ff469f2c8  x23  000000556c5b09c8
05-12 00:28:32.237   664   664 F DEBUG   :     x24  0000007b7f2573d8  x25  0000007b7f3613d0  x26  0000007b7f3617b0  x27  0000007b7f361000
05-12 00:28:32.237   664   664 F DEBUG   :     x28  0000007ff469f2c0  x29  0000007ff469dfa0  x30  0000007b7f304fb4
05-12 00:28:32.237   664   664 F DEBUG   :     sp   0000007ff469df60  pc   0000007b7f304fdc  pstate 0000000060000000
05-12 00:28:32.253   664   664 F DEBUG   : 
05-12 00:28:32.253   664   664 F DEBUG   : backtrace:
05-12 00:28:32.253   664   664 F DEBUG   :     #00 pc 000000000009dfdc  /system/bin/linker64 (__dl_abort+120)
05-12 00:28:32.253   664   664 F DEBUG   :     #01 pc 000000000001cb8c  /system/bin/linker64 (__dl___linker_init+3628)
05-12 00:28:32.253   664   664 F DEBUG   :     #02 pc 00000000000230a4  /system/bin/linker64 (_start+4)
05-12 00:28:32.339   696   696 F libc    : CANNOT LINK EXECUTABLE "/vendor/bin/slim_daemon": library "libloc_api_v02.so" not found
05-12 00:28:32.339   696   696 F libc    : Fatal signal 6 (SIGABRT), code -6 in tid 696 (slim_daemon), pid 696 (slim_daemon)
05-12 00:28:32.372   571   697 I /system/bin/storaged: storaged: Start
05-12 00:28:32.377   701   701 F DEBUG   : *** *** *** *** *** *** *** *** *** *** *** *** *** *** *** ***
05-12 00:28:32.377   701   701 F DEBUG   : Build fingerprint: 'Android/aosp_bullhead/bullhead:8.1.0/OPM7.181205.001/yanbin03090725:userdebug/test-keys'
05-12 00:28:32.377   701   701 F DEBUG   : Revision: 'rev_1.0'
05-12 00:28:32.377   701   701 F DEBUG   : ABI: 'arm64'
05-12 00:28:32.377   701   701 F DEBUG   : pid: 696, tid: 696, name: slim_daemon  >>> /vendor/bin/slim_daemon <<<
05-12 00:28:32.377   701   701 F DEBUG   : signal 6 (SIGABRT), code -6 (SI_TKILL), fault addr --------
05-12 00:28:32.379   701   701 F DEBUG   : Abort message: 'CANNOT LINK EXECUTABLE "/vendor/bin/slim_daemon": library "libloc_api_v02.so" not found'
05-12 00:28:32.379   701   701 F DEBUG   :     x0   0000000000000000  x1   00000000000002b8  x2   0000000000000006  x3   0000000000000008
05-12 00:28:32.379   701   701 F DEBUG   :     x4   0000000000000080  x5   0000000000000080  x6   0000000000000080  x7   0000000000000040
05-12 00:28:32.379   701   701 F DEBUG   :     x8   0000000000000083  x9   0000000010000000  x10  0000007ffaa18770  x11  0000000000000001
05-12 00:28:32.379   701   701 F DEBUG   :     x12  0000000000000038  x13  0000000000000000  x14  0000000000000000  x15  00143575a616a03d
05-12 00:28:32.379   701   701 F DEBUG   :     x16  0000000000000000  x17  03f100e77c0c61ad  x18  bf5a266177a84473  x19  00000000000002b8
05-12 00:28:32.379   701   701 F DEBUG   :     x20  00000000000002b8  x21  0000000000000083  x22  0000007ffaa19ad8  x23  000000555a1529c8
05-12 00:28:32.379   701   701 F DEBUG   :     x24  0000007e9e8a33d8  x25  0000007e9e9ad3d0  x26  0000007e9e9ad7b0  x27  0000007e9e9ad000
05-12 00:28:32.379   701   701 F DEBUG   :     x28  0000007ffaa19ad0  x29  0000007ffaa187b0  x30  0000007e9e950fb4
05-12 00:28:32.379   701   701 F DEBUG   :     sp   0000007ffaa18770  pc   0000007e9e950fdc  pstate 0000000060000000
05-12 00:28:32.381   701   701 F DEBUG   : 
05-12 00:28:32.381   701   701 F DEBUG   : backtrace:
05-12 00:28:32.381   701   701 F DEBUG   :     #00 pc 000000000009dfdc  /system/bin/linker64 (__dl_abort+120)
05-12 00:28:32.381   701   701 F DEBUG   :     #01 pc 000000000001cb8c  /system/bin/linker64 (__dl___linker_init+3628)
05-12 00:28:32.381   701   701 F DEBUG   :     #02 pc 00000000000230a4  /system/bin/linker64 (_start+4)
05-12 00:28:32.439   712   712 F libc    : CANNOT LINK EXECUTABLE "/vendor/bin/slim_daemon": library "libloc_api_v02.so" not found
05-12 00:28:32.439   712   712 F libc    : Fatal signal 6 (SIGABRT), code -6 in tid 712 (slim_daemon), pid 712 (slim_daemon)
05-12 00:28:32.496   727   727 F DEBUG   : *** *** *** *** *** *** *** *** *** *** *** *** *** *** *** ***
05-12 00:28:32.496   727   727 F DEBUG   : Build fingerprint: 'Android/aosp_bullhead/bullhead:8.1.0/OPM7.181205.001/yanbin03090725:userdebug/test-keys'
05-12 00:28:32.496   727   727 F DEBUG   : Revision: 'rev_1.0'
05-12 00:28:32.496   727   727 F DEBUG   : ABI: 'arm64'
05-12 00:28:32.496   727   727 F DEBUG   : pid: 712, tid: 712, name: slim_daemon  >>> /vendor/bin/slim_daemon <<<
05-12 00:28:32.496   727   727 F DEBUG   : signal 6 (SIGABRT), code -6 (SI_TKILL), fault addr --------
05-12 00:28:32.498   727   727 F DEBUG   : Abort message: 'CANNOT LINK EXECUTABLE "/vendor/bin/slim_daemon": library "libloc_api_v02.so" not found'
05-12 00:28:32.498   727   727 F DEBUG   :     x0   0000000000000000  x1   00000000000002c8  x2   0000000000000006  x3   0000000000000008
05-12 00:28:32.498   727   727 F DEBUG   :     x4   0000000000000080  x5   0000000000000080  x6   0000000000000080  x7   0000000000000040
05-12 00:28:32.498   727   727 F DEBUG   :     x8   0000000000000083  x9   0000000010000000  x10  0000007ff05b01e0  x11  0000000000000001
05-12 00:28:32.499   727   727 F DEBUG   :     x12  0000000000000038  x13  0000000000000000  x14  0000000000000000  x15  001a2d63ff5248bf
05-12 00:28:32.499   727   727 F DEBUG   :     x16  0000000000000000  x17  0a71db36bf9292bd  x18  22395a2a09b41e1d  x19  00000000000002c8
05-12 00:28:32.499   727   727 F DEBUG   :     x20  00000000000002c8  x21  0000000000000083  x22  0000007ff05b1548  x23  00000055587fc9c8
05-12 00:28:32.499   727   727 F DEBUG   :     x24  000000723e1353d8  x25  000000723e23f3d0  x26  000000723e23f7b0  x27  000000723e23f000
05-12 00:28:32.499   727   727 F DEBUG   :     x28  0000007ff05b1540  x29  0000007ff05b0220  x30  000000723e1e2fb4
05-12 00:28:32.499   727   727 F DEBUG   :     sp   0000007ff05b01e0  pc   000000723e1e2fdc  pstate 0000000060000000
05-12 00:28:32.501   727   727 F DEBUG   : 
05-12 00:28:32.501   727   727 F DEBUG   : backtrace:
05-12 00:28:32.501   727   727 F DEBUG   :     #00 pc 000000000009dfdc  /system/bin/linker64 (__dl_abort+120)
05-12 00:28:32.501   727   727 F DEBUG   :     #01 pc 000000000001cb8c  /system/bin/linker64 (__dl___linker_init+3628)
05-12 00:28:32.501   727   727 F DEBUG   :     #02 pc 00000000000230a4  /system/bin/linker64 (_start+4)
05-12 00:28:32.537   733   733 F libc    : CANNOT LINK EXECUTABLE "/vendor/bin/slim_daemon": library "libloc_api_v02.so" not found
05-12 00:28:32.537   733   733 F libc    : Fatal signal 6 (SIGABRT), code -6 in tid 733 (slim_daemon), pid 733 (slim_daemon)
05-12 00:28:32.562   737   737 F DEBUG   : *** *** *** *** *** *** *** *** *** *** *** *** *** *** *** ***
05-12 00:28:32.562   737   737 F DEBUG   : Build fingerprint: 'Android/aosp_bullhead/bullhead:8.1.0/OPM7.181205.001/yanbin03090725:userdebug/test-keys'
05-12 00:28:32.563   737   737 F DEBUG   : Revision: 'rev_1.0'
05-12 00:28:32.563   737   737 F DEBUG   : ABI: 'arm64'
05-12 00:28:32.563   737   737 F DEBUG   : pid: 733, tid: 733, name: slim_daemon  >>> /vendor/bin/slim_daemon <<<
05-12 00:28:32.563   737   737 F DEBUG   : signal 6 (SIGABRT), code -6 (SI_TKILL), fault addr --------
05-12 00:28:32.565   737   737 F DEBUG   : Abort message: 'CANNOT LINK EXECUTABLE "/vendor/bin/slim_daemon": library "libloc_api_v02.so" not found'
05-12 00:28:32.565   737   737 F DEBUG   :     x0   0000000000000000  x1   00000000000002dd  x2   0000000000000006  x3   0000000000000008
05-12 00:28:32.565   737   737 F DEBUG   :     x4   0000000000000080  x5   0000000000000080  x6   0000000000000080  x7   0000000000000040
05-12 00:28:32.565   737   737 F DEBUG   :     x8   0000000000000083  x9   0000000010000000  x10  0000007fe0bd8cc0  x11  0000000000000001
05-12 00:28:32.565   737   737 F DEBUG   :     x12  0000000000000038  x13  0000000000000000  x14  0000000000000000  x15  00200558eb7e6545
05-12 00:28:32.565   737   737 F DEBUG   :     x16  0000000000000000  x17  0afd62a6466092e7  x18  f81047c31dd358bd  x19  00000000000002dd
05-12 00:28:32.565   737   737 F DEBUG   :     x20  00000000000002dd  x21  0000000000000083  x22  0000007fe0bda028  x23  000000557e4539c8
05-12 00:28:32.565   737   737 F DEBUG   :     x24  0000007efe2e33d8  x25  0000007efe3ed3d0  x26  0000007efe3ed7b0  x27  0000007efe3ed000
05-12 00:28:32.565   737   737 F DEBUG   :     x28  0000007fe0bda020  x29  0000007fe0bd8d00  x30  0000007efe390fb4
05-12 00:28:32.565   737   737 F DEBUG   :     sp   0000007fe0bd8cc0  pc   0000007efe390fdc  pstate 0000000060000000
05-12 00:28:32.572   737   737 F DEBUG   : 
05-12 00:28:32.572   737   737 F DEBUG   : backtrace:
05-12 00:28:32.572   737   737 F DEBUG   :     #00 pc 000000000009dfdc  /system/bin/linker64 (__dl_abort+120)
05-12 00:28:32.572   737   737 F DEBUG   :     #01 pc 000000000001cb8c  /system/bin/linker64 (__dl___linker_init+3628)
05-12 00:28:32.572   737   737 F DEBUG   :     #02 pc 00000000000230a4  /system/bin/linker64 (_start+4)
05-12 00:28:32.609   742   742 F libc    : CANNOT LINK EXECUTABLE "/vendor/bin/slim_daemon": library "libloc_api_v02.so" not found
05-12 00:28:32.609   742   742 F libc    : Fatal signal 6 (SIGABRT), code -6 in tid 742 (slim_daemon), pid 742 (slim_daemon)
05-12 00:28:32.633   745   745 F DEBUG   : *** *** *** *** *** *** *** *** *** *** *** *** *** *** *** ***
05-12 00:28:32.634   745   745 F DEBUG   : Build fingerprint: 'Android/aosp_bullhead/bullhead:8.1.0/OPM7.181205.001/yanbin03090725:userdebug/test-keys'
05-12 00:28:32.634   745   745 F DEBUG   : Revision: 'rev_1.0'
05-12 00:28:32.634   745   745 F DEBUG   : ABI: 'arm64'
05-12 00:28:32.634   745   745 F DEBUG   : pid: 742, tid: 742, name: slim_daemon  >>> /vendor/bin/slim_daemon <<<
05-12 00:28:32.634   745   745 F DEBUG   : signal 6 (SIGABRT), code -6 (SI_TKILL), fault addr --------
05-12 00:28:32.635   745   745 F DEBUG   : Abort message: 'CANNOT LINK EXECUTABLE "/vendor/bin/slim_daemon": library "libloc_api_v02.so" not found'
05-12 00:28:32.635   745   745 F DEBUG   :     x0   0000000000000000  x1   00000000000002e6  x2   0000000000000006  x3   0000000000000008
05-12 00:28:32.635   745   745 F DEBUG   :     x4   0000000000000080  x5   0000000000000080  x6   0000000000000080  x7   0000000000000040
05-12 00:28:32.635   745   745 F DEBUG   :     x8   0000000000000083  x9   0000000010000000  x10  0000007fed335370  x11  0000000000000001
05-12 00:28:32.635   745   745 F DEBUG   :     x12  0000000000000038  x13  0000000000000000  x14  0000000000000000  x15  00244eb0231bb3da
05-12 00:28:32.635   745   745 F DEBUG   :     x16  0000000000000000  x17  03dd946f8a6a5748  x18  18a8f9c3aea16b61  x19  00000000000002e6
05-12 00:28:32.635   745   745 F DEBUG   :     x20  00000000000002e6  x21  0000000000000083  x22  0000007fed3366d8  x23  000000556d4059c8
05-12 00:28:32.635   745   745 F DEBUG   :     x24  00000073128363d8  x25  00000073129403d0  x26  00000073129407b0  x27  0000007312940000
05-12 00:28:32.635   745   745 F DEBUG   :     x28  0000007fed3366d0  x29  0000007fed3353b0  x30  00000073128e3fb4
05-12 00:28:32.635   745   745 F DEBUG   :     sp   0000007fed335370  pc   00000073128e3fdc  pstate 0000000060000000
05-12 00:28:32.637   745   745 F DEBUG   : 
05-12 00:28:32.637   745   745 F DEBUG   : backtrace:
05-12 00:28:32.637   745   745 F DEBUG   :     #00 pc 000000000009dfdc  /system/bin/linker64 (__dl_abort+120)
05-12 00:28:32.637   745   745 F DEBUG   :     #01 pc 000000000001cb8c  /system/bin/linker64 (__dl___linker_init+3628)
05-12 00:28:32.637   745   745 F DEBUG   :     #02 pc 00000000000230a4  /system/bin/linker64 (_start+4)
05-12 00:28:32.665   750   750 F libc    : CANNOT LINK EXECUTABLE "/vendor/bin/slim_daemon": library "libloc_api_v02.so" not found
05-12 00:28:32.666   750   750 F libc    : Fatal signal 6 (SIGABRT), code -6 in tid 750 (slim_daemon), pid 750 (slim_daemon)
05-12 00:28:32.694   753   753 F DEBUG   : *** *** *** *** *** *** *** *** *** *** *** *** *** *** *** ***
05-12 00:28:32.694   753   753 F DEBUG   : Build fingerprint: 'Android/aosp_bullhead/bullhead:8.1.0/OPM7.181205.001/yanbin03090725:userdebug/test-keys'
05-12 00:28:32.694   753   753 F DEBUG   : Revision: 'rev_1.0'
05-12 00:28:32.694   753   753 F DEBUG   : ABI: 'arm64'
05-12 00:28:32.694   753   753 F DEBUG   : pid: 750, tid: 750, name: slim_daemon  >>> /vendor/bin/slim_daemon <<<
05-12 00:28:32.694   753   753 F DEBUG   : signal 6 (SIGABRT), code -6 (SI_TKILL), fault addr --------
05-12 00:28:32.696   753   753 F DEBUG   : Abort message: 'CANNOT LINK EXECUTABLE "/vendor/bin/slim_daemon": library "libloc_api_v02.so" not found'
05-12 00:28:32.696   753   753 F DEBUG   :     x0   0000000000000000  x1   00000000000002ee  x2   0000000000000006  x3   0000000000000008
05-12 00:28:32.696   753   753 F DEBUG   :     x4   0000000000000080  x5   0000000000000080  x6   0000000000000080  x7   0000000000000040
05-12 00:28:32.696   753   753 F DEBUG   :     x8   0000000000000083  x9   0000000010000000  x10  0000007fffc9a9f0  x11  0000000000000001
05-12 00:28:32.696   753   753 F DEBUG   :     x12  0000000000000038  x13  0000000000000000  x14  0000000000000000  x15  0027ab0f494074e1
05-12 00:28:32.696   753   753 F DEBUG   :     x16  0000000000000000  x17  09ae61782e111f1b  x18  07a49ddbb6f04f5b  x19  00000000000002ee
05-12 00:28:32.696   753   753 F DEBUG   :     x20  00000000000002ee  x21  0000000000000083  x22  0000007fffc9bd58  x23  000000555e1029c8
05-12 00:28:32.696   753   753 F DEBUG   :     x24  0000007b812703d8  x25  0000007b8137a3d0  x26  0000007b8137a7b0  x27  0000007b8137a000
05-12 00:28:32.696   753   753 F DEBUG   :     x28  0000007fffc9bd50  x29  0000007fffc9aa30  x30  0000007b8131dfb4
05-12 00:28:32.696   753   753 F DEBUG   :     sp   0000007fffc9a9f0  pc   0000007b8131dfdc  pstate 0000000060000000
05-12 00:28:32.699   753   753 F DEBUG   : 
05-12 00:28:32.699   753   753 F DEBUG   : backtrace:
05-12 00:28:32.699   753   753 F DEBUG   :     #00 pc 000000000009dfdc  /system/bin/linker64 (__dl_abort+120)
05-12 00:28:32.699   753   753 F DEBUG   :     #01 pc 000000000001cb8c  /system/bin/linker64 (__dl___linker_init+3628)
05-12 00:28:32.699   753   753 F DEBUG   :     #02 pc 00000000000230a4  /system/bin/linker64 (_start+4)
05-12 00:28:33.136   558   558 D Zygote64Timing: BeginIcuCachePinning took to complete: 54ms
05-12 00:28:33.403   559   559 D Zygote32Timing: PostZygoteInitGC took to complete: 9ms
05-12 00:28:33.403   559   559 D Zygote32Timing: ZygoteInit took to complete: 12ms
05-12 00:28:33.779   558   558 D Zygote64Timing: PreloadClasses took to complete: 643ms
05-12 00:28:33.961   558   558 D Zygote64Timing: PreloadResources took to complete: 183ms
05-12 00:28:34.022   558   558 D Zygote64Timing: ZygotePreload took to complete: 941ms
05-12 00:28:34.049   558   558 D Zygote64Timing: PostZygoteInitGC took to complete: 27ms
05-12 00:28:34.049   558   558 D Zygote64Timing: ZygoteInit took to complete: 968ms
05-12 00:28:34.210   815   815 I SystemServer: InitBeforeStartServices
05-12 00:28:34.210   815   815 I SystemServer: Entered the Android system server!
05-12 00:28:34.381   815   815 D SystemServerTiming: InitBeforeStartServices took to complete: 170ms
05-12 00:28:34.381   815   815 I SystemServer: StartServices
05-12 00:28:34.381   815   815 I SystemServer: Reading configuration...
05-12 00:28:34.381   815   815 I SystemServer: ReadingSystemConfig
05-12 00:28:34.382   815   815 D SystemServerTiming: ReadingSystemConfig took to complete: 1ms
05-12 00:28:34.382   815   815 I SystemServer: StartInstaller
05-12 00:28:34.382   815   815 I SystemServiceManager: Starting com.android.server.pm.Installer
05-12 00:28:34.382   815   833 D SystemServerInitThreadPool: Started executing ReadingSystemConfig
05-12 00:28:34.384   815   815 D SystemServerTiming: StartInstaller took to complete: 2ms
05-12 00:28:34.384   815   815 I SystemServer: DeviceIdentifiersPolicyService
05-12 00:28:34.384   815   815 I SystemServiceManager: Starting com.android.server.os.DeviceIdentifiersPolicyService
05-12 00:28:34.386   815   815 D SystemServerTiming: DeviceIdentifiersPolicyService took to complete: 2ms
05-12 00:28:34.386   815   815 I SystemServer: StartActivityManager
05-12 00:28:34.386   815   815 I SystemServiceManager: Starting com.android.server.am.ActivityManagerService$Lifecycle
05-12 00:28:34.397   815   815 I XXXXXX  : scaleMem=4.182857
05-12 00:28:34.397   815   815 I XXXXXX  : scaleDisp=-0.6 dw=0 dh=0
05-12 00:28:34.397   815   815 I XXXXXX  : minfree_adj=0 minfree_abs=-1
05-12 00:28:34.400   815   815 I ActivityManager: Memory class: 192
05-12 00:28:34.401   815   835 I ServiceThread: Enabled StrictMode logging for ActivityManager looper.
05-12 00:28:34.405   815   836 I ServiceThread: Enabled StrictMode logging for android.ui looper.
05-12 00:28:34.420   815   815 D BatteryStatsImpl: Reading daily items from /data/system/batterystats-daily.xml
05-12 00:28:34.443   815   838 E BatteryExternalStatsWorker: no controller energy info supplied for telephony
05-12 00:28:34.446   815   833 D SystemServerInitThreadPool: Finished executing ReadingSystemConfig
05-12 00:28:34.446   815   838 E KernelUidCpuFreqTimeReader: Failed to read /proc/uid_time_in_state: java.io.FileNotFoundException: /proc/uid_time_in_state (No such file or directory)
05-12 00:28:34.451   815   838 W KernelMemoryBandwidthStats: No kernel memory bandwidth stats available
05-12 00:28:34.497   815   815 I IntentFirewall: Read new rules (A:0 B:0 S:0)
05-12 00:28:34.500   815   844 I ServiceThread: Enabled StrictMode logging for android.display looper.
05-12 00:28:34.507   815   815 D AppOps  : AppOpsService published
05-12 00:28:34.507   815   815 D SystemServerTiming: StartActivityManager took to complete: 122ms
05-12 00:28:34.507   815   815 I SystemServer: StartPowerManager
05-12 00:28:34.507   815   815 I SystemServiceManager: Starting com.android.server.power.PowerManagerService
05-12 00:28:34.509   815   846 I ServiceThread: Enabled StrictMode logging for PowerManagerService looper.
05-12 00:28:34.512   815   815 D SystemServerTiming: StartPowerManager took to complete: 4ms
05-12 00:28:34.512   815   815 I SystemServer: InitPowerManagement
05-12 00:28:34.514   815   815 D SystemServerTiming: InitPowerManagement took to complete: 1ms
05-12 00:28:34.514   815   815 I SystemServer: StartRecoverySystemService
05-12 00:28:34.514   815   815 I SystemServiceManager: Starting com.android.server.RecoverySystemService
05-12 00:28:34.515   815   815 D SystemServerTiming: StartRecoverySystemService took to complete: 1ms
05-12 00:28:34.516   815   815 V RescueParty: Disabled because of active USB connection
05-12 00:28:34.516   815   815 I SystemServer: StartLightsService
05-12 00:28:34.516   815   815 I SystemServiceManager: Starting com.android.server.lights.LightsService
05-12 00:28:34.516   815   815 D SystemServerTiming: StartLightsService took to complete: 0ms
05-12 00:28:34.516   815   815 I SystemServer: StartDisplayManager
05-12 00:28:34.516   815   815 I SystemServiceManager: Starting com.android.server.display.DisplayManagerService
05-12 00:28:34.522   815   815 D SystemServerTiming: StartDisplayManager took to complete: 6ms
05-12 00:28:34.522   815   815 I SystemServer: WaitForDisplay
05-12 00:28:34.522   815   815 I SystemServiceManager: Starting phase 100
05-12 00:28:34.523   815   844 E LocalDisplayAdapter: Default and active color mode is no longer available! Reverting to first available mode.
05-12 00:28:34.525   815   844 I DisplayManagerService: Display device added: DisplayDeviceInfo{"Built-in Screen": uniqueId="local:0", 1080 x 1920, modeId 1, defaultModeId 1, supportedModes [{id=1, width=1080, height=1920, fps=60.0}], colorMode -22, supportedColorModes [-22], HdrCapabilities android.view.Display$HdrCapabilities@1d6308, density 420, 422.03 x 424.069 dpi, appVsyncOff 2000000, presDeadline 11666667, touch INTERNAL, rotation 0, type BUILT_IN, state UNKNOWN, FLAG_DEFAULT_DISPLAY, FLAG_ROTATES_WITH_CONTENT, FLAG_SECURE, FLAG_SUPPORTS_PROTECTED_BUFFERS}
05-12 00:28:34.540   815   815 D SystemServerTiming: WaitForDisplay took to complete: 19ms
05-12 00:28:34.541   815   844 I DisplayManagerService: Display device changed state: "Built-in Screen", ON
05-12 00:28:34.541   815   815 I SystemServer: StartPackageManagerService
05-12 00:28:34.560   815   815 D SELinuxMMAC: Using policy file /system/etc/selinux/plat_mac_permissions.xml
05-12 00:28:34.570   815   815 D SELinuxMMAC: Using policy file /vendor/etc/selinux/nonplat_mac_permissions.xml
05-12 00:28:34.641   815   815 W PackageManager: Wiping cache directory because the system partition changed.
05-12 00:28:34.663   815   815 W PackageManager: Failed to parse /system/framework/arm: Missing base APK in /system/framework/arm
05-12 00:28:34.663   815   815 W PackageManager: Failed to parse /system/framework/arm64: Missing base APK in /system/framework/arm64
05-12 00:28:34.663   815   815 W PackageManager: Failed to parse /system/framework/oat: Missing base APK in /system/framework/oat
05-12 00:28:34.779   815   871 W PackageParser: No actions in intent filter at /system/priv-app/Contacts/Contacts.apk Binary XML file line #443
05-12 00:28:34.972   815   868 W PackageParser: Ignoring duplicate uses-permissions/uses-permissions-sdk-m: android.permission.INSTALL_GRANT_RUNTIME_PERMISSIONS in package: com.android.shell at: Binary XML file line #106
05-12 00:28:35.027   815   869 W PackageParser: Ignoring duplicate uses-permissions/uses-permissions-sdk-m: android.permission.CONFIGURE_WIFI_DISPLAY in package: com.android.systemui at: Binary XML file line #131
05-12 00:28:35.105   815   870 I PackageParser: Parse times for '/system/priv-app/TeleService': parse=116ms, update_cache=10 ms
05-12 00:28:35.131   815   871 I PackageParser: Parse times for '/system/priv-app/Settings': parse=213ms, update_cache=30 ms
05-12 00:28:35.156   815   931 W PackageParser: Ignoring duplicate uses-permissions/uses-permissions-sdk-m: android.permission.READ_CONTACTS in package: com.android.bluetooth at: Binary XML file line #61
05-12 00:28:35.159   815   931 W PackageParser: No actions in intent filter at /system/app/Bluetooth/Bluetooth.apk Binary XML file line #225
05-12 00:28:35.188   815   931 W PackageParser: No actions in intent filter at /system/app/CarrierDefaultApp/CarrierDefaultApp.apk Binary XML file line #50
05-12 00:28:35.243   815   933 W PackageParser: Ignoring duplicate uses-permissions/uses-permissions-sdk-m: android.permission.WRITE_CONTACTS in package: com.android.email at: Binary XML file line #40
05-12 00:28:35.303   815   930 W PackageParser: Ignoring duplicate uses-permissions/uses-permissions-sdk-m: android.permission.CHANGE_WIFI_STATE in package: com.android.nfc at: Binary XML file line #47
05-12 00:28:35.303   815   930 W PackageParser: Ignoring duplicate uses-permissions/uses-permissions-sdk-m: android.permission.ACCESS_WIFI_STATE in package: com.android.nfc at: Binary XML file line #48
05-12 00:28:35.364   815   815 I PackageManager: /system/app/Hello_JNI.apk changed; collecting certs
05-12 00:28:35.374   815   815 W PackageManager: Failed to scan /system/app/Hello_JNI.apk: Application package com.yanbing.hello_jni already installed.  Skipping duplicate.
05-12 00:28:35.408   815   815 I PackageManager: Finished scanning system apps. Time: 768 ms, packageCount: 86 , timePerPackage: 8 , cached: 0
05-12 00:28:35.409   815   815 I PackageManager: Finished scanning non-system apps. Time: 1 ms, packageCount: 0 , timePerPackage: 0 , cached: 0
05-12 00:28:35.415   815   815 I PackageManager: Time to scan packages: 0.775 seconds
05-12 00:28:35.419   815   815 V PackageManager: reconcileAppsData for null u0 0x3 migrateAppData=true
05-12 00:28:35.560   815   815 V PackageManager: reconcileAppsData finished 18 packages
05-12 00:28:35.561   815   959 D SystemServerInitThreadPool: Started executing prepareAppData
05-12 00:28:35.622   815   815 D PackageManager: Ephemeral resolver not found with new action; try old one
05-12 00:28:35.622   815   815 D PackageManager: Ephemeral resolver NOT found; no matching intent filters
05-12 00:28:35.622   815   815 D PackageManager: Ephemeral installer not found with new action; try old one
05-12 00:28:35.623   815   815 D PackageManager: Clear ephemeral installer activity
05-12 00:28:35.675   815   959 D SystemServerTimingAsync: AppDataFixup took to complete: 114ms
05-12 00:28:35.682   815   815 D SystemServerTiming: StartPackageManagerService took to complete: 1142ms
05-12 00:28:35.683   815   815 I SystemServer: StartOtaDexOptService
05-12 00:28:35.690   815   815 D OTADexopt: No upgrade, skipping A/B artifacts check.
05-12 00:28:35.690   815   815 D SystemServerTiming: StartOtaDexOptService took to complete: 8ms
05-12 00:28:35.691   815   815 I SystemServer: StartUserManagerService
05-12 00:28:35.691   815   815 I SystemServiceManager: Starting com.android.server.pm.UserManagerService$LifeCycle
05-12 00:28:35.692   815   815 D SystemServerTiming: StartUserManagerService took to complete: 1ms
05-12 00:28:35.692   815   815 I SystemServer: InitAttributerCache
05-12 00:28:35.692   815   815 D SystemServerTiming: InitAttributerCache took to complete: 0ms
05-12 00:28:35.692   815   815 I SystemServer: SetSystemProcess
05-12 00:28:35.705   815   815 D SystemServerTiming: SetSystemProcess took to complete: 12ms
05-12 00:28:35.706   815   961 I ServiceThread: Enabled StrictMode logging for android.anim looper.
05-12 00:28:35.706   815   815 I SystemServer: StartOverlayManagerService
05-12 00:28:35.708   815   815 D SystemServerTiming: StartOverlayManagerService took to complete: 1ms
05-12 00:28:35.708   815   962 D SystemServerInitThreadPool: Started executing Init OverlayManagerService
05-12 00:28:35.708   815   815 I SystemServer: StartDropBoxManager
05-12 00:28:35.709   815   963 D SystemServerInitThreadPool: Started executing StartSensorService
05-12 00:28:35.712   815   815 I SystemServiceManager: Starting com.android.server.DropBoxManagerService
05-12 00:28:35.721   815   815 D SystemServerTiming: StartDropBoxManager took to complete: 13ms
05-12 00:28:35.722   815   815 I SystemServer: StartBatteryService
05-12 00:28:35.722   815   815 I SystemServiceManager: Starting com.android.server.BatteryService
05-12 00:28:35.729   815   815 D SystemServerTiming: StartBatteryService took to complete: 7ms
05-12 00:28:35.729   815   815 I SystemServer: StartUsageService
05-12 00:28:35.735   815   815 I SystemServiceManager: Starting com.android.server.usage.UsageStatsService
05-12 00:28:35.747   815   815 D SystemServerTiming: StartUsageService took to complete: 17ms
05-12 00:28:35.747   815   815 I SystemServer: StartWebViewUpdateService
05-12 00:28:35.747   815   815 I SystemServiceManager: Starting com.android.server.webkit.WebViewUpdateService
05-12 00:28:35.752   815   815 D SystemServerTiming: StartWebViewUpdateService took to complete: 5ms
05-12 00:28:35.753   815   815 I SystemServer: StartKeyAttestationApplicationIdProviderService
05-12 00:28:35.753   815   833 D SystemServerInitThreadPool: Started executing SecondaryZygotePreload
05-12 00:28:35.753   815   833 I SystemServer: SecondaryZygotePreload
05-12 00:28:35.755   815   815 D SystemServerTiming: StartKeyAttestationApplicationIdProviderService took to complete: 1ms
05-12 00:28:35.755   815   815 I SystemServer: StartKeyChainSystemService
05-12 00:28:35.755   815   815 I SystemServiceManager: Starting com.android.server.security.KeyChainSystemService
05-12 00:28:35.756   815   815 D SystemServerTiming: StartKeyChainSystemService took to complete: 1ms
05-12 00:28:35.756   815   815 I SystemServer: StartSchedulingPolicyService
05-12 00:28:35.758   815   815 D SystemServerTiming: StartSchedulingPolicyService took to complete: 2ms
05-12 00:28:35.758   815   815 I SystemServer: StartTelecomLoaderService
05-12 00:28:35.758   815   815 I SystemServiceManager: Starting com.android.server.telecom.TelecomLoaderService
05-12 00:28:35.759   815   815 D SystemServerTiming: StartTelecomLoaderService took to complete: 1ms
05-12 00:28:35.759   815   815 I SystemServer: StartTelephonyRegistry
05-12 00:28:35.766   815   815 D SystemServerTiming: StartTelephonyRegistry took to complete: 7ms
05-12 00:28:35.766   815   815 I SystemServer: StartEntropyMixer
05-12 00:28:35.771   815   815 I EntropyMixer: Added HW RNG output to entropy pool
05-12 00:28:35.771   815   815 I EntropyMixer: Writing entropy...
05-12 00:28:35.779   815   815 D SystemServerTiming: StartEntropyMixer took to complete: 13ms
05-12 00:28:35.779   815   815 I SystemServer: StartAccountManagerService
05-12 00:28:35.779   815   815 I SystemServiceManager: Starting com.android.server.accounts.AccountManagerService$Lifecycle
05-12 00:28:35.788   815   815 D SystemServerTiming: StartAccountManagerService took to complete: 9ms
05-12 00:28:35.788   559   559 D ZygoteInitTiming_lazy: BeginIcuCachePinning took to complete: 12ms
05-12 00:28:35.788   815   815 I SystemServer: StartContentService
05-12 00:28:35.795   815   815 I SystemServiceManager: Starting com.android.server.content.ContentService$Lifecycle
05-12 00:28:35.797   815   815 D SystemServerTiming: StartContentService took to complete: 9ms
05-12 00:28:35.797   815   815 I SystemServer: InstallSystemProviders
05-12 00:28:35.816   815   962 D SystemServerInitThreadPool: Finished executing Init OverlayManagerService
05-12 00:28:35.830   815   815 I SettingsState: No settings state /data/system/users/0/settings_ssaid.xml
05-12 00:28:35.838   815   815 D SystemServerTiming: InstallSystemProviders took to complete: 41ms
05-12 00:28:35.838   815   815 I SystemServer: StartVibratorService
05-12 00:28:35.862   815   815 D SystemServerTiming: StartVibratorService took to complete: 24ms
05-12 00:28:35.862   815   815 I SystemServer: StartConsumerIrService
05-12 00:28:35.866   815   815 D SystemServerTiming: StartConsumerIrService took to complete: 3ms
05-12 00:28:35.866   815   815 I SystemServer: StartAlarmManagerService
05-12 00:28:35.866   815   815 I SystemServiceManager: Starting com.android.server.AlarmManagerService
05-12 00:28:35.874   815   963 D SystemServerTimingAsync: StartSensorService took to complete: 165ms
05-12 00:28:35.874   815   963 D SystemServerInitThreadPool: Finished executing StartSensorService
05-12 00:28:35.878   815   815 D SystemServerTiming: StartAlarmManagerService took to complete: 11ms
05-12 00:28:35.878   815   815 I SystemServer: InitWatchdog
05-12 00:28:35.879   815   815 D SystemServerTiming: InitWatchdog took to complete: 1ms
05-12 00:28:35.879   815   815 I SystemServer: StartInputManagerService
05-12 00:28:35.879   815   815 I InputManager: Initializing input manager, mUseDevInputEventForAudioJack=true
05-12 00:28:35.880   815   815 D SystemServerTiming: StartInputManagerService took to complete: 2ms
05-12 00:28:35.881   815   815 I SystemServer: StartWindowManagerService
05-12 00:28:35.899   815   844 I WindowManager: No existing display settings /data/system/display_settings.xml; starting empty
05-12 00:28:35.939   815   815 D SystemServerTiming: StartWindowManagerService took to complete: 58ms
05-12 00:28:35.939   815   815 I SystemServer: StartVrManagerService
05-12 00:28:35.939   815   962 D SystemServerInitThreadPool: Started executing StartHidlServices
05-12 00:28:35.939   815   815 I SystemServiceManager: Starting com.android.server.vr.VrManagerService
05-12 00:28:35.945   815   962 D SystemServerTimingAsync: StartHidlServices took to complete: 6ms
05-12 00:28:35.945   815   962 D SystemServerInitThreadPool: Finished executing StartHidlServices
05-12 00:28:35.948   815   815 D SystemServerTiming: StartVrManagerService took to complete: 8ms
05-12 00:28:35.948   815   815 I SystemServer: SetWindowManagerService
05-12 00:28:35.953   815   815 D SystemServerTiming: SetWindowManagerService took to complete: 6ms
05-12 00:28:35.953   815   815 I SystemServer: StartInputManager
05-12 00:28:35.953   815   815 I InputManager: Starting input manager
05-12 00:28:35.958   815   815 D SystemServerTiming: StartInputManager took to complete: 4ms
05-12 00:28:35.958   815   815 I SystemServer: DisplayManagerWindowManagerAndInputReady
05-12 00:28:35.959   815   815 D SystemServerTiming: DisplayManagerWindowManagerAndInputReady took to complete: 0ms
05-12 00:28:35.959   815   815 I SystemServer: StartBluetoothService
05-12 00:28:35.960   815   815 I SystemServiceManager: Starting com.android.server.BluetoothService
05-12 00:28:35.965   815   815 D BluetoothManagerService: Loading stored name and address
05-12 00:28:35.966   815   815 D BluetoothManagerService: Stored bluetooth Name=AOSP on BullHead,Address=64:BC:0C:F7:91:12
05-12 00:28:35.966   815   815 D BluetoothManagerService: Bluetooth persisted state: 1
05-12 00:28:35.966   815   815 D BluetoothManagerService: Startup: Bluetooth persisted state is ON.
05-12 00:28:35.966   815   815 D SystemServerTiming: StartBluetoothService took to complete: 8ms
05-12 00:28:35.966   815   815 I SystemServer: IpConnectivityMetrics
05-12 00:28:35.967   815   815 I SystemServiceManager: Starting com.android.server.connectivity.IpConnectivityMetrics
05-12 00:28:35.968   815   815 D SystemServerTiming: IpConnectivityMetrics took to complete: 1ms
05-12 00:28:35.968   815   815 I SystemServer: PinnerService
05-12 00:28:35.968   815   815 I SystemServiceManager: Starting com.android.server.PinnerService
05-12 00:28:35.971   815   815 D SystemServerTiming: PinnerService took to complete: 2ms
05-12 00:28:35.971   815   815 I SystemServer: StartInputMethodManagerLifecycle
05-12 00:28:35.972   815   815 I SystemServiceManager: Starting com.android.server.InputMethodManagerService$Lifecycle
05-12 00:28:36.004   815   815 D SystemServerTiming: StartInputMethodManagerLifecycle took to complete: 33ms
05-12 00:28:36.004   815   815 I SystemServer: StartAccessibilityManagerService
05-12 00:28:36.009   815   815 D SystemServerTiming: StartAccessibilityManagerService took to complete: 5ms
05-12 00:28:36.010   815   815 I SystemServer: MakeDisplayReady
05-12 00:28:36.011   815   815 I XXXXXX  : scaleMem=4.182857
05-12 00:28:36.011   815   815 I XXXXXX  : scaleDisp=2.64 dw=1080 dh=1920
05-12 00:28:36.011   815   815 I XXXXXX  : minfree_adj=0 minfree_abs=-1
05-12 00:28:36.014   815   815 I ActivityManager: Config changes=5df8 {1.0 ?mcc?mnc [en_US] ldltr sw411dp w411dp h731dp 420dpi nrml long port ?uimode ?night -touch -keyb/v/h -nav/h appBounds=Rect(0, 0 - 1080, 1920) s.2}
05-12 00:28:36.024   815   815 I ActivityManager: Override config changes=40007dfc {1.0 ?mcc?mnc [en_US] ldltr sw411dp w411dp h731dp 420dpi nrml long port ?uimode ?night -touch -keyb/v/h -nav/h appBounds=Rect(0, 0 - 1080, 1920) s.2} for displayId=0
05-12 00:28:36.031   815   815 W LocalDisplayAdapter: Unable to find color mode 0, ignoring request.
05-12 00:28:36.036   815   815 I ActivityManager: Config changes=500 {1.0 ?mcc?mnc [en_US] ldltr sw411dp w411dp h659dp 420dpi nrml port ?uimode ?night -touch -keyb/v/h -nav/h appBounds=Rect(0, 0 - 1080, 1794) s.3}
05-12 00:28:36.039   815   815 I ActivityManager: Override config changes=500 {1.0 ?mcc?mnc [en_US] ldltr sw411dp w411dp h659dp 420dpi nrml port ?uimode ?night -touch -keyb/v/h -nav/h appBounds=Rect(0, 0 - 1080, 1794) s.3} for displayId=0
05-12 00:28:36.041   815   815 D SystemServerTiming: MakeDisplayReady took to complete: 31ms
05-12 00:28:36.041   815   815 I SystemServer: StartStorageManagerService
05-12 00:28:36.041   815   815 I SystemServiceManager: Starting com.android.server.StorageManagerService$Lifecycle
05-12 00:28:36.042   815   986 I ActivityManager: Config changes=8 {1.0 ?mcc?mnc [en_US] ldltr sw411dp w411dp h659dp 420dpi nrml port ?uimode ?night finger -keyb/v/h -nav/h appBounds=Rect(0, 0 - 1080, 1794) s.4}
05-12 00:28:36.042   559   559 D ZygoteInitTiming_lazy: PreloadClasses took to complete: 255ms
05-12 00:28:36.057   815   834 I UsageStatsService: User[0] Rollover scheduled @ 1970-05-12 09:20:13(11352013079)
05-12 00:28:36.058   815   986 I ActivityManager: Override config changes=8 {1.0 ?mcc?mnc [en_US] ldltr sw411dp w411dp h659dp 420dpi nrml port ?uimode ?night finger -keyb/v/h -nav/h appBounds=Rect(0, 0 - 1080, 1794) s.4} for displayId=0
05-12 00:28:36.060   815   986 W LocalDisplayAdapter: Unable to find color mode 0, ignoring request.
05-12 00:28:36.066   815   815 D SystemServerTiming: StartStorageManagerService took to complete: 25ms
05-12 00:28:36.066   815   815 I SystemServer: StartStorageStatsService
05-12 00:28:36.066   815   815 I SystemServiceManager: Starting com.android.server.usage.StorageStatsService$Lifecycle
05-12 00:28:36.069   815   988 D StorageManagerService: Thinking about init, mSystemReady=false, mDaemonConnected=true
05-12 00:28:36.069   815   988 D StorageManagerService: Thinking about reset, mSystemReady=false, mDaemonConnected=true
05-12 00:28:36.071   815   815 D SystemServerTiming: StartStorageStatsService took to complete: 5ms
05-12 00:28:36.071   815   815 I SystemServer: StartUiModeManager
05-12 00:28:36.072   815   815 I SystemServiceManager: Starting com.android.server.UiModeManagerService
05-12 00:28:36.073   815   988 D StorageManagerService: Thinking about init, mSystemReady=false, mDaemonConnected=true
05-12 00:28:36.073   815   988 D StorageManagerService: Thinking about reset, mSystemReady=false, mDaemonConnected=true
05-12 00:28:36.074   815   988 D CryptdConnector: SND -> {1 cryptfs getfield SystemLocale}
05-12 00:28:36.074   815   963 D SystemServerInitThreadPool: Started executing UiModeManager.onStart
05-12 00:28:36.074   815   963 I ActivityManager: Config changes=200 {1.0 ?mcc?mnc [en_US] ldltr sw411dp w411dp h659dp 420dpi nrml port finger -keyb/v/h -nav/h appBounds=Rect(0, 0 - 1080, 1794) s.5}
05-12 00:28:36.075   815   815 D SystemServerTiming: StartUiModeManager took to complete: 4ms
05-12 00:28:36.075   815   815 I SystemServer: UpdatePackagesIfNeeded
05-12 00:28:36.075   815   815 D SystemServerTiming: UpdatePackagesIfNeeded took to complete: 0ms
05-12 00:28:36.075   815   815 I SystemServer: PerformFstrimIfNeeded
05-12 00:28:36.077   815   815 D SystemServerTiming: PerformFstrimIfNeeded took to complete: 1ms
05-12 00:28:36.077   815   815 I SystemServer: StartLockSettingsService
05-12 00:28:36.078   815   815 I SystemServiceManager: Starting com.android.server.locksettings.LockSettingsService$Lifecycle
05-12 00:28:36.086   815   963 I ActivityManager: Override config changes=200 {1.0 ?mcc?mnc [en_US] ldltr sw411dp w411dp h659dp 420dpi nrml port finger -keyb/v/h -nav/h appBounds=Rect(0, 0 - 1080, 1794) s.5} for displayId=0
05-12 00:28:36.087   815   963 D SystemServerInitThreadPool: Finished executing UiModeManager.onStart
05-12 00:28:36.090   815   991 D CryptdConnector: RCV <- {200 1 -1}
05-12 00:28:36.091   815   815 D SystemServerTiming: StartLockSettingsService took to complete: 13ms
05-12 00:28:36.091   815   815 I SystemServer: StartPersistentDataBlock
05-12 00:28:36.091   815   815 I SystemServiceManager: Starting com.android.server.PersistentDataBlockService
05-12 00:28:36.091   815   988 W StorageManagerService: No primary storage mounted!
05-12 00:28:36.091   815   988 D VoldConnector: SND -> {1 asec list}
05-12 00:28:36.092   815   815 D SystemServerTiming: StartPersistentDataBlock took to complete: 1ms
05-12 00:28:36.092   815   962 D SystemServerInitThreadPool: Started executing PersistentDataBlockService.onStart
05-12 00:28:36.092   815   815 I SystemServer: StartOemLockService
05-12 00:28:36.093   815   815 I SystemServiceManager: Starting com.android.server.oemlock.OemLockService
05-12 00:28:36.093   815   962 E PersistentDataBlockService: not able to find package 
05-12 00:28:36.093   815   962 E PersistentDataBlockService: android.content.pm.PackageManager$NameNotFoundException: 
05-12 00:28:36.093   815   962 E PersistentDataBlockService: 	at android.app.ApplicationPackageManager.getPackageUidAsUser(ApplicationPackageManager.java:282)
05-12 00:28:36.093   815   962 E PersistentDataBlockService: 	at com.android.server.PersistentDataBlockService.getAllowedUid(PersistentDataBlockService.java:112)
05-12 00:28:36.093   815   962 E PersistentDataBlockService: 	at com.android.server.PersistentDataBlockService.lambda$-com_android_server_PersistentDataBlockService_5033(PersistentDataBlockService.java:125)
05-12 00:28:36.093   815   962 E PersistentDataBlockService: 	at com.android.server.-$Lambda$VaVGUZuNs2jqHMhhxPzwNl4zK-M.$m$3(Unknown Source:4)
05-12 00:28:36.093   815   962 E PersistentDataBlockService: 	at com.android.server.-$Lambda$VaVGUZuNs2jqHMhhxPzwNl4zK-M.run(Unknown Source:23)
05-12 00:28:36.093   815   962 E PersistentDataBlockService: 	at com.android.server.SystemServerInitThreadPool.lambda$-com_android_server_SystemServerInitThreadPool_2249(SystemServerInitThreadPool.java:64)
05-12 00:28:36.093   815   962 E PersistentDataBlockService: 	at com.android.server.-$Lambda$Ganck_s9Kl5o2K6eVDoQTKLc-6g.$m$2(Unknown Source:8)
05-12 00:28:36.093   815   962 E PersistentDataBlockService: 	at com.android.server.-$Lambda$Ganck_s9Kl5o2K6eVDoQTKLc-6g.run(Unknown Source:19)
05-12 00:28:36.093   815   962 E PersistentDataBlockService: 	at java.util.concurrent.Executors$RunnableAdapter.call(Executors.java:457)
05-12 00:28:36.093   815   962 E PersistentDataBlockService: 	at java.util.concurrent.FutureTask.run(FutureTask.java:266)
05-12 00:28:36.093   815   962 E PersistentDataBlockService: 	at java.util.concurrent.ThreadPoolExecutor.runWorker(ThreadPoolExecutor.java:1162)
05-12 00:28:36.093   815   962 E PersistentDataBlockService: 	at java.util.concurrent.ThreadPoolExecutor$Worker.run(ThreadPoolExecutor.java:636)
05-12 00:28:36.093   815   962 E PersistentDataBlockService: 	at com.android.internal.util.ConcurrentUtils$1$1.run(ConcurrentUtils.java:59)
05-12 00:28:36.094   815   990 D VoldConnector: RCV <- {200 1 asec operation succeeded}
05-12 00:28:36.096   815   815 I OemLock : OemLock HAL not present on device
05-12 00:28:36.096   815   815 I OemLock : Using persistent data block based lock
05-12 00:28:36.099   815   815 D SystemServerTiming: StartOemLockService took to complete: 6ms
05-12 00:28:36.099   815   815 I SystemServer: StartDeviceIdleController
05-12 00:28:36.100   815   815 I SystemServiceManager: Starting com.android.server.DeviceIdleController
05-12 00:28:36.124   815   962 D SystemServerInitThreadPool: Finished executing PersistentDataBlockService.onStart
05-12 00:28:36.132   559   559 D ZygoteInitTiming_lazy: PreloadResources took to complete: 90ms
05-12 00:28:36.139   815   988 W StorageManagerService: No primary storage mounted!
05-12 00:28:36.140   815   988 D VoldConnector: SND -> {2 asec list}
05-12 00:28:36.140   815   815 D SystemServerTiming: StartDeviceIdleController took to complete: 41ms
05-12 00:28:36.141   815   815 I SystemServer: StartDevicePolicyManager
05-12 00:28:36.141   815   815 I SystemServiceManager: Starting com.android.server.devicepolicy.DevicePolicyManagerService$Lifecycle
05-12 00:28:36.141   815   990 D VoldConnector: RCV <- {200 2 asec operation succeeded}
05-12 00:28:36.150   815   815 D SystemServerTiming: StartDevicePolicyManager took to complete: 9ms
05-12 00:28:36.150   815   815 I SystemServer: StartStatusBarManagerService
05-12 00:28:36.152   815   815 D SystemServerTiming: StartStatusBarManagerService took to complete: 2ms
05-12 00:28:36.153   815   815 I SystemServer: StartClipboardService
05-12 00:28:36.153   815   815 I SystemServiceManager: Starting com.android.server.clipboard.ClipboardService
05-12 00:28:36.155   815   815 D SystemServerTiming: StartClipboardService took to complete: 2ms
05-12 00:28:36.155   815   815 I SystemServer: StartNetworkManagementService
05-12 00:28:36.157   815   992 I NetworkManagement: onDaemonConnected()
05-12 00:28:36.160   815   815 D SystemServerTiming: StartNetworkManagementService took to complete: 4ms
05-12 00:28:36.160   815   815 I SystemServer: StartTextServicesManager
05-12 00:28:36.160   815   815 I SystemServiceManager: Starting com.android.server.TextServicesManagerService$Lifecycle
05-12 00:28:36.166   815   815 D SystemServerTiming: StartTextServicesManager took to complete: 6ms
