05-12 00:28:41.395  1219  1219 I TelecomFramework: PstnIncomingCallNotifier: Registering: Handler (com.android.internal.telephony.GsmCdmaPhone) {8ea7d70}
05-12 00:28:41.403  1219  1219 I ImsExternalCallTracker: handleVideoCapabilitiesChanged : isVideoCapable = false
05-12 00:28:41.403  1219  1219 D ImsExternalCallTracker: refreshCallPullState
05-12 00:28:41.403  1219  1219 I TelecomFramework: PstnPhoneCapabilitiesNotifier: handleVideoCapabilitesChanged. Video capability - false
05-12 00:28:41.405  1219  1219 E PhoneInterfaceManager: [PhoneIntfMgr] getIccId: No UICC
05-12 00:28:41.417   347   347 W /system/bin/hwservicemanager: getTransport: Cannot find entry android.hardware.graphics.mapper@2.0::IMapper/default in either framework or device manifest.
05-12 00:28:41.418  2017  2190 D vndksupport: Loading /vendor/lib64/hw/android.hardware.graphics.mapper@2.0-impl.so from current namespace instead of sphal namespace.
05-12 00:28:41.419  2017  2190 D vndksupport: Loading /vendor/lib64/hw/gralloc.msm8992.so from current namespace instead of sphal namespace.
05-12 00:28:41.421   815  1968 I Telecom : PhoneAccountRegistrar: Modify account: [ComponentInfo{com.android.phone/com.android.services.telephony.TelephonyConnectionService}, [e0184adedf913b076626646d3f52c3b49c39ad6d], UserHandle{0}]: TSI.rPA@AB8
05-12 00:28:41.444  2723  2841 I ContactLocale: AddressBook Labels [[en_US]]: [, A, B, C, D, E, F, G, H, I, J, K, L, M, N, O, P, Q, R, S, T, U, V, W, X, Y, Z, , , , , , , , , , , , , , , , , , , , , , , , , , , , , , , , , , , , , , , , , , , , , , , , , , , , , , , , , , , , , , , , , , , , , , , , , , , , , , , , , , , , , , , , , , , , , , , , , , , , , , , , , , , , , , , , , , , , , , , , , , , , , , , , , , , , , , , , , , , , , , , , , , , , , , , , , , , , , , , , , , , , , , , , , , , , , , , , , , , , , , , , , , , #, ]
05-12 00:28:41.444  2465  2465 I Dialer  : VisualVoicemailUpdateTask.scheduleTask - update successful
05-12 00:28:41.450   815   815 I Telecom : DefaultDialerCache: Refreshing default dialer for user 0: now com.android.dialer: DDC.oR@ACA
05-12 00:28:41.451  1045  1045 I LatinIME: Timeout waiting for dictionary load
05-12 00:28:41.454  1219  1219 D CarrierConfigLoader: mHandler: 13 phoneId: 0
05-12 00:28:41.516  2723  2841 D ContactsDatabaseHelper: WAL enabled for profile.db: false
05-12 00:28:41.519  1059  1059 D StatusBar: disable<e i a s b H R c s q >
05-12 00:28:41.520   560   770 D audio_hw_primary: disable_audio_route: usecase(1) reset and update mixer path: low-latency-playback
05-12 00:28:41.520  1059  1059 D StatusBar: disable<e i a s b H R c s q >
05-12 00:28:41.533   815   831 I ActivityManager: Start proc 3104:com.android.calendar/u0a38 for broadcast com.android.calendar/.alerts.AlertReceiver
05-12 00:28:41.538   560   770 D audio_hw_primary: disable_snd_device: snd_device(95: vi-feedback)
05-12 00:28:41.538   560   770 D audio_hw_primary: disable_audio_route: usecase(24) reset and update mixer path: spkr-vi-record
05-12 00:28:41.545  1059  1166 W AudioTrack: AUDIO_OUTPUT_FLAG_FAST denied, rates do not match 44100 Hz, require 48000 Hz
05-12 00:28:41.554   560  2791 D audio_route: Apply path: speaker-protected
05-12 00:28:41.555  1219  3127 D SIP     : [SipPreferences] isReceivingCallsEnabled, option not set; use default value, exception: android.provider.Settings$SettingNotFoundException: sip_receive_calls
05-12 00:28:41.556   560  2791 D audio_hw_primary: enable_snd_device: snd_device(95: vi-feedback)
05-12 00:28:41.556   560  2791 D audio_route: Apply path: vi-feedback
05-12 00:28:41.556   560  2791 D audio_hw_primary: enable_audio_route: usecase(24) apply and update mixer path: spkr-vi-record
05-12 00:28:41.556   560  2791 D audio_route: Apply path: spkr-vi-record
05-12 00:28:41.566  1059  1059 D StatusBar: disable<e i a s b h!r!c s q >
05-12 00:28:41.583   560  2791 D audio_hw_primary: enable_audio_route: usecase(1) apply and update mixer path: low-latency-playback
05-12 00:28:41.583   560  2791 D audio_route: Apply path: low-latency-playback
05-12 00:28:41.586  2837  3139 I chatty  : uid=2000(shell) app_process expire 1 line
05-12 00:28:41.619   560  2791 E msm8974_platform: ramp_speaker_gain: Could not get ctl for mixer cmd - Left Speaker Gain or Right Speaker Gain, not applying speaker gain ramp
05-12 00:28:41.620   560  2791 D audio_hw_primary: out_write: retry previous failed cal level set
05-12 00:28:41.826  3104  3104 D ExtensionsFactory: No custom extensions.
05-12 00:28:41.846  3104  3104 D AlertReceiver: onReceive: a=android.intent.action.BOOT_COMPLETED Intent { act=android.intent.action.BOOT_COMPLETED flg=0x9000010 cmp=com.android.calendar/.alerts.AlertReceiver (has extras) }
05-12 00:28:41.867   815  1972 I ActivityManager: Start proc 3237:com.android.cellbroadcastreceiver/u0a8 for broadcast com.android.cellbroadcastreceiver/.CellBroadcastReceiver
05-12 00:28:41.877  3104  3235 D AlertService: 0 Action = android.intent.action.BOOT_COMPLETED
05-12 00:28:41.891  3104  3235 D AlertService: Scheduling next alarm with AlarmScheduler. sEventReminderReceived: null
05-12 00:28:41.924   815  1074 I ActivityManager: Start proc 3252:com.android.providers.calendar/u0a3 for content provider com.android.providers.calendar/.CalendarProvider2
05-12 00:28:41.943  3252  3259 E zygote64: Failed sending reply to debugger: Broken pipe
05-12 00:28:41.943  3252  3259 I zygote64: Debugger is no longer active
05-12 00:28:41.968  3252  3252 I zygote64: The ClassLoaderContext is a special shared library.
05-12 00:28:41.970  3180  3180 I chatty  : uid=2000(shell) app_process expire 5 lines
05-12 00:28:41.975  3252  3252 I zygote64: The ClassLoaderContext is a special shared library.
05-12 00:28:41.985  3237  3237 D CellBroadcastReceiver: onReceive Intent { act=android.intent.action.BOOT_COMPLETED flg=0x9000010 cmp=com.android.cellbroadcastreceiver/.CellBroadcastReceiver (has extras) }
05-12 00:28:41.987  3237  3237 D CellBroadcastReceiver: Start Cell Broadcast configuration.
05-12 00:28:41.998  3237  3237 D CellBroadcastReceiver: Default interval 0 did not change.
05-12 00:28:42.012   815   831 I ActivityManager: Start proc 3270:com.android.contacts/u0a7 for broadcast com.android.contacts/.interactions.OnBootOrUpgradeReceiver
05-12 00:28:42.041  1219  1233 D IccSmsInterfaceManager: [IccSmsInterfaceManager] Calling setCdmaBroadcastConfig with 1 configurations
05-12 00:28:42.047  1219  1233 D IccSmsInterfaceManager: [IccSmsInterfaceManager] Failed to add cdma broadcast subscription for MID range 4096 to 4096 from client com.android.cellbroadcastreceiver
05-12 00:28:42.052  1219  1237 D IccSmsInterfaceManager: [IccSmsInterfaceManager] Calling setCdmaBroadcastConfig with 1 configurations
05-12 00:28:42.056  1219  1237 D IccSmsInterfaceManager: [IccSmsInterfaceManager] Failed to add cdma broadcast subscription for MID range 4097 to 4097 from client com.android.cellbroadcastreceiver
05-12 00:28:42.061  1219  1386 D IccSmsInterfaceManager: [IccSmsInterfaceManager] Calling setCdmaBroadcastConfig with 1 configurations
05-12 00:28:42.066  1219  1386 D IccSmsInterfaceManager: [IccSmsInterfaceManager] Failed to add cdma broadcast subscription for MID range 4098 to 4098 from client com.android.cellbroadcastreceiver
05-12 00:28:42.068   581   581 W Atfwd_Sendcmd: AtCmdFwd service not published, waiting... retryCnt : 1
05-12 00:28:42.069  1219  1821 D IccSmsInterfaceManager: [IccSmsInterfaceManager] Calling setCdmaBroadcastConfig with 1 configurations
05-12 00:28:42.073  1219  1821 D IccSmsInterfaceManager: [IccSmsInterfaceManager] Failed to add cdma broadcast subscription for MID range 4099 to 4099 from client com.android.cellbroadcastreceiver
05-12 00:28:42.082  1219  1233 D IccSmsInterfaceManager: [IccSmsInterfaceManager] Failed to remove cdma broadcast subscription for MID range 4100 to 4100 from client com.android.cellbroadcastreceiver
05-12 00:28:42.085  1219  1237 D IccSmsInterfaceManager: [IccSmsInterfaceManager] Calling setGsmBroadcastConfig with 1 configurations
05-12 00:28:42.089  1219  1237 D IccSmsInterfaceManager: [IccSmsInterfaceManager] Failed to add GSM cell broadcast subscription for MID range 4352 to 4354 from client com.android.cellbroadcastreceiver
05-12 00:28:42.092  1219  1386 D IccSmsInterfaceManager: [IccSmsInterfaceManager] Calling setGsmBroadcastConfig with 1 configurations
05-12 00:28:42.096  1219  1386 D IccSmsInterfaceManager: [IccSmsInterfaceManager] Failed to add GSM cell broadcast subscription for MID range 4356 to 4356 from client com.android.cellbroadcastreceiver
05-12 00:28:42.099  1219  1821 D IccSmsInterfaceManager: [IccSmsInterfaceManager] Failed to remove GSM cell broadcast subscription for MID range 4355 to 4355 from client com.android.cellbroadcastreceiver
05-12 00:28:42.102  1219  1233 D IccSmsInterfaceManager: [IccSmsInterfaceManager] Calling setGsmBroadcastConfig with 1 configurations
05-12 00:28:42.106  1219  1233 D IccSmsInterfaceManager: [IccSmsInterfaceManager] Failed to add GSM cell broadcast subscription for MID range 4370 to 4370 from client com.android.cellbroadcastreceiver
05-12 00:28:42.111  1219  1237 D IccSmsInterfaceManager: [IccSmsInterfaceManager] Calling setGsmBroadcastConfig with 1 configurations
05-12 00:28:42.116  1219  1237 D IccSmsInterfaceManager: [IccSmsInterfaceManager] Failed to add GSM cell broadcast subscription for MID range 4371 to 4372 from client com.android.cellbroadcastreceiver
05-12 00:28:42.122  3180  3306 I chatty  : uid=2000(shell) app_process expire 1 line
05-12 00:28:42.122  1219  1386 D IccSmsInterfaceManager: [IccSmsInterfaceManager] Calling setGsmBroadcastConfig with 1 configurations
05-12 00:28:42.127  1219  1386 D IccSmsInterfaceManager: [IccSmsInterfaceManager] Failed to add GSM cell broadcast subscription for MID range 4373 to 4378 from client com.android.cellbroadcastreceiver
05-12 00:28:42.130  1219  1821 D IccSmsInterfaceManager: [IccSmsInterfaceManager] Calling setGsmBroadcastConfig with 1 configurations
05-12 00:28:42.134  1219  1821 D IccSmsInterfaceManager: [IccSmsInterfaceManager] Failed to add GSM cell broadcast subscription for MID range 4379 to 4379 from client com.android.cellbroadcastreceiver
05-12 00:28:42.137  1219  1233 D IccSmsInterfaceManager: [IccSmsInterfaceManager] Failed to remove GSM cell broadcast subscription for MID range 4380 to 4382 from client com.android.cellbroadcastreceiver
05-12 00:28:42.140  1219  1237 D IccSmsInterfaceManager: [IccSmsInterfaceManager] Calling setGsmBroadcastConfig with 1 configurations
05-12 00:28:42.145  1219  1237 D IccSmsInterfaceManager: [IccSmsInterfaceManager] Failed to add GSM cell broadcast subscription for MID range 4383 to 4383 from client com.android.cellbroadcastreceiver
05-12 00:28:42.148  1219  1386 D IccSmsInterfaceManager: [IccSmsInterfaceManager] Calling setGsmBroadcastConfig with 1 configurations
05-12 00:28:42.152  1219  1386 D IccSmsInterfaceManager: [IccSmsInterfaceManager] Failed to add GSM cell broadcast subscription for MID range 4384 to 4385 from client com.android.cellbroadcastreceiver
05-12 00:28:42.156  1219  1821 D IccSmsInterfaceManager: [IccSmsInterfaceManager] Calling setGsmBroadcastConfig with 1 configurations
05-12 00:28:42.160  1219  1821 D IccSmsInterfaceManager: [IccSmsInterfaceManager] Failed to add GSM cell broadcast subscription for MID range 4386 to 4391 from client com.android.cellbroadcastreceiver
05-12 00:28:42.162  1219  1233 D IccSmsInterfaceManager: [IccSmsInterfaceManager] Calling setGsmBroadcastConfig with 1 configurations
05-12 00:28:42.165  3252  3252 I CalendarProvider2: Created com.android.providers.calendar.CalendarAlarmManager@67d44b2(com.android.providers.calendar.CalendarProvider2@1f0ac03)
05-12 00:28:42.167  1219  1233 D IccSmsInterfaceManager: [IccSmsInterfaceManager] Failed to add GSM cell broadcast subscription for MID range 4392 to 4392 from client com.android.cellbroadcastreceiver
05-12 00:28:42.172  1219  1237 D IccSmsInterfaceManager: [IccSmsInterfaceManager] Failed to remove GSM cell broadcast subscription for MID range 4393 to 4395 from client com.android.cellbroadcastreceiver
05-12 00:28:42.176   560   770 D audio_hw_primary: disable_audio_route: usecase(1) reset and update mixer path: low-latency-playback
05-12 00:28:42.188   560   770 D audio_hw_primary: disable_snd_device: snd_device(95: vi-feedback)
05-12 00:28:42.188   560   770 D audio_hw_primary: disable_audio_route: usecase(24) reset and update mixer path: spkr-vi-record
05-12 00:28:42.235  1904  1904 I AlarmClock: AlarmInitReceiver android.intent.action.BOOT_COMPLETED
05-12 00:28:42.236  1938  2149 E NxpTml  : _i2c_write() errno : 5
05-12 00:28:42.236  1938  2149 E NxpTml  : PN54X - Error in I2C Write.....
05-12 00:28:42.236  1938  2155 E NxpHal  : write error status = 0x1ff
05-12 00:28:42.237  1938  2130 E NxpHal  : write_unlocked failed - PN54X Maybe in Standby Mode - Retry
05-12 00:28:42.257  1904  2117 I AlarmClock: Fixing alarm instances
05-12 00:28:42.258  1938  2125 D NfcService: NCI_Version: 16
05-12 00:28:42.258  1938  2125 D NdefPushServer: start, thread = null
05-12 00:28:42.258  1938  2125 D NdefPushServer: starting new server thread
05-12 00:28:42.259  1938  3334 D NdefPushServer: about create LLCP service socket
05-12 00:28:42.260  1938  3334 D NdefPushServer: created LLCP service socket
05-12 00:28:42.260  1938  3334 D NdefPushServer: about to accept
05-12 00:28:42.266  1938  2125 W SoundPool: Use of stream types is deprecated for operations other than volume control
05-12 00:28:42.266  1938  2125 W SoundPool: See the documentation of SoundPool() for what to use instead with android.media.AudioAttributes to qualify your playback use case
05-12 00:28:42.267  1938  3337 V NuMediaExtractor: setDataSource fd=39 (/system/app/NfcNci/NfcNci.apk), offset=77300, length=7437
05-12 00:28:42.268  1938  2130 E BrcmNfcJni: nfaDeviceManagementCallback: NFA_DM_GET_CONFIG failed
05-12 00:28:42.268  1938  2125 E BrcmNfcJni: enableDisableLptd: Config TLV length 0 returned is too short
05-12 00:28:42.271  1904  2117 V AlarmClock: AlarmInitReceiver finished
05-12 00:28:42.273  1938  3337 V NuMediaExtractor: track of type 'audio/vorbis' does not publish bitrate
05-12 00:28:42.280   573   573 I OMXMaster: makeComponentInstance(OMX.google.vorbis.decoder) in android.hardwar process
05-12 00:28:42.280  2465  2465 I Dialer  : VoicemailModule.provideVoicemailClient - providing VoicemailClientImpl
05-12 00:28:42.282  2465  2465 I Dialer  : VvmOmtpService - onBoot
05-12 00:28:42.282   573   678 E OMXNodeInstance: getConfig(0xed98c720:google.vorbis.decoder, ConfigAndroidVendorExtension(0x6f100004)) ERROR: Undefined(0x80001001)
05-12 00:28:42.294  3104  3235 D AlarmScheduler: No events found starting within 1 week.
05-12 00:28:42.309   815   832 I ActivityManager: Start proc 3343:com.android.email/u0a47 for broadcast com.android.email/.service.EmailBroadcastReceiver
05-12 00:28:42.320  1938  3351 D NfcService: Discovery configuration equal, not updating.
05-12 00:28:42.362  2138  2417 V MediaProvider: pruneThumbnails 
05-12 00:28:42.373  1938  3337 V NuMediaExtractor: setDataSource fd=41 (/system/app/NfcNci/NfcNci.apk), offset=64364, length=6641
05-12 00:28:42.378  1938  3337 V NuMediaExtractor: track of type 'audio/vorbis' does not publish bitrate
05-12 00:28:42.381   573   678 I OMXMaster: makeComponentInstance(OMX.google.vorbis.decoder) in android.hardwar process
05-12 00:28:42.383   573   678 E OMXNodeInstance: getConfig(0xed98c660:google.vorbis.decoder, ConfigAndroidVendorExtension(0x6f100004)) ERROR: Undefined(0x80001001)
05-12 00:28:42.397  2138  2417 V MediaProvider: /pruneDeadThumbnailFiles... 
05-12 00:28:42.435  1938  3337 V NuMediaExtractor: setDataSource fd=42 (/system/app/NfcNci/NfcNci.apk), offset=71060, length=6185
05-12 00:28:42.442  3316  3316 I chatty  : uid=2000(shell) app_process expire 5 lines
05-12 00:28:42.442  1938  3337 V NuMediaExtractor: track of type 'audio/vorbis' does not publish bitrate
05-12 00:28:42.445   573   573 I OMXMaster: makeComponentInstance(OMX.google.vorbis.decoder) in android.hardwar process
05-12 00:28:42.450   573  1094 E OMXNodeInstance: getConfig(0xed98c660:google.vorbis.decoder, ConfigAndroidVendorExtension(0x6f100004)) ERROR: Undefined(0x80001001)
05-12 00:28:42.468   815  1968 W ActivityManager: Unable to start service Intent { act=com.android.email.EXCHANGE_INTENT pkg=com.android.exchange } U=0: not found
05-12 00:28:42.513  3343  3369 D ActivityThread: Loading provider com.android.email.provider;com.android.email.notifier: com.android.email.provider.EmailProvider
05-12 00:28:42.515   815  1972 W ActivityManager: Unable to start service Intent { act=com.android.email.EXCHANGE_INTENT pkg=com.android.exchange } U=0: not found
05-12 00:28:42.558  1045  1045 I SystemBroadcastReceiver: Boot has been completed
05-12 00:28:42.558  1045  1045 I SystemBroadcastReceiver: toggleAppIcon() : FLAG_SYSTEM = true
05-12 00:28:42.587   815  1968 I ActivityManager: Start proc 3383:com.android.managedprovisioning/u0a16 for broadcast com.android.managedprovisioning/.preprovisioning.BootReminder
05-12 00:28:42.619  3316  3399 I chatty  : uid=2000(shell) app_process expire 1 line
05-12 00:28:42.695   815  1200 I ActivityManager: Start proc 3409:com.android.messaging/u0a62 for broadcast com.android.messaging/.receiver.BootAndPackageReplacedReceiver
05-12 00:28:42.702   815   832 W ActivityManager: Unable to start service Intent { cmp=com.android.email/.service.AttachmentService } U=0: not found
05-12 00:28:42.706   815  1966 W ActivityManager: Unable to start service Intent { cmp=com.android.email/.service.AttachmentService } U=0: not found
05-12 00:28:42.717   815  1337 W ActivityManager: Unable to start service Intent { act=com.android.email.EXCHANGE_INTENT pkg=com.android.exchange } U=0: not found
05-12 00:28:42.743  3343  3377 W zygote64: Long monitor contention with owner AsyncTask #2 (3370) at long android.database.sqlite.SQLiteConnection.nativeOpen(java.lang.String, int, java.lang.String, boolean, boolean, int, int)(SQLiteConnection.java:-2) waiters=0 in void com.android.email.provider.AccountReconciler.reconcileAccounts(android.content.Context) for 170ms
05-12 00:28:42.772   815   832 W ActivityManager: Unable to start service Intent { act=com.android.email.EXCHANGE_INTENT pkg=com.android.exchange } U=0: not found
05-12 00:28:42.776   815  1972 W ActivityManager: Unable to start service Intent { act=com.android.email.EXCHANGE_INTENT pkg=com.android.exchange } U=0: not found
05-12 00:28:42.782  3343  3343 E ActivityThread: Service com.android.email.service.EmailBroadcastProcessorService has leaked ServiceConnection com.android.emailcommon.service.ServiceProxy$ProxyConnection@5363b29 that was originally bound here
05-12 00:28:42.782  3343  3343 E ActivityThread: android.app.ServiceConnectionLeaked: Service com.android.email.service.EmailBroadcastProcessorService has leaked ServiceConnection com.android.emailcommon.service.ServiceProxy$ProxyConnection@5363b29 that was originally bound here
05-12 00:28:42.782  3343  3343 E ActivityThread: 	at android.app.LoadedApk$ServiceDispatcher.<init>(LoadedApk.java:1532)
05-12 00:28:42.782  3343  3343 E ActivityThread: 	at android.app.LoadedApk.getServiceDispatcher(LoadedApk.java:1424)
05-12 00:28:42.782  3343  3343 E ActivityThread: 	at android.app.ContextImpl.bindServiceCommon(ContextImpl.java:1605)
05-12 00:28:42.782  3343  3343 E ActivityThread: 	at android.app.ContextImpl.bindService(ContextImpl.java:1557)
05-12 00:28:42.782  3343  3343 E ActivityThread: 	at android.content.ContextWrapper.bindService(ContextWrapper.java:684)
05-12 00:28:42.782  3343  3343 E ActivityThread: 	at com.android.emailcommon.service.ServiceProxy.setTask(ServiceProxy.java:181)
05-12 00:28:42.782  3343  3343 E ActivityThread: 	at com.android.emailcommon.service.ServiceProxy.test(ServiceProxy.java:224)
05-12 00:28:42.782  3343  3343 E ActivityThread: 	at com.android.email.service.EmailServiceUtils.isServiceAvailable(EmailServiceUtils.java:160)
05-12 00:28:42.782  3343  3343 E ActivityThread: 	at com.android.email.provider.AccountReconciler.reconcileAccountsInternal(AccountReconciler.java:171)
05-12 00:28:42.782  3343  3343 E ActivityThread: 	at com.android.email.provider.AccountReconciler.reconcileAccounts(AccountReconciler.java:115)
05-12 00:28:42.782  3343  3343 E ActivityThread: 	at com.android.email.service.EmailBroadcastProcessorService.reconcileAndStartServices(EmailBroadcastProcessorService.java:305)
05-12 00:28:42.782  3343  3343 E ActivityThread: 	at com.android.email.service.EmailBroadcastProcessorService.onBootCompleted(EmailBroadcastProcessorService.java:295)
05-12 00:28:42.782  3343  3343 E ActivityThread: 	at com.android.email.service.EmailBroadcastProcessorService.onHandleIntent(EmailBroadcastProcessorService.java:130)
05-12 00:28:42.782  3343  3343 E ActivityThread: 	at android.app.IntentService$ServiceHandler.handleMessage(IntentService.java:76)
05-12 00:28:42.782  3343  3343 E ActivityThread: 	at android.os.Handler.dispatchMessage(Handler.java:106)
05-12 00:28:42.782  3343  3343 E ActivityThread: 	at android.os.Looper.loop(Looper.java:164)
05-12 00:28:42.782  3343  3343 E ActivityThread: 	at android.os.HandlerThread.run(HandlerThread.java:65)
05-12 00:28:42.782   815  1105 W ActivityManager: Unbind failed: could not find connection for android.os.BinderProxy@1ca5d1f
05-12 00:28:42.784  3343  3436 I Email   : Observing account changes for notifications
05-12 00:28:42.792   815  1968 W ActivityManager: Unable to start service Intent { act=com.android.email.EXCHANGE_INTENT pkg=com.android.exchange } U=0: not found
05-12 00:28:42.852  3409  3409 W MessagingApp: PhoneUtils.getForLMR1(): invalid subId = -1
05-12 00:28:42.884  3409  3453 W MessagingApp: PhoneUtils.getForLMR1(): invalid subId = -1
05-12 00:28:42.887   815  1972 I ActivityManager: Start proc 3457:com.android.onetimeinitializer/u0a17 for broadcast com.android.onetimeinitializer/.OneTimeInitializerReceiver
05-12 00:28:42.896  3409  3454 I MessagingAppDataModel: Fixup: Send failed - 0 Download failed - 0
05-12 00:28:42.900  3409  3456 W MessagingApp: PhoneUtils.getForLMR1(): invalid subId = -1
05-12 00:28:42.915  3409  3454 W MessagingApp: PhoneUtils.getForLMR1(): invalid subId = -1
05-12 00:28:42.916  3409  3455 W MessagingApp: PhoneUtils.getForLMR1(): invalid subId = -1
05-12 00:28:42.955  3409  3456 W MessagingApp: PhoneUtils.getForLMR1(): invalid subId = -1
05-12 00:28:42.956  3408  3408 I chatty  : uid=2000(shell) app_process expire 5 lines
05-12 00:28:42.957  3409  3456 W MessagingApp: PhoneUtils.getForLMR1(): invalid subId = -1
05-12 00:28:42.973  3409  3456 W MessagingApp: PhoneUtils.getSelfRawNumber: subInfo is null for -1
05-12 00:28:42.975  3409  3456 W MessagingApp: PhoneUtils.getForLMR1(): invalid subId = -1
05-12 00:28:43.029  3409  3454 W MessagingApp: PhoneUtils.getForLMR1(): invalid subId = -1
05-12 00:28:43.034  3457  3457 V OneTimeInitializerReceiver: OneTimeInitializerReceiver.onReceive
05-12 00:28:43.041  3409  3473 I MessagingAppDataModel: SyncMessagesAction: Starting batch for messages from 11319477787 to 11320122847 (message update limit = 80, message scan limit = 4000)
05-12 00:28:43.081   815   832 I ActivityManager: Start proc 3482:com.android.packageinstaller/u0a21 for broadcast com.android.packageinstaller/.TemporaryFileManager
05-12 00:28:43.104  3408  3491 I chatty  : uid=2000(shell) app_process expire 1 line
05-12 00:28:43.108  3482  3489 E zygote64: Failed sending reply to debugger: Broken pipe
05-12 00:28:43.108  3482  3489 I zygote64: Debugger is no longer active
05-12 00:28:43.179  3409  3501 I MessagingAppDataModel: SyncMessagesAction: All messages now in sync
05-12 00:28:43.242  1219  1219 I VvmSimStateTracker: android.intent.action.BOOT_COMPLETED
05-12 00:28:43.320  2017  2017 D yanbing_Launcher: intent=android.intent.action.MAIN getClass=class android.content.Intent
05-12 00:28:43.320  2017  2017 D yanbing_Activity: options!=null
05-12 00:28:43.322   815  1105 I ActivityManager: START u0 {act=android.intent.action.MAIN cat=[android.intent.category.LAUNCHER] flg=0x10200000 cmp=com.yanbing.hello_jni/.MainActivity bnds=[641,478][843,756]} from uid 10015
05-12 00:28:43.324   560  2791 D audio_route: Apply path: speaker-protected
05-12 00:28:43.326   560  2791 D audio_hw_primary: enable_snd_device: snd_device(95: vi-feedback)
05-12 00:28:43.326   560  2791 D audio_route: Apply path: vi-feedback
05-12 00:28:43.326   560  2791 D audio_hw_primary: enable_audio_route: usecase(24) apply and update mixer path: spkr-vi-record
05-12 00:28:43.326   560  2791 D audio_route: Apply path: spkr-vi-record
05-12 00:28:43.336   815   961 I chatty  : uid=1000(system) android.anim expire 11 lines
05-12 00:28:43.350   815  1968 I ActivityManager: Start proc 3509:com.yanbing.hello_jni/u0a48 for activity com.yanbing.hello_jni/.MainActivity
05-12 00:28:43.355   560  2791 D audio_hw_primary: enable_audio_route: usecase(1) apply and update mixer path: low-latency-playback
05-12 00:28:43.355   560  2791 D audio_route: Apply path: low-latency-playback
05-12 00:28:43.383  1805  1805 D ImsService AutoBoot: org.codeaurora.ims.ImsService is already running. android.intent.action.BOOT_COMPLETED ignored. 
05-12 00:28:43.384   815  1972 I ActivityManager: Finished processing BOOT_COMPLETED for u0
05-12 00:28:43.386  1219  1219 I VvmSimStateTracker: android.intent.action.SIM_STATE_CHANGED
05-12 00:28:43.391   560  2791 E msm8974_platform: ramp_speaker_gain: Could not get ctl for mixer cmd - Left Speaker Gain or Right Speaker Gain, not applying speaker gain ramp
05-12 00:28:43.391   560  2791 D audio_hw_primary: out_write: retry previous failed cal level set
05-12 00:28:43.409  1805  1805 D ImsService AutoBoot: org.codeaurora.ims.ImsService is already running. android.intent.action.SIM_STATE_CHANGED ignored. 
05-12 00:28:43.410  3500  3500 I chatty  : uid=2000(shell) app_process expire 5 lines
05-12 00:28:43.421   815  1337 I ActivityManager: Start proc 3525:com.android.quicksearchbox/u0a58 for broadcast com.android.quicksearchbox/.SearchWidgetProvider
05-12 00:28:43.427  3509  3509 D AndroidRuntime: Shutting down VM
05-12 00:28:43.428  3509  3509 E AndroidRuntime: FATAL EXCEPTION: main
05-12 00:28:43.428  3509  3509 E AndroidRuntime: Process: com.yanbing.hello_jni, PID: 3509
05-12 00:28:43.428  3509  3509 E AndroidRuntime: java.lang.UnsatisfiedLinkError: dalvik.system.PathClassLoader[DexPathList[[zip file "/system/app/Hello_JNI/Hello_JNI.apk"],nativeLibraryDirectories=[/system/app/Hello_JNI/lib/arm64, /system/lib64, /vendor/lib64, /system/lib64, /vendor/lib64]]] couldn't find "libhello-jni.so"
05-12 00:28:43.428  3509  3509 E AndroidRuntime: 	at java.lang.Runtime.loadLibrary0(Runtime.java:1011)
05-12 00:28:43.428  3509  3509 E AndroidRuntime: 	at java.lang.System.loadLibrary(System.java:1657)
05-12 00:28:43.428  3509  3509 E AndroidRuntime: 	at com.yanbing.hello_jni.MainActivity.<clinit>(MainActivity.java:12)
05-12 00:28:43.428  3509  3509 E AndroidRuntime: 	at java.lang.Class.newInstance(Native Method)
05-12 00:28:43.428  3509  3509 E AndroidRuntime: 	at android.app.Instrumentation.newActivity(Instrumentation.java:1177)
05-12 00:28:43.428  3509  3509 E AndroidRuntime: 	at android.app.ActivityThread.performLaunchActivity(ActivityThread.java:2669)
05-12 00:28:43.428  3509  3509 E AndroidRuntime: 	at android.app.ActivityThread.handleLaunchActivity(ActivityThread.java:2863)
05-12 00:28:43.428  3509  3509 E AndroidRuntime: 	at android.app.ActivityThread.-wrap11(Unknown Source:0)
05-12 00:28:43.428  3509  3509 E AndroidRuntime: 	at android.app.ActivityThread$H.handleMessage(ActivityThread.java:1589)
05-12 00:28:43.428  3509  3509 E AndroidRuntime: 	at android.os.Handler.dispatchMessage(Handler.java:106)
05-12 00:28:43.428  3509  3509 E AndroidRuntime: 	at android.os.Looper.loop(Looper.java:164)
05-12 00:28:43.428  3509  3509 E AndroidRuntime: 	at android.app.ActivityThread.main(ActivityThread.java:6502)
05-12 00:28:43.428  3509  3509 E AndroidRuntime: 	at java.lang.reflect.Method.invoke(Native Method)
05-12 00:28:43.428  3509  3509 E AndroidRuntime: 	at com.android.internal.os.RuntimeInit$MethodAndArgsCaller.run(RuntimeInit.java:438)
05-12 00:28:43.428  3509  3509 E AndroidRuntime: 	at com.android.internal.os.ZygoteInit.main(ZygoteInit.java:807)
05-12 00:28:43.432   815  1969 W ActivityManager:   Force finishing activity com.yanbing.hello_jni/.MainActivity
05-12 00:28:43.442   815   836 I ActivityManager: Showing crash dialog for package com.yanbing.hello_jni u0
05-12 00:28:43.577  3500  3550 I chatty  : uid=2000(shell) app_process expire 1 line
05-12 00:28:43.896   560   770 D audio_hw_primary: disable_audio_route: usecase(1) reset and update mixer path: low-latency-playback
05-12 00:28:43.901  3558  3558 I chatty  : uid=2000(shell) app_process expire 5 lines
05-12 00:28:43.910   560   770 D audio_hw_primary: disable_snd_device: snd_device(95: vi-feedback)
05-12 00:28:43.911   560   770 D audio_hw_primary: disable_audio_route: usecase(24) reset and update mixer path: spkr-vi-record
05-12 00:28:43.934   815   835 W ActivityManager: Activity pause timeout for ActivityRecord{4bbaeed u0 com.yanbing.hello_jni/.MainActivity t3 f}
05-12 00:28:44.031  2138  3508 W MediaScanner: Error opening directory '/oem/media/', skipping: No such file or directory.
05-12 00:28:44.046  2138  3508 V MediaProvider: pruneThumbnails 
05-12 00:28:44.049  2138  3508 V MediaProvider: /pruneDeadThumbnailFiles... 
05-12 00:28:44.049  3558  3591 I chatty  : uid=2000(shell) app_process expire 1 line
05-12 00:28:44.232   815  1969 W ActivityManager:   Force finishing activity com.yanbing.hello_jni/.MainActivity
05-12 00:28:44.235   815  1969 I ActivityManager: Killing 3509:com.yanbing.hello_jni/u0a48 (adj 900): crash
05-12 00:28:44.239   815   837 I chatty  : uid=1000(system) ActivityManager expire 16 lines
05-12 00:28:44.286   815   836 I chatty  : uid=1000(system) android.ui expire 15 lines
05-12 00:28:44.353  3595  3595 I chatty  : uid=2000(shell) app_process expire 5 lines
05-12 00:28:44.437   815   961 W AppOps  : Finishing op nesting under-run: uid 1000 pkg android code 24 time=0 duration=0 nesting=0
05-12 00:28:44.762  2017  2017 D yanbing_Launcher: intent=android.intent.action.MAIN getClass=class android.content.Intent
05-12 00:28:44.763  2017  2017 D yanbing_Activity: options!=null
05-12 00:28:44.763   815   832 I ActivityManager: START u0 {act=android.intent.action.MAIN cat=[android.intent.category.LAUNCHER] flg=0x10200000 cmp=com.yanbing.hello_jni/.MainActivity bnds=[641,478][843,756]} from uid 10015
05-12 00:28:44.765   560  2791 D audio_route: Apply path: speaker-protected
05-12 00:28:44.768   560  2791 D audio_hw_primary: enable_snd_device: snd_device(95: vi-feedback)
05-12 00:28:44.769   560  2791 D audio_route: Apply path: vi-feedback
05-12 00:28:44.769   560  2791 D audio_hw_primary: enable_audio_route: usecase(24) apply and update mixer path: spkr-vi-record
05-12 00:28:44.769   560  2791 D audio_route: Apply path: spkr-vi-record
05-12 00:28:44.785   815  1074 I ActivityManager: Start proc 3641:com.yanbing.hello_jni/u0a48 for activity com.yanbing.hello_jni/.MainActivity
05-12 00:28:44.797   560  2791 D audio_hw_primary: enable_audio_route: usecase(1) apply and update mixer path: low-latency-playback
05-12 00:28:44.797   560  2791 D audio_route: Apply path: low-latency-playback
05-12 00:28:44.808  3641  3648 I zygote64: Debugger is no longer active
05-12 00:28:44.833   560  2791 E msm8974_platform: ramp_speaker_gain: Could not get ctl for mixer cmd - Left Speaker Gain or Right Speaker Gain, not applying speaker gain ramp
05-12 00:28:44.833   560  2791 D audio_hw_primary: out_write: retry previous failed cal level set
05-12 00:28:44.840  3641  3641 D AndroidRuntime: Shutting down VM
05-12 00:28:44.841  3641  3641 E AndroidRuntime: FATAL EXCEPTION: main
05-12 00:28:44.841  3641  3641 E AndroidRuntime: Process: com.yanbing.hello_jni, PID: 3641
05-12 00:28:44.841  3641  3641 E AndroidRuntime: java.lang.UnsatisfiedLinkError: dalvik.system.PathClassLoader[DexPathList[[zip file "/system/app/Hello_JNI/Hello_JNI.apk"],nativeLibraryDirectories=[/system/app/Hello_JNI/lib/arm64, /system/lib64, /vendor/lib64, /system/lib64, /vendor/lib64]]] couldn't find "libhello-jni.so"
05-12 00:28:44.841  3641  3641 E AndroidRuntime: 	at java.lang.Runtime.loadLibrary0(Runtime.java:1011)
05-12 00:28:44.841  3641  3641 E AndroidRuntime: 	at java.lang.System.loadLibrary(System.java:1657)
05-12 00:28:44.841  3641  3641 E AndroidRuntime: 	at com.yanbing.hello_jni.MainActivity.<clinit>(MainActivity.java:12)
05-12 00:28:44.841  3641  3641 E AndroidRuntime: 	at java.lang.Class.newInstance(Native Method)
05-12 00:28:44.841  3641  3641 E AndroidRuntime: 	at android.app.Instrumentation.newActivity(Instrumentation.java:1177)
05-12 00:28:44.841  3641  3641 E AndroidRuntime: 	at android.app.ActivityThread.performLaunchActivity(ActivityThread.java:2669)
05-12 00:28:44.841  3641  3641 E AndroidRuntime: 	at android.app.ActivityThread.handleLaunchActivity(ActivityThread.java:2863)
05-12 00:28:44.841  3641  3641 E AndroidRuntime: 	at android.app.ActivityThread.-wrap11(Unknown Source:0)
05-12 00:28:44.841  3641  3641 E AndroidRuntime: 	at android.app.ActivityThread$H.handleMessage(ActivityThread.java:1589)
05-12 00:28:44.841  3641  3641 E AndroidRuntime: 	at android.os.Handler.dispatchMessage(Handler.java:106)
05-12 00:28:44.841  3641  3641 E AndroidRuntime: 	at android.os.Looper.loop(Looper.java:164)
05-12 00:28:44.841  3641  3641 E AndroidRuntime: 	at android.app.ActivityThread.main(ActivityThread.java:6502)
05-12 00:28:44.841  3641  3641 E AndroidRuntime: 	at java.lang.reflect.Method.invoke(Native Method)
05-12 00:28:44.841  3641  3641 E AndroidRuntime: 	at com.android.internal.os.RuntimeInit$MethodAndArgsCaller.run(RuntimeInit.java:438)
05-12 00:28:44.841  3641  3641 E AndroidRuntime: 	at com.android.internal.os.ZygoteInit.main(ZygoteInit.java:807)
05-12 00:28:44.843   815  1966 W ActivityManager:   Force finishing activity com.yanbing.hello_jni/.MainActivity
05-12 00:28:44.848  3612  3612 I chatty  : uid=2000(shell) app_process expire 5 lines
05-12 00:28:44.848   815   836 I ActivityManager: Showing crash dialog for package com.yanbing.hello_jni u0
05-12 00:28:45.003  3612  3666 I chatty  : uid=2000(shell) app_process expire 1 line
05-12 00:28:45.310   815  1966 W ActivityManager:   Force finishing activity com.yanbing.hello_jni/.MainActivity
05-12 00:28:45.312  3670  3670 I chatty  : uid=2000(shell) app_process expire 5 lines
05-12 00:28:45.332   815  1966 I chatty  : uid=1000(system) Binder:815_8 expire 2 lines
05-12 00:28:45.338   560   770 D audio_hw_primary: disable_audio_route: usecase(1) reset and update mixer path: low-latency-playback
05-12 00:28:45.352   560   770 D audio_hw_primary: disable_snd_device: snd_device(95: vi-feedback)
05-12 00:28:45.353   560   770 D audio_hw_primary: disable_audio_route: usecase(24) reset and update mixer path: spkr-vi-record
05-12 00:28:45.372   815  1966 I ActivityManager: Killing 3641:com.yanbing.hello_jni/u0a48 (adj 199): crash
05-12 00:28:45.470  3670  3681 I chatty  : uid=2000(shell) app_process expire 1 line
05-12 00:28:45.515   815   961 W AppOps  : Finishing op nesting under-run: uid 1000 pkg android code 24 time=0 duration=0 nesting=0
05-12 00:28:45.816  3689  3689 I chatty  : uid=2000(shell) app_process expire 5 lines
05-12 00:28:45.826  2017  2017 D yanbing_Launcher: intent=android.intent.action.MAIN getClass=class android.content.Intent
05-12 00:28:45.827  2017  2017 D yanbing_Activity: options!=null
05-12 00:28:45.830   815   831 I ActivityManager: START u0 {act=android.intent.action.MAIN cat=[android.intent.category.LAUNCHER] flg=0x10200000 cmp=com.yanbing.hello_jni/.MainActivity bnds=[641,478][843,756]} from uid 10015
05-12 00:28:45.831   560  2791 D audio_route: Apply path: speaker-protected
05-12 00:28:45.834   560  2791 D audio_hw_primary: enable_snd_device: snd_device(95: vi-feedback)
05-12 00:28:45.834   560  2791 D audio_route: Apply path: vi-feedback
05-12 00:28:45.834   560  2791 D audio_hw_primary: enable_audio_route: usecase(24) apply and update mixer path: spkr-vi-record
05-12 00:28:45.834   560  2791 D audio_route: Apply path: spkr-vi-record
05-12 00:28:45.859   815  1105 I ActivityManager: Start proc 3718:com.yanbing.hello_jni/u0a48 for activity com.yanbing.hello_jni/.MainActivity
05-12 00:28:45.864   560  2791 D audio_hw_primary: enable_audio_route: usecase(1) apply and update mixer path: low-latency-playback
05-12 00:28:45.865   560  2791 D audio_route: Apply path: low-latency-playback
05-12 00:28:45.879  3718  3725 E zygote64: Failed writing handshake bytes (-1 of 14): Broken pipe
05-12 00:28:45.880  3718  3725 I zygote64: Debugger is no longer active
05-12 00:28:45.901   560  2791 E msm8974_platform: ramp_speaker_gain: Could not get ctl for mixer cmd - Left Speaker Gain or Right Speaker Gain, not applying speaker gain ramp
05-12 00:28:45.901   560  2791 D audio_hw_primary: out_write: retry previous failed cal level set
05-12 00:28:45.911  3718  3718 D AndroidRuntime: Shutting down VM
05-12 00:28:45.911  3718  3718 E AndroidRuntime: FATAL EXCEPTION: main
05-12 00:28:45.911  3718  3718 E AndroidRuntime: Process: com.yanbing.hello_jni, PID: 3718
05-12 00:28:45.911  3718  3718 E AndroidRuntime: java.lang.UnsatisfiedLinkError: dalvik.system.PathClassLoader[DexPathList[[zip file "/system/app/Hello_JNI/Hello_JNI.apk"],nativeLibraryDirectories=[/system/app/Hello_JNI/lib/arm64, /system/lib64, /vendor/lib64, /system/lib64, /vendor/lib64]]] couldn't find "libhello-jni.so"
05-12 00:28:45.911  3718  3718 E AndroidRuntime: 	at java.lang.Runtime.loadLibrary0(Runtime.java:1011)
05-12 00:28:45.911  3718  3718 E AndroidRuntime: 	at java.lang.System.loadLibrary(System.java:1657)
05-12 00:28:45.911  3718  3718 E AndroidRuntime: 	at com.yanbing.hello_jni.MainActivity.<clinit>(MainActivity.java:12)
05-12 00:28:45.911  3718  3718 E AndroidRuntime: 	at java.lang.Class.newInstance(Native Method)
05-12 00:28:45.911  3718  3718 E AndroidRuntime: 	at android.app.Instrumentation.newActivity(Instrumentation.java:1177)
05-12 00:28:45.911  3718  3718 E AndroidRuntime: 	at android.app.ActivityThread.performLaunchActivity(ActivityThread.java:2669)
05-12 00:28:45.911  3718  3718 E AndroidRuntime: 	at android.app.ActivityThread.handleLaunchActivity(ActivityThread.java:2863)
05-12 00:28:45.911  3718  3718 E AndroidRuntime: 	at android.app.ActivityThread.-wrap11(Unknown Source:0)
05-12 00:28:45.911  3718  3718 E AndroidRuntime: 	at android.app.ActivityThread$H.handleMessage(ActivityThread.java:1589)
05-12 00:28:45.911  3718  3718 E AndroidRuntime: 	at android.os.Handler.dispatchMessage(Handler.java:106)
05-12 00:28:45.911  3718  3718 E AndroidRuntime: 	at android.os.Looper.loop(Looper.java:164)
05-12 00:28:45.911  3718  3718 E AndroidRuntime: 	at android.app.ActivityThread.main(ActivityThread.java:6502)
05-12 00:28:45.911  3718  3718 E AndroidRuntime: 	at java.lang.reflect.Method.invoke(Native Method)
05-12 00:28:45.911  3718  3718 E AndroidRuntime: 	at com.android.internal.os.RuntimeInit$MethodAndArgsCaller.run(RuntimeInit.java:438)
05-12 00:28:45.911  3718  3718 E AndroidRuntime: 	at com.android.internal.os.ZygoteInit.main(ZygoteInit.java:807)
05-12 00:28:45.914   815   831 W ActivityManager:   Force finishing activity com.yanbing.hello_jni/.MainActivity
05-12 00:28:45.918   815   836 I ActivityManager: Showing crash dialog for package com.yanbing.hello_jni u0
05-12 00:28:45.975  3689  3741 I chatty  : uid=2000(shell) app_process expire 1 line
05-12 00:28:46.238   815   831 W ActivityManager:   Force finishing activity com.yanbing.hello_jni/.MainActivity
05-12 00:28:46.266   815   831 I chatty  : uid=1000(system) Binder:815_1 expire 1 line
05-12 00:28:46.278  3745  3745 I chatty  : uid=2000(shell) app_process expire 5 lines
05-12 00:28:46.312   815   831 I ActivityManager: Killing 3718:com.yanbing.hello_jni/u0a48 (adj 199): crash
05-12 00:28:46.404   560   770 D audio_hw_primary: disable_audio_route: usecase(1) reset and update mixer path: low-latency-playback
05-12 00:28:46.418   560   770 D audio_hw_primary: disable_snd_device: snd_device(95: vi-feedback)
05-12 00:28:46.418   560   770 D audio_hw_primary: disable_audio_route: usecase(24) reset and update mixer path: spkr-vi-record
05-12 00:28:46.432   815   961 W AppOps  : Finishing op nesting under-run: uid 1000 pkg android code 24 time=0 duration=0 nesting=0
05-12 00:28:46.436  3745  3754 I chatty  : uid=2000(shell) app_process expire 1 line
05-12 00:28:46.817  3762  3762 I chatty  : uid=2000(shell) app_process expire 5 lines
05-12 00:28:46.973  3762  3795 I chatty  : uid=2000(shell) app_process expire 1 line
05-12 00:28:47.068   581   581 I ServiceManager: Waiting for service AtCmdFwd...
05-12 00:28:47.306  3799  3799 I chatty  : uid=2000(shell) app_process expire 5 lines
05-12 00:28:47.470  3799  3806 I chatty  : uid=2000(shell) app_process expire 1 line
05-12 00:28:47.875  3814  3814 I chatty  : uid=2000(shell) app_process expire 5 lines
05-12 00:28:47.956   815  1026 E TaskPersister: File error accessing recents directory (directory doesn't exist?).
05-12 00:28:48.044  3814  3847 I chatty  : uid=2000(shell) app_process expire 1 line
05-12 00:28:48.069   581   581 I ServiceManager: Waiting for service AtCmdFwd...
05-12 00:28:48.450  3851  3851 I chatty  : uid=2000(shell) app_process expire 5 lines
05-12 00:28:48.623  3851  3859 I chatty  : uid=2000(shell) app_process expire 1 line
05-12 00:28:49.070   581   581 I ServiceManager: Waiting for service AtCmdFwd...
05-12 00:28:49.081  3867  3867 I chatty  : uid=2000(shell) app_process expire 5 lines
05-12 00:28:49.612  3904  3904 I chatty  : uid=2000(shell) app_process expire 5 lines
05-12 00:28:49.782  3904  3911 I chatty  : uid=2000(shell) app_process expire 1 line
05-12 00:28:50.071   581   581 I ServiceManager: Waiting for service AtCmdFwd...
05-12 00:28:50.241  3945  3945 I chatty  : uid=2000(shell) app_process expire 2 lines
05-12 00:28:50.405  3945  3945 D AndroidRuntime: Calling main entry com.android.commands.pm.Pm
05-12 00:28:50.431  3945  3945 I app_process: System.exit called, status: 0
05-12 00:28:50.431  3945  3945 I AndroidRuntime: VM exiting with result code 0.
05-12 00:28:50.438  3945  3952 W MessageQueue: Handler (android.os.Handler) {9540329} sending message to a Handler on a dead thread
05-12 00:28:50.438  3945  3952 W MessageQueue: java.lang.IllegalStateException: Handler (android.os.Handler) {9540329} sending message to a Handler on a dead thread
05-12 00:28:50.438  3945  3952 W MessageQueue: 	at android.os.MessageQueue.enqueueMessage(MessageQueue.java:545)
05-12 00:28:50.438  3945  3952 W MessageQueue: 	at android.os.Handler.enqueueMessage(Handler.java:662)
05-12 00:28:50.438  3945  3952 W MessageQueue: 	at android.os.Handler.sendMessageAtTime(Handler.java:631)
05-12 00:28:50.438  3945  3952 W MessageQueue: 	at android.os.Handler.sendMessageDelayed(Handler.java:601)
05-12 00:28:50.438  3945  3952 W MessageQueue: 	at android.os.Handler.post(Handler.java:357)
05-12 00:28:50.438  3945  3952 W MessageQueue: 	at android.os.ResultReceiver$MyResultReceiver.send(ResultReceiver.java:57)
05-12 00:28:50.438  3945  3952 W MessageQueue: 	at com.android.internal.os.IResultReceiver$Stub.onTransact(IResultReceiver.java:58)
05-12 00:28:50.438  3945  3952 W MessageQueue: 	at android.os.Binder.execTransact(Binder.java:697)
05-12 00:28:50.830  3956  3956 D AndroidRuntime: >>>>>> START com.android.internal.os.RuntimeInit uid 2000 <<<<<<
05-12 00:28:50.950  3956  3956 I app_process: The ClassLoaderContext is a special shared library.
05-12 00:28:50.991  3956  3956 D AndroidRuntime: Calling main entry com.android.commands.pm.Pm
05-12 00:28:51.012  3956  3956 I app_process: System.exit called, status: 0
05-12 00:28:51.012  3956  3956 I AndroidRuntime: VM exiting with result code 0.
05-12 00:28:51.033  3956  3990 W MessageQueue: Handler (android.os.Handler) {9540329} sending message to a Handler on a dead thread
05-12 00:28:51.033  3956  3990 W MessageQueue: java.lang.IllegalStateException: Handler (android.os.Handler) {9540329} sending message to a Handler on a dead thread
05-12 00:28:51.033  3956  3990 W MessageQueue: 	at android.os.MessageQueue.enqueueMessage(MessageQueue.java:545)
05-12 00:28:51.033  3956  3990 W MessageQueue: 	at android.os.Handler.enqueueMessage(Handler.java:662)
05-12 00:28:51.033  3956  3990 W MessageQueue: 	at android.os.Handler.sendMessageAtTime(Handler.java:631)
05-12 00:28:51.033  3956  3990 W MessageQueue: 	at android.os.Handler.sendMessageDelayed(Handler.java:601)
05-12 00:28:51.033  3956  3990 W MessageQueue: 	at android.os.Handler.post(Handler.java:357)
05-12 00:28:51.033  3956  3990 W MessageQueue: 	at android.os.ResultReceiver$MyResultReceiver.send(ResultReceiver.java:57)
05-12 00:28:51.033  3956  3990 W MessageQueue: 	at com.android.internal.os.IResultReceiver$Stub.onTransact(IResultReceiver.java:58)
05-12 00:28:51.033  3956  3990 W MessageQueue: 	at android.os.Binder.execTransact(Binder.java:697)
05-12 00:28:51.072   581   581 W Atfwd_Sendcmd: AtCmdFwd service not published, waiting... retryCnt : 2
05-12 00:28:51.484  3997  3997 D AndroidRuntime: >>>>>> START com.android.internal.os.RuntimeInit uid 2000 <<<<<<
05-12 00:28:51.606  3997  3997 I app_process: The ClassLoaderContext is a special shared library.
05-12 00:28:51.646  3997  3997 D AndroidRuntime: Calling main entry com.android.commands.pm.Pm
05-12 00:28:51.696  3997  3997 I app_process: System.exit called, status: 0
05-12 00:28:51.696  3997  4004 W MessageQueue: Handler (android.os.Handler) {bf69d92} sending message to a Handler on a dead thread
05-12 00:28:51.696  3997  4004 W MessageQueue: java.lang.IllegalStateException: Handler (android.os.Handler) {bf69d92} sending message to a Handler on a dead thread
05-12 00:28:51.696  3997  4004 W MessageQueue: 	at android.os.MessageQueue.enqueueMessage(MessageQueue.java:545)
05-12 00:28:51.696  3997  4004 W MessageQueue: 	at android.os.Handler.enqueueMessage(Handler.java:662)
05-12 00:28:51.696  3997  4004 W MessageQueue: 	at android.os.Handler.sendMessageAtTime(Handler.java:631)
05-12 00:28:51.696  3997  4004 W MessageQueue: 	at android.os.Handler.sendMessageDelayed(Handler.java:601)
05-12 00:28:51.696  3997  4004 W MessageQueue: 	at android.os.Handler.post(Handler.java:357)
05-12 00:28:51.696  3997  4004 W MessageQueue: 	at android.os.ResultReceiver$MyResultReceiver.send(ResultReceiver.java:57)
05-12 00:28:51.696  3997  4004 W MessageQueue: 	at com.android.internal.os.IResultReceiver$Stub.onTransact(IResultReceiver.java:58)
05-12 00:28:51.696  3997  4004 W MessageQueue: 	at android.os.Binder.execTransact(Binder.java:697)
05-12 00:28:51.696  3997  3997 I AndroidRuntime: VM exiting with result code 0.
05-12 00:28:52.091  4008  4008 D AndroidRuntime: >>>>>> START com.android.internal.os.RuntimeInit uid 2000 <<<<<<
05-12 00:28:52.219  4008  4008 I app_process: The ClassLoaderContext is a special shared library.
05-12 00:28:52.265  4008  4008 D AndroidRuntime: Calling main entry com.android.commands.pm.Pm
05-12 00:28:52.288  4008  4008 I app_process: System.exit called, status: 0
05-12 00:28:52.288  4008  4008 I AndroidRuntime: VM exiting with result code 0.
05-12 00:28:52.291  4008  4042 W MessageQueue: Handler (android.os.Handler) {e9937fb} sending message to a Handler on a dead thread
05-12 00:28:52.291  4008  4042 W MessageQueue: java.lang.IllegalStateException: Handler (android.os.Handler) {e9937fb} sending message to a Handler on a dead thread
05-12 00:28:52.291  4008  4042 W MessageQueue: 	at android.os.MessageQueue.enqueueMessage(MessageQueue.java:545)
05-12 00:28:52.291  4008  4042 W MessageQueue: 	at android.os.Handler.enqueueMessage(Handler.java:662)
05-12 00:28:52.291  4008  4042 W MessageQueue: 	at android.os.Handler.sendMessageAtTime(Handler.java:631)
05-12 00:28:52.291  4008  4042 W MessageQueue: 	at android.os.Handler.sendMessageDelayed(Handler.java:601)
05-12 00:28:52.291  4008  4042 W MessageQueue: 	at android.os.Handler.post(Handler.java:357)
05-12 00:28:52.291  4008  4042 W MessageQueue: 	at android.os.ResultReceiver$MyResultReceiver.send(ResultReceiver.java:57)
05-12 00:28:52.291  4008  4042 W MessageQueue: 	at com.android.internal.os.IResultReceiver$Stub.onTransact(IResultReceiver.java:58)
05-12 00:28:52.291  4008  4042 W MessageQueue: 	at android.os.Binder.execTransact(Binder.java:697)
05-12 00:28:52.733  4049  4049 D AndroidRuntime: >>>>>> START com.android.internal.os.RuntimeInit uid 2000 <<<<<<
05-12 00:28:52.848  4049  4049 I app_process: The ClassLoaderContext is a special shared library.
05-12 00:28:52.890  4049  4049 D AndroidRuntime: Calling main entry com.android.commands.pm.Pm
05-12 00:28:52.921  4049  4049 I app_process: System.exit called, status: 0
05-12 00:28:52.921  4049  4049 I AndroidRuntime: VM exiting with result code 0.
05-12 00:28:52.923  4049  4070 W MessageQueue: Handler (android.os.Handler) {e9937fb} sending message to a Handler on a dead thread
05-12 00:28:52.923  4049  4070 W MessageQueue: java.lang.IllegalStateException: Handler (android.os.Handler) {e9937fb} sending message to a Handler on a dead thread
05-12 00:28:52.923  4049  4070 W MessageQueue: 	at android.os.MessageQueue.enqueueMessage(MessageQueue.java:545)
05-12 00:28:52.923  4049  4070 W MessageQueue: 	at android.os.Handler.enqueueMessage(Handler.java:662)
05-12 00:28:52.923  4049  4070 W MessageQueue: 	at android.os.Handler.sendMessageAtTime(Handler.java:631)
05-12 00:28:52.923  4049  4070 W MessageQueue: 	at android.os.Handler.sendMessageDelayed(Handler.java:601)
05-12 00:28:52.923  4049  4070 W MessageQueue: 	at android.os.Handler.post(Handler.java:357)
05-12 00:28:52.923  4049  4070 W MessageQueue: 	at android.os.ResultReceiver$MyResultReceiver.send(ResultReceiver.java:57)
